Component: ARM Compiler 5.06 update 6 (build 750) Tool: armlink [4d35ed]

==============================================================================

Section Cross References

    startup_stm32f10x_hd.o(RESET) refers to startup_stm32f10x_hd.o(STACK) for __initial_sp
    startup_stm32f10x_hd.o(RESET) refers to startup_stm32f10x_hd.o(.text) for Reset_Handler
    startup_stm32f10x_hd.o(RESET) refers to stm32f10x_it.o(i.NMI_Handler) for NMI_Handler
    startup_stm32f10x_hd.o(RESET) refers to stm32f10x_it.o(i.HardFault_Handler) for HardFault_Handler
    startup_stm32f10x_hd.o(RESET) refers to stm32f10x_it.o(i.MemManage_Handler) for MemManage_Handler
    startup_stm32f10x_hd.o(RESET) refers to stm32f10x_it.o(i.BusFault_Handler) for BusFault_Handler
    startup_stm32f10x_hd.o(RESET) refers to stm32f10x_it.o(i.UsageFault_Handler) for UsageFault_Handler
    startup_stm32f10x_hd.o(RESET) refers to stm32f10x_it.o(i.SVC_Handler) for SVC_Handler
    startup_stm32f10x_hd.o(RESET) refers to stm32f10x_it.o(i.DebugMon_Handler) for DebugMon_Handler
    startup_stm32f10x_hd.o(RESET) refers to stm32f10x_it.o(i.PendSV_Handler) for PendSV_Handler
    startup_stm32f10x_hd.o(RESET) refers to stm32f10x_it.o(i.SysTick_Handler) for SysTick_Handler
    startup_stm32f10x_hd.o(RESET) refers to loop.o(i.TIM2_IRQHandler) for TIM2_IRQHandler
    startup_stm32f10x_hd.o(RESET) refers to usart.o(i.USART1_IRQHandler) for USART1_IRQHandler
    startup_stm32f10x_hd.o(RESET) refers to usart.o(i.USART3_IRQHandler) for USART3_IRQHandler
    startup_stm32f10x_hd.o(.text) refers to system_stm32f10x.o(i.SystemInit) for SystemInit
    startup_stm32f10x_hd.o(.text) refers to entry.o(.ARM.Collect$$$$00000000) for __main
    system_stm32f10x.o(i.SetSysClock) refers to system_stm32f10x.o(i.SetSysClockTo72) for SetSysClockTo72
    system_stm32f10x.o(i.SystemCoreClockUpdate) refers to system_stm32f10x.o(.data) for SystemCoreClock
    system_stm32f10x.o(i.SystemInit) refers to system_stm32f10x.o(i.SetSysClock) for SetSysClock
    stm32f10x_gpio.o(i.GPIO_AFIODeInit) refers to stm32f10x_rcc.o(i.RCC_APB2PeriphResetCmd) for RCC_APB2PeriphResetCmd
    stm32f10x_gpio.o(i.GPIO_DeInit) refers to stm32f10x_rcc.o(i.RCC_APB2PeriphResetCmd) for RCC_APB2PeriphResetCmd
    stm32f10x_adc.o(i.ADC_DeInit) refers to stm32f10x_rcc.o(i.RCC_APB2PeriphResetCmd) for RCC_APB2PeriphResetCmd
    stm32f10x_bkp.o(i.BKP_DeInit) refers to stm32f10x_rcc.o(i.RCC_BackupResetCmd) for RCC_BackupResetCmd
    stm32f10x_can.o(i.CAN_DeInit) refers to stm32f10x_rcc.o(i.RCC_APB1PeriphResetCmd) for RCC_APB1PeriphResetCmd
    stm32f10x_can.o(i.CAN_GetITStatus) refers to stm32f10x_can.o(i.CheckITStatus) for CheckITStatus
    stm32f10x_cec.o(i.CEC_DeInit) refers to stm32f10x_rcc.o(i.RCC_APB1PeriphResetCmd) for RCC_APB1PeriphResetCmd
    stm32f10x_dac.o(i.DAC_DeInit) refers to stm32f10x_rcc.o(i.RCC_APB1PeriphResetCmd) for RCC_APB1PeriphResetCmd
    stm32f10x_flash.o(i.FLASH_EnableWriteProtection) refers to stm32f10x_flash.o(i.FLASH_WaitForLastOperation) for FLASH_WaitForLastOperation
    stm32f10x_flash.o(i.FLASH_EraseAllBank1Pages) refers to stm32f10x_flash.o(i.FLASH_WaitForLastBank1Operation) for FLASH_WaitForLastBank1Operation
    stm32f10x_flash.o(i.FLASH_EraseAllPages) refers to stm32f10x_flash.o(i.FLASH_WaitForLastOperation) for FLASH_WaitForLastOperation
    stm32f10x_flash.o(i.FLASH_EraseOptionBytes) refers to stm32f10x_flash.o(i.FLASH_GetReadOutProtectionStatus) for FLASH_GetReadOutProtectionStatus
    stm32f10x_flash.o(i.FLASH_EraseOptionBytes) refers to stm32f10x_flash.o(i.FLASH_WaitForLastOperation) for FLASH_WaitForLastOperation
    stm32f10x_flash.o(i.FLASH_ErasePage) refers to stm32f10x_flash.o(i.FLASH_WaitForLastOperation) for FLASH_WaitForLastOperation
    stm32f10x_flash.o(i.FLASH_ProgramHalfWord) refers to stm32f10x_flash.o(i.FLASH_WaitForLastOperation) for FLASH_WaitForLastOperation
    stm32f10x_flash.o(i.FLASH_ProgramOptionByteData) refers to stm32f10x_flash.o(i.FLASH_WaitForLastOperation) for FLASH_WaitForLastOperation
    stm32f10x_flash.o(i.FLASH_ProgramWord) refers to stm32f10x_flash.o(i.FLASH_WaitForLastOperation) for FLASH_WaitForLastOperation
    stm32f10x_flash.o(i.FLASH_ReadOutProtection) refers to stm32f10x_flash.o(i.FLASH_WaitForLastOperation) for FLASH_WaitForLastOperation
    stm32f10x_flash.o(i.FLASH_UserOptionByteConfig) refers to stm32f10x_flash.o(i.FLASH_WaitForLastOperation) for FLASH_WaitForLastOperation
    stm32f10x_flash.o(i.FLASH_WaitForLastBank1Operation) refers to stm32f10x_flash.o(i.FLASH_GetBank1Status) for FLASH_GetBank1Status
    stm32f10x_flash.o(i.FLASH_WaitForLastOperation) refers to stm32f10x_flash.o(i.FLASH_GetBank1Status) for FLASH_GetBank1Status
    stm32f10x_i2c.o(i.I2C_DeInit) refers to stm32f10x_rcc.o(i.RCC_APB1PeriphResetCmd) for RCC_APB1PeriphResetCmd
    stm32f10x_i2c.o(i.I2C_Init) refers to stm32f10x_rcc.o(i.RCC_GetClocksFreq) for RCC_GetClocksFreq
[...]
    Removing stm32f10x_pwr.o(i.PWR_PVDLevelConfig), (24 bytes).
    Removing stm32f10x_pwr.o(i.PWR_WakeUpPinCmd), (12 bytes).
    Removing stm32f10x_rcc.o(i.RCC_ADCCLKConfig), (24 bytes).
    Removing stm32f10x_rcc.o(i.RCC_APB1PeriphResetCmd), (32 bytes).
    Removing stm32f10x_rcc.o(i.RCC_APB2PeriphResetCmd), (32 bytes).
    Removing stm32f10x_rcc.o(i.RCC_AdjustHSICalibrationValue), (24 bytes).
    Removing stm32f10x_rcc.o(i.RCC_BackupResetCmd), (12 bytes).
    Removing stm32f10x_rcc.o(i.RCC_ClearFlag), (20 bytes).
    Removing stm32f10x_rcc.o(i.RCC_ClearITPendingBit), (12 bytes).
    Removing stm32f10x_rcc.o(i.RCC_ClockSecuritySystemCmd), (12 bytes).
    Removing stm32f10x_rcc.o(i.RCC_DeInit), (76 bytes).
    Removing stm32f10x_rcc.o(i.RCC_GetFlagStatus), (60 bytes).
    Removing stm32f10x_rcc.o(i.RCC_GetITStatus), (24 bytes).
    Removing stm32f10x_rcc.o(i.RCC_GetSYSCLKSource), (16 bytes).
    Removing stm32f10x_rcc.o(i.RCC_HCLKConfig), (24 bytes).
    Removing stm32f10x_rcc.o(i.RCC_HSEConfig), (76 bytes).
    Removing stm32f10x_rcc.o(i.RCC_HSICmd), (12 bytes).
    Removing stm32f10x_rcc.o(i.RCC_ITConfig), (32 bytes).
    Removing stm32f10x_rcc.o(i.RCC_LSEConfig), (52 bytes).
    Removing stm32f10x_rcc.o(i.RCC_LSICmd), (12 bytes).
    Removing stm32f10x_rcc.o(i.RCC_MCOConfig), (12 bytes).
    Removing stm32f10x_rcc.o(i.RCC_PCLK1Config), (24 bytes).
    Removing stm32f10x_rcc.o(i.RCC_PCLK2Config), (24 bytes).
    Removing stm32f10x_rcc.o(i.RCC_PLLCmd), (12 bytes).
    Removing stm32f10x_rcc.o(i.RCC_PLLConfig), (28 bytes).
    Removing stm32f10x_rcc.o(i.RCC_RTCCLKCmd), (12 bytes).
    Removing stm32f10x_rcc.o(i.RCC_RTCCLKConfig), (16 bytes).
    Removing stm32f10x_rcc.o(i.RCC_SYSCLKConfig), (24 bytes).
    Removing stm32f10x_rcc.o(i.RCC_USBCLKConfig), (12 bytes).
    Removing stm32f10x_rcc.o(i.RCC_WaitForHSEStartUp), (56 bytes).
    Removing stm32f10x_rtc.o(i.RTC_ClearFlag), (16 bytes).
    Removing stm32f10x_rtc.o(i.RTC_ClearITPendingBit), (16 bytes).
    Removing stm32f10x_rtc.o(i.RTC_EnterConfigMode), (20 bytes).
    Removing stm32f10x_rtc.o(i.RTC_ExitConfigMode), (20 bytes).
    Removing stm32f10x_rtc.o(i.RTC_GetCounter), (20 bytes).
    Removing stm32f10x_rtc.o(i.RTC_GetDivider), (24 bytes).
    Removing stm32f10x_rtc.o(i.RTC_GetFlagStatus), (24 bytes).
    Removing stm32f10x_rtc.o(i.RTC_GetITStatus), (36 bytes).
    Removing stm32f10x_rtc.o(i.RTC_ITConfig), (32 bytes).
    Removing stm32f10x_rtc.o(i.RTC_SetAlarm), (28 bytes).
    Removing stm32f10x_rtc.o(i.RTC_SetCounter), (28 bytes).
    Removing stm32f10x_rtc.o(i.RTC_SetPrescaler), (32 bytes).
    Removing stm32f10x_rtc.o(i.RTC_WaitForLastTask), (20 bytes).
    Removing stm32f10x_rtc.o(i.RTC_WaitForSynchro), (36 bytes).
    Removing stm32f10x_sdio.o(i.SDIO_CEATAITCmd), (16 bytes).
    Removing stm32f10x_sdio.o(i.SDIO_ClearFlag), (12 bytes).
    Removing stm32f10x_sdio.o(i.SDIO_ClearITPendingBit), (12 bytes).
    Removing stm32f10x_sdio.o(i.SDIO_ClockCmd), (12 bytes).
    Removing stm32f10x_sdio.o(i.SDIO_CmdStructInit), (14 bytes).
    Removing stm32f10x_sdio.o(i.SDIO_CommandCompletionCmd), (12 bytes).
    Removing stm32f10x_sdio.o(i.SDIO_DMACmd), (12 bytes).
    Removing stm32f10x_sdio.o(i.SDIO_DataConfig), (48 bytes).
    Removing stm32f10x_sdio.o(i.SDIO_DataStructInit), (20 bytes).
    Removing stm32f10x_sdio.o(i.SDIO_DeInit), (36 bytes).
    Removing stm32f10x_sdio.o(i.SDIO_GetCommandResponse), (12 bytes).
    Removing stm32f10x_sdio.o(i.SDIO_GetDataCounter), (12 bytes).
    Removing stm32f10x_sdio.o(i.SDIO_GetFIFOCount), (12 bytes).
    Removing stm32f10x_sdio.o(i.SDIO_GetFlagStatus), (24 bytes).
    Removing stm32f10x_sdio.o(i.SDIO_GetITStatus), (24 bytes).
    Removing stm32f10x_sdio.o(i.SDIO_GetPowerState), (16 bytes).
    Removing stm32f10x_sdio.o(i.SDIO_GetResponse), (24 bytes).
    Removing stm32f10x_sdio.o(i.SDIO_ITConfig), (32 bytes).
    Removing stm32f10x_sdio.o(i.SDIO_Init), (48 bytes).
    Removing stm32f10x_sdio.o(i.SDIO_ReadData), (12 bytes).
    Removing stm32f10x_sdio.o(i.SDIO_SendCEATACmd), (12 bytes).
    Removing stm32f10x_sdio.o(i.SDIO_SendCommand), (44 bytes).
    Removing stm32f10x_sdio.o(i.SDIO_SendSDIOSuspendCmd), (12 bytes).
    Removing stm32f10x_sdio.o(i.SDIO_SetPowerState), (28 bytes).
    Removing stm32f10x_sdio.o(i.SDIO_SetSDIOOperation), (12 bytes).
    Removing stm32f10x_sdio.o(i.SDIO_SetSDIOReadWaitMode), (12 bytes).
    Removing stm32f10x_sdio.o(i.SDIO_StartSDIOReadWait), (12 bytes).
    Removing stm32f10x_sdio.o(i.SDIO_StopSDIOReadWait), (12 bytes).
    Removing stm32f10x_sdio.o(i.SDIO_StructInit), (16 bytes).
    Removing stm32f10x_sdio.o(i.SDIO_WriteData), (12 bytes).
    Removing stm32f10x_spi.o(i.I2S_Cmd), (24 bytes).
    Removing stm32f10x_spi.o(i.I2S_Init), (232 bytes).
    Removing stm32f10x_spi.o(i.I2S_StructInit), (20 bytes).
    Removing stm32f10x_spi.o(i.SPI_BiDirectionalLineConfig), (28 bytes).
    Removing stm32f10x_spi.o(i.SPI_CalculateCRC), (24 bytes).
    Removing stm32f10x_spi.o(i.SPI_Cmd), (24 bytes).
    Removing stm32f10x_spi.o(i.SPI_DataSizeConfig), (18 bytes).
    Removing stm32f10x_spi.o(i.SPI_GetCRC), (16 bytes).
    Removing stm32f10x_spi.o(i.SPI_GetCRCPolynomial), (6 bytes).
    Removing stm32f10x_spi.o(i.SPI_I2S_ClearFlag), (6 bytes).
    Removing stm32f10x_spi.o(i.SPI_I2S_ClearITPendingBit), (20 bytes).
    Removing stm32f10x_spi.o(i.SPI_I2S_DMACmd), (18 bytes).
    Removing stm32f10x_spi.o(i.SPI_I2S_DeInit), (88 bytes).
    Removing stm32f10x_spi.o(i.SPI_I2S_GetFlagStatus), (18 bytes).
    Removing stm32f10x_spi.o(i.SPI_I2S_GetITStatus), (52 bytes).
    Removing stm32f10x_spi.o(i.SPI_I2S_ITConfig), (32 bytes).
    Removing stm32f10x_spi.o(i.SPI_I2S_ReceiveData), (6 bytes).
    Removing stm32f10x_spi.o(i.SPI_I2S_SendData), (4 bytes).
    Removing stm32f10x_spi.o(i.SPI_Init), (60 bytes).
    Removing stm32f10x_spi.o(i.SPI_NSSInternalSoftwareConfig), (30 bytes).
    Removing stm32f10x_spi.o(i.SPI_SSOutputCmd), (24 bytes).
    Removing stm32f10x_spi.o(i.SPI_StructInit), (24 bytes).
    Removing stm32f10x_spi.o(i.SPI_TransmitCRC), (10 bytes).
    Removing stm32f10x_tim.o(i.TI1_Config), (128 bytes).
    Removing stm32f10x_tim.o(i.TI2_Config), (152 bytes).
    Removing stm32f10x_tim.o(i.TI3_Config), (144 bytes).
    Removing stm32f10x_tim.o(i.TI4_Config), (152 bytes).
    Removing stm32f10x_tim.o(i.TIM_ARRPreloadConfig), (24 bytes).
    Removing stm32f10x_tim.o(i.TIM_BDTRConfig), (32 bytes).
    Removing stm32f10x_tim.o(i.TIM_BDTRStructInit), (18 bytes).
    Removing stm32f10x_tim.o(i.TIM_CCPreloadControl), (24 bytes).
    Removing stm32f10x_tim.o(i.TIM_CCxCmd), (30 bytes).
    Removing stm32f10x_tim.o(i.TIM_CCxNCmd), (30 bytes).
    Removing stm32f10x_tim.o(i.TIM_ClearFlag), (6 bytes).
    Removing stm32f10x_tim.o(i.TIM_ClearOC1Ref), (18 bytes).
    Removing stm32f10x_tim.o(i.TIM_ClearOC2Ref), (24 bytes).
    Removing stm32f10x_tim.o(i.TIM_ClearOC3Ref), (18 bytes).
    Removing stm32f10x_tim.o(i.TIM_ClearOC4Ref), (24 bytes).
    Removing stm32f10x_tim.o(i.TIM_CounterModeConfig), (18 bytes).
    Removing stm32f10x_tim.o(i.TIM_CtrlPWMOutputs), (30 bytes).
    Removing stm32f10x_tim.o(i.TIM_DMACmd), (18 bytes).
    Removing stm32f10x_tim.o(i.TIM_DMAConfig), (10 bytes).
    Removing stm32f10x_tim.o(i.TIM_DeInit), (488 bytes).
    Removing stm32f10x_tim.o(i.TIM_ETRClockMode1Config), (54 bytes).
    Removing stm32f10x_tim.o(i.TIM_ETRClockMode2Config), (32 bytes).
    Removing stm32f10x_tim.o(i.TIM_ETRConfig), (28 bytes).
    Removing stm32f10x_tim.o(i.TIM_EncoderInterfaceConfig), (66 bytes).
    Removing stm32f10x_tim.o(i.TIM_ForcedOC1Config), (18 bytes).
    Removing stm32f10x_tim.o(i.TIM_ForcedOC2Config), (26 bytes).
    Removing stm32f10x_tim.o(i.TIM_ForcedOC3Config), (18 bytes).
    Removing stm32f10x_tim.o(i.TIM_ForcedOC4Config), (26 bytes).
    Removing stm32f10x_tim.o(i.TIM_GenerateEvent), (4 bytes).
    Removing stm32f10x_tim.o(i.TIM_GetCapture1), (6 bytes).
    Removing stm32f10x_tim.o(i.TIM_GetCapture2), (6 bytes).
    Removing stm32f10x_tim.o(i.TIM_GetCapture3), (6 bytes).
    Removing stm32f10x_tim.o(i.TIM_GetCapture4), (8 bytes).
    Removing stm32f10x_tim.o(i.TIM_GetCounter), (6 bytes).
    Removing stm32f10x_tim.o(i.TIM_GetFlagStatus), (18 bytes).
    Removing stm32f10x_tim.o(i.TIM_GetPrescaler), (6 bytes).
    Removing stm32f10x_tim.o(i.TIM_ICInit), (172 bytes).
    Removing stm32f10x_tim.o(i.TIM_ICStructInit), (18 bytes).
    Removing stm32f10x_tim.o(i.TIM_ITRxExternalClockConfig), (24 bytes).
    Removing stm32f10x_tim.o(i.TIM_InternalClockConfig), (12 bytes).
    Removing stm32f10x_tim.o(i.TIM_OC1FastConfig), (18 bytes).
    Removing stm32f10x_tim.o(i.TIM_OC1Init), (152 bytes).
    Removing stm32f10x_tim.o(i.TIM_OC1NPolarityConfig), (18 bytes).
    Removing stm32f10x_tim.o(i.TIM_OC1PolarityConfig), (18 bytes).
    Removing stm32f10x_tim.o(i.TIM_OC1PreloadConfig), (18 bytes).
    Removing stm32f10x_tim.o(i.TIM_OC2FastConfig), (26 bytes).
    Removing stm32f10x_tim.o(i.TIM_OC2Init), (164 bytes).
    Removing stm32f10x_tim.o(i.TIM_OC2NPolarityConfig), (26 bytes).
    Removing stm32f10x_tim.o(i.TIM_OC2PolarityConfig), (26 bytes).
    Removing stm32f10x_tim.o(i.TIM_OC2PreloadConfig), (26 bytes).
    Removing stm32f10x_tim.o(i.TIM_OC3FastConfig), (18 bytes).
    Removing stm32f10x_tim.o(i.TIM_OC3Init), (160 bytes).
    Removing stm32f10x_tim.o(i.TIM_OC3NPolarityConfig), (26 bytes).
    Removing stm32f10x_tim.o(i.TIM_OC3PolarityConfig), (26 bytes).
    Removing stm32f10x_tim.o(i.TIM_OC3PreloadConfig), (18 bytes).
    Removing stm32f10x_tim.o(i.TIM_OC4FastConfig), (26 bytes).
    Removing stm32f10x_tim.o(i.TIM_OC4Init), (124 bytes).
    Removing stm32f10x_tim.o(i.TIM_OC4PolarityConfig), (26 bytes).
    Removing stm32f10x_tim.o(i.TIM_OC4PreloadConfig), (26 bytes).
    Removing stm32f10x_tim.o(i.TIM_OCStructInit), (20 bytes).
    Removing stm32f10x_tim.o(i.TIM_PWMIConfig), (124 bytes).
    Removing stm32f10x_tim.o(i.TIM_PrescalerConfig), (6 bytes).
    Removing stm32f10x_tim.o(i.TIM_SelectCCDMA), (24 bytes).
    Removing stm32f10x_tim.o(i.TIM_SelectCOM), (24 bytes).
    Removing stm32f10x_tim.o(i.TIM_SelectHallSensor), (24 bytes).
    Removing stm32f10x_tim.o(i.TIM_SelectInputTrigger), (18 bytes).
    Removing stm32f10x_tim.o(i.TIM_SelectMasterSlaveMode), (18 bytes).
    Removing stm32f10x_tim.o(i.TIM_SelectOCxM), (82 bytes).
    Removing stm32f10x_tim.o(i.TIM_SelectOnePulseMode), (18 bytes).
    Removing stm32f10x_tim.o(i.TIM_SelectOutputTrigger), (18 bytes).
    Removing stm32f10x_tim.o(i.TIM_SelectSlaveMode), (18 bytes).
    Removing stm32f10x_tim.o(i.TIM_SetAutoreload), (4 bytes).
    Removing stm32f10x_tim.o(i.TIM_SetClockDivision), (18 bytes).
    Removing stm32f10x_tim.o(i.TIM_SetCompare1), (4 bytes).
    Removing stm32f10x_tim.o(i.TIM_SetCompare2), (4 bytes).
    Removing stm32f10x_tim.o(i.TIM_SetCompare3), (4 bytes).
    Removing stm32f10x_tim.o(i.TIM_SetCompare4), (6 bytes).
    Removing stm32f10x_tim.o(i.TIM_SetCounter), (4 bytes).
    Removing stm32f10x_tim.o(i.TIM_SetIC1Prescaler), (18 bytes).
    Removing stm32f10x_tim.o(i.TIM_SetIC2Prescaler), (26 bytes).
    Removing stm32f10x_tim.o(i.TIM_SetIC3Prescaler), (18 bytes).
    Removing stm32f10x_tim.o(i.TIM_SetIC4Prescaler), (26 bytes).
    Removing stm32f10x_tim.o(i.TIM_TIxExternalClockConfig), (62 bytes).
    Removing stm32f10x_tim.o(i.TIM_TimeBaseStructInit), (18 bytes).
    Removing stm32f10x_tim.o(i.TIM_UpdateDisableConfig), (24 bytes).
    Removing stm32f10x_tim.o(i.TIM_UpdateRequestConfig), (24 bytes).
    Removing stm32f10x_usart.o(i.USART_ClearITPendingBit), (30 bytes).
    Removing stm32f10x_usart.o(i.USART_ClockInit), (34 bytes).
    Removing stm32f10x_usart.o(i.USART_ClockStructInit), (12 bytes).
    Removing stm32f10x_usart.o(i.USART_DeInit), (156 bytes).
    Removing stm32f10x_usart.o(i.USART_HalfDuplexCmd), (24 bytes).
    Removing stm32f10x_usart.o(i.USART_IrDACmd), (24 bytes).
    Removing stm32f10x_usart.o(i.USART_IrDAConfig), (18 bytes).
    Removing stm32f10x_usart.o(i.USART_LINBreakDetectLengthConfig), (18 bytes).
    Removing stm32f10x_usart.o(i.USART_LINCmd), (24 bytes).
    Removing stm32f10x_usart.o(i.USART_OneBitMethodCmd), (24 bytes).
    Removing stm32f10x_usart.o(i.USART_OverSampling8Cmd), (22 bytes).
    Removing stm32f10x_usart.o(i.USART_ReceiveData), (10 bytes).
    Removing stm32f10x_usart.o(i.USART_ReceiverWakeUpCmd), (24 bytes).
    Removing stm32f10x_usart.o(i.USART_SendBreak), (10 bytes).
    Removing stm32f10x_usart.o(i.USART_SetAddress), (18 bytes).
    Removing stm32f10x_usart.o(i.USART_SetGuardTime), (16 bytes).
    Removing stm32f10x_usart.o(i.USART_SetPrescaler), (16 bytes).
    Removing stm32f10x_usart.o(i.USART_SmartCardCmd), (24 bytes).
    Removing stm32f10x_usart.o(i.USART_SmartCardNACKCmd), (24 bytes).
    Removing stm32f10x_usart.o(i.USART_StructInit), (24 bytes).
    Removing stm32f10x_usart.o(i.USART_WakeUpConfig), (18 bytes).
    Removing stm32f10x_wwdg.o(i.WWDG_ClearFlag), (12 bytes).
    Removing stm32f10x_wwdg.o(i.WWDG_DeInit), (22 bytes).
    Removing stm32f10x_wwdg.o(i.WWDG_Enable), (16 bytes).
    Removing stm32f10x_wwdg.o(i.WWDG_EnableIT), (12 bytes).
    Removing stm32f10x_wwdg.o(i.WWDG_GetFlagStatus), (12 bytes).
    Removing stm32f10x_wwdg.o(i.WWDG_SetCounter), (16 bytes).
    Removing stm32f10x_wwdg.o(i.WWDG_SetPrescaler), (24 bytes).
    Removing stm32f10x_wwdg.o(i.WWDG_SetWindowValue), (40 bytes).
    Removing loop.o(.bss), (13 bytes).
    Removing loop.o(.data), (2 bytes).
    Removing as608.o(i.PS_DeletChar), (108 bytes).
    Removing as608.o(i.PS_ReadNotepad), (96 bytes).
    Removing as608.o(i.PS_Search), (144 bytes).
    Removing as608.o(i.PS_SetAddr), (180 bytes).
    Removing as608.o(i.PS_WriteNotepad), (106 bytes).
    Removing as608.o(i.PS_WriteReg), (136 bytes).
    Removing delay.o(i.Delay_SysTick), (24 bytes).
    Removing delay.o(.data), (4 bytes).
    Removing tim.o(i.PWM_Config), (150 bytes).
    Removing tim.o(i.TIM2_PWM_Init), (200 bytes).
    Removing tim.o(i.TIM3_Init), (48 bytes).
    Removing tim.o(i.TIM3_PWM_Init), (212 bytes).
    Removing usart.o(i.USER_USART2_IRQHandler), (20 bytes).
    Removing usart.o(i.fgetc), (40 bytes).
    Removing usart.o(i.printf_usart2), (44 bytes).
    Removing dma.o(i.DMA_USART1_IRQHandler_SubFunction), (88 bytes).
    Removing dma.o(i.DMA_USART2_IRQHandler_SubFunction), (104 bytes).
    Removing dma.o(i.DMA_USART_Receive), (52 bytes).
    Removing dma.o(i.DMA_USART_Send), (76 bytes).
    Removing cdcmple.o(.text), (48 bytes).

472 unused section(s) (total 20251 bytes) removed from the image.

==============================================================================

Image Symbol Table

    Local Symbols

    Symbol Name                              Value     Ov Type        Size  Object(Section)

    ../clib/microlib/division.c              0x00000000   Number         0  uidiv.o ABSOLUTE
    ../clib/microlib/division.c              0x00000000   Number         0  uldiv.o ABSOLUTE
    ../clib/microlib/errno.c                 0x00000000   Number         0  errno.o ABSOLUTE
    ../clib/microlib/init/entry.s            0x00000000   Number         0  entry10b.o ABSOLUTE
    ../clib/microlib/init/entry.s            0x00000000   Number         0  entry11a.o ABSOLUTE
    ../clib/microlib/init/entry.s            0x00000000   Number         0  entry7b.o ABSOLUTE
    ../clib/microlib/init/entry.s            0x00000000   Number         0  entry8b.o ABSOLUTE
    ../clib/microlib/init/entry.s            0x00000000   Number         0  entry8a.o ABSOLUTE
    ../clib/microlib/init/entry.s            0x00000000   Number         0  entry5.o ABSOLUTE
    ../clib/microlib/init/entry.s            0x00000000   Number         0  entry7a.o ABSOLUTE
    ../clib/microlib/init/entry.s            0x00000000   Number         0  entry10a.o ABSOLUTE
    ../clib/microlib/init/entry.s            0x00000000   Number         0  entry9b.o ABSOLUTE
    ../clib/microlib/init/entry.s            0x00000000   Number         0  entry.o ABSOLUTE
    ../clib/microlib/init/entry.s            0x00000000   Number         0  entry9a.o ABSOLUTE
    ../clib/microlib/init/entry.s            0x00000000   Number         0  entry2.o ABSOLUTE
    ../clib/microlib/init/entry.s            0x00000000   Number         0  entry11b.o ABSOLUTE
    ../clib/microlib/longlong.c              0x00000000   Number         0  llushr.o ABSOLUTE
    ../clib/microlib/longlong.c              0x00000000   Number         0  llsshr.o ABSOLUTE
    ../clib/microlib/longlong.c              0x00000000   Number         0  llshl.o ABSOLUTE
    ../clib/microlib/printf/printf.c         0x00000000   Number         0  printf8.o ABSOLUTE
    ../clib/microlib/printf/printf.c         0x00000000   Number         0  printf4.o ABSOLUTE
    ../clib/microlib/printf/printf.c         0x00000000   Number         0  printf1.o ABSOLUTE
    ../clib/microlib/printf/printf.c         0x00000000   Number         0  printf0.o ABSOLUTE
    ../clib/microlib/printf/printf.c         0x00000000   Number         0  printf5.o ABSOLUTE
    ../clib/microlib/printf/printf.c         0x00000000   Number         0  printf6.o ABSOLUTE
    ../clib/microlib/printf/printf.c         0x00000000   Number         0  printf7.o ABSOLUTE
    ../clib/microlib/printf/printf.c         0x00000000   Number         0  printf3.o ABSOLUTE
    ../clib/microlib/printf/printf.c         0x00000000   Number         0  printfa.o ABSOLUTE
    ../clib/microlib/printf/printf.c         0x00000000   Number         0  printf2.o ABSOLUTE
    ../clib/microlib/printf/printf.c         0x00000000   Number         0  printfb.o ABSOLUTE
    ../clib/microlib/printf/stubs.s          0x00000000   Number         0  stubs.o ABSOLUTE
    ../clib/microlib/stdio/streams.c         0x00000000   Number         0  stdout.o ABSOLUTE
    ../clib/microlib/string/memcpy.c         0x00000000   Number         0  memcpya.o ABSOLUTE
    ../clib/microlib/string/memcpy.c         0x00000000   Number         0  memcpyb.o ABSOLUTE
    ../clib/microlib/string/strncpy.c        0x00000000   Number         0  strncpy.o ABSOLUTE
    ../clib/microlib/string/strstr.c         0x00000000   Number         0  strstr.o ABSOLUTE
    ../clib/microlib/stubs.s                 0x00000000   Number         0  iusefp.o ABSOLUTE
    ../fplib/microlib/fpadd.c                0x00000000   Number         0  dadd.o ABSOLUTE
    ../fplib/microlib/fpdiv.c                0x00000000   Number         0  ddiv.o ABSOLUTE
    ../fplib/microlib/fpepilogue.c           0x00000000   Number         0  depilogue.o ABSOLUTE
    ../fplib/microlib/fpfix.c                0x00000000   Number         0  dfixui.o ABSOLUTE
    ../fplib/microlib/fpfix.c                0x00000000   Number         0  dfixul.o ABSOLUTE
    ../fplib/microlib/fpflt.c                0x00000000   Number         0  dfltui.o ABSOLUTE
    ../fplib/microlib/fpflt.c                0x00000000   Number         0  dflti.o ABSOLUTE
    ../fplib/microlib/fpmul.c                0x00000000   Number         0  dmul.o ABSOLUTE
    ../fplib/microlib/fpscalb.c              0x00000000   Number         0  dscalb.o ABSOLUTE
    ../fplib/microlib/fpsqrt.c               0x00000000   Number         0  dsqrt.o ABSOLUTE
    ../mathlib/dunder.c                      0x00000000   Number         0  dunder.o ABSOLUTE
    ../mathlib/fpclassify.c                  0x00000000   Number         0  fpclassify.o ABSOLUTE
    ../mathlib/poly.c                        0x00000000   Number         0  poly.o ABSOLUTE
    ../mathlib/pow.c                         0x00000000   Number         0  pow.o ABSOLUTE
    ../mathlib/pow.c                         0x00000000   Number         0  pow_x.o ABSOLUTE
    ../mathlib/qnan.c                        0x00000000   Number         0  qnan.o ABSOLUTE
    ../mathlib/sqrt.c                        0x00000000   Number         0  sqrt_x.o ABSOLUTE
    ../mathlib/sqrt.c                        0x00000000   Number         0  sqrt.o ABSOLUTE
    ..\Libraries\CMSIS\core_cm3.c            0x00000000   Number         0  core_cm3.o ABSOLUTE
    ..\Libraries\CMSIS\startup\startup_stm32f10x_hd.s 0x00000000   Number         0  startup_stm32f10x_hd.o ABSOLUTE
    ..\Libraries\CMSIS\system_stm32f10x.c    0x00000000   Number         0  system_stm32f10x.o ABSOLUTE
    ..\Libraries\STM32F10x_StdPeriph_Driver\src\misc.c 0x00000000   Number         0  misc.o ABSOLUTE
    ..\Libraries\STM32F10x_StdPeriph_Driver\src\stm32f10x_adc.c 0x00000000   Number         0  stm32f10x_adc.o ABSOLUTE
    ..\Libraries\STM32F10x_StdPeriph_Driver\src\stm32f10x_bkp.c 0x00000000   Number         0  stm32f10x_bkp.o ABSOLUTE
    ..\Libraries\STM32F10x_StdPeriph_Driver\src\stm32f10x_can.c 0x00000000   Number         0  stm32f10x_can.o ABSOLUTE
    ..\Libraries\STM32F10x_StdPeriph_Driver\src\stm32f10x_cec.c 0x00000000   Number         0  stm32f10x_cec.o ABSOLUTE
    ..\Libraries\STM32F10x_StdPeriph_Driver\src\stm32f10x_crc.c 0x00000000   Number         0  stm32f10x_crc.o ABSOLUTE
    ..\Libraries\STM32F10x_StdPeriph_Driver\src\stm32f10x_dac.c 0x00000000   Number         0  stm32f10x_dac.o ABSOLUTE
    ..\Libraries\STM32F10x_StdPeriph_Driver\src\stm32f10x_dbgmcu.c 0x00000000   Number         0  stm32f10x_dbgmcu.o ABSOLUTE
    ..\Libraries\STM32F10x_StdPeriph_Driver\src\stm32f10x_dma.c 0x00000000   Number         0  stm32f10x_dma.o ABSOLUTE
    ..\Libraries\STM32F10x_StdPeriph_Driver\src\stm32f10x_exti.c 0x00000000   Number         0  stm32f10x_exti.o ABSOLUTE
    ..\Libraries\STM32F10x_StdPeriph_Driver\src\stm32f10x_flash.c 0x00000000   Number         0  stm32f10x_flash.o ABSOLUTE
    ..\Libraries\STM32F10x_StdPeriph_Driver\src\stm32f10x_fsmc.c 0x00000000   Number         0  stm32f10x_fsmc.o ABSOLUTE
    ..\Libraries\STM32F10x_StdPeriph_Driver\src\stm32f10x_gpio.c 0x00000000   Number         0  stm32f10x_gpio.o ABSOLUTE
    ..\Libraries\STM32F10x_StdPeriph_Driver\src\stm32f10x_i2c.c 0x00000000   Number         0  stm32f10x_i2c.o ABSOLUTE
    ..\Libraries\STM32F10x_StdPeriph_Driver\src\stm32f10x_iwdg.c 0x00000000   Number         0  stm32f10x_iwdg.o ABSOLUTE
    ..\Libraries\STM32F10x_StdPeriph_Driver\src\stm32f10x_pwr.c 0x00000000   Number         0  stm32f10x_pwr.o ABSOLUTE
    ..\Libraries\STM32F10x_StdPeriph_Driver\src\stm32f10x_rcc.c 0x00000000   Number         0  stm32f10x_rcc.o ABSOLUTE
    ..\Libraries\STM32F10x_StdPeriph_Driver\src\stm32f10x_rtc.c 0x00000000   Number         0  stm32f10x_rtc.o ABSOLUTE
    ..\Libraries\STM32F10x_StdPeriph_Driver\src\stm32f10x_sdio.c 0x00000000   Number         0  stm32f10x_sdio.o ABSOLUTE
    ..\Libraries\STM32F10x_StdPeriph_Driver\src\stm32f10x_spi.c 0x00000000   Number         0  stm32f10x_spi.o ABSOLUTE
    ..\Libraries\STM32F10x_StdPeriph_Driver\src\stm32f10x_tim.c 0x00000000   Number         0  stm32f10x_tim.o ABSOLUTE
    ..\Libraries\STM32F10x_StdPeriph_Driver\src\stm32f10x_usart.c 0x00000000   Number         0  stm32f10x_usart.o ABSOLUTE
    ..\Libraries\STM32F10x_StdPeriph_Driver\src\stm32f10x_wwdg.c 0x00000000   Number         0  stm32f10x_wwdg.o ABSOLUTE
    ..\User\Devices\AS608\FingerPrint.c      0x00000000   Number         0  fingerprint.o ABSOLUTE
    ..\User\Devices\AS608\as608.c            0x00000000   Number         0  as608.o ABSOLUTE
    ..\User\Devices\bsp_Key\bsp_key.c        0x00000000   Number         0  bsp_key.o ABSOLUTE
    ..\User\Drivers\DMA\DMA.c                0x00000000   Number         0  dma.o ABSOLUTE
    ..\User\Drivers\Delay\delay.c            0x00000000   Number         0  delay.o ABSOLUTE
    ..\User\Drivers\GPIO\GPIO.c              0x00000000   Number         0  gpio.o ABSOLUTE
    ..\User\Drivers\NVIC\NVIC.C              0x00000000   Number         0  nvic.o ABSOLUTE
    ..\User\Drivers\SysTick\SysTick.c        0x00000000   Number         0  systick.o ABSOLUTE
    ..\User\Drivers\TIM\TIM.c                0x00000000   Number         0  tim.o ABSOLUTE
    ..\User\Drivers\USART\USART.c            0x00000000   Number         0  usart.o ABSOLUTE
    ..\User\loop.c                           0x00000000   Number         0  loop.o ABSOLUTE
    ..\User\stm32f10x_it.c                   0x00000000   Number         0  stm32f10x_it.o ABSOLUTE
    ..\User\user.c                           0x00000000   Number         0  user.o ABSOLUTE
    ..\\Libraries\\CMSIS\\core_cm3.c         0x00000000   Number         0  core_cm3.o ABSOLUTE
    cdcmple.s                                0x00000000   Number         0  cdcmple.o ABSOLUTE
    cdrcmple.s                               0x00000000   Number         0  cdrcmple.o ABSOLUTE
    dc.s                                     0x00000000   Number         0  dc.o ABSOLUTE
    handlers.s                               0x00000000   Number         0  handlers.o ABSOLUTE
    init.s                                   0x00000000   Number         0  init.o ABSOLUTE
    RESET                                    0x08000000   Section      304  startup_stm32f10x_hd.o(RESET)
    .ARM.Collect$$$$00000000                 0x08000130   Section        0  entry.o(.ARM.Collect$$$$00000000)
    .ARM.Collect$$$$00000001                 0x08000130   Section        4  entry2.o(.ARM.Collect$$$$00000001)
    .ARM.Collect$$$$00000004                 0x08000134   Section        4  entry5.o(.ARM.Collect$$$$00000004)
    .ARM.Collect$$$$00000008                 0x08000138   Section        0  entry7b.o(.ARM.Collect$$$$00000008)
    .ARM.Collect$$$$0000000A                 0x08000138   Section        0  entry8b.o(.ARM.Collect$$$$0000000A)
    .ARM.Collect$$$$0000000B                 0x08000138   Section        8  entry9a.o(.ARM.Collect$$$$0000000B)
    .ARM.Collect$$$$0000000D                 0x08000140   Section        0  entry10a.o(.ARM.Collect$$$$0000000D)
    .ARM.Collect$$$$0000000F                 0x08000140   Section        0  entry11a.o(.ARM.Collect$$$$0000000F)
    .ARM.Collect$$$$00002712                 0x08000140   Section        4  entry2.o(.ARM.Collect$$$$00002712)
    __lit__00000000                          0x08000140   Data           4  entry2.o(.ARM.Collect$$$$00002712)
    .text                                    0x08000144   Section       36  startup_stm32f10x_hd.o(.text)
    .text                                    0x08000168   Section        0  strstr.o(.text)
    .text                                    0x0800018c   Section        0  dadd.o(.text)
    .text                                    0x080002da   Section        0  dmul.o(.text)
    .text                                    0x080003be   Section        0  dflti.o(.text)
    .text                                    0x080003e0   Section        0  dfltui.o(.text)
    .text                                    0x080003fa   Section        0  dfixui.o(.text)
    .text                                    0x0800042c   Section        0  uidiv.o(.text)
    .text                                    0x08000458   Section        0  uldiv.o(.text)
    .text                                    0x080004ba   Section        0  llshl.o(.text)
    .text                                    0x080004d8   Section        0  llushr.o(.text)
    .text                                    0x080004f8   Section        0  llsshr.o(.text)
    .text                                    0x0800051c   Section        0  iusefp.o(.text)
    .text                                    0x0800051c   Section        0  depilogue.o(.text)
    .text                                    0x080005d6   Section        0  ddiv.o(.text)
    .text                                    0x080006b4   Section        0  dscalb.o(.text)
    .text                                    0x080006e2   Section        0  dfixul.o(.text)
    .text                                    0x08000714   Section       48  cdrcmple.o(.text)
    .text                                    0x08000744   Section       36  init.o(.text)
    .text                                    0x08000768   Section        0  dsqrt.o(.text)
    i.Add_FR                                 0x0800080c   Section        0  fingerprint.o(i.Add_FR)
    i.BusFault_Handler                       0x08000ab0   Section        0  stm32f10x_it.o(i.BusFault_Handler)
    i.DMA_Cmd                                0x08000ab4   Section        0  stm32f10x_dma.o(i.DMA_Cmd)
    i.DMA_Init                               0x08000acc   Section        0  stm32f10x_dma.o(i.DMA_Init)
    i.DMA_SetCurrDataCounter                 0x08000b08   Section        0  stm32f10x_dma.o(i.DMA_SetCurrDataCounter)
    i.DMA_UART_Config                        0x08000b0c   Section        0  dma.o(i.DMA_UART_Config)
    i.DMA_USART3_IRQHandler_SubFunction      0x08000b9c   Section        0  dma.o(i.DMA_USART3_IRQHandler_SubFunction)
    i.DebugMon_Handler                       0x08000bf4   Section        0  stm32f10x_it.o(i.DebugMon_Handler)
    i.Del_FR                                 0x08000bf8   Section        0  fingerprint.o(i.Del_FR)
    i.Delay_Init                             0x08000cb8   Section        0  delay.o(i.Delay_Init)
    i.Delay_usms                             0x08000d1c   Section        0  delay.o(i.Delay_usms)
    i.EnsureMessage                          0x08000d68   Section        0  as608.o(i.EnsureMessage)
    i.FingerPrintConnect                     0x08000fd8   Section        0  fingerprint.o(i.FingerPrintConnect)
    i.FingerProcess                          0x08001068   Section        0  fingerprint.o(i.FingerProcess)
    i.GPIO_Config                            0x08001120   Section        0  gpio.o(i.GPIO_Config)
    i.GPIO_Init                              0x08001158   Section        0  stm32f10x_gpio.o(i.GPIO_Init)
    i.GPIO_ResetBits                         0x0800126e   Section        0  stm32f10x_gpio.o(i.GPIO_ResetBits)
    i.GPIO_SetBits                           0x08001272   Section        0  stm32f10x_gpio.o(i.GPIO_SetBits)
    i.GetKeyValue                            0x08001278   Section        0  fingerprint.o(i.GetKeyValue)
    i.HardFault_Handler                      0x0800145c   Section        0  stm32f10x_it.o(i.HardFault_Handler)
    i.Init                                   0x08001460   Section        0  loop.o(i.Init)
    i.Initial_Run                            0x080014a4   Section        0  loop.o(i.Initial_Run)
    i.JudgeStr                               0x080014b8   Section        0  as608.o(i.JudgeStr)
    JudgeStr                                 0x080014b9   Thumb Code   132  as608.o(i.JudgeStr)
    i.KEY16_GPIODETECTION                    0x08001544   Section        0  bsp_key.o(i.KEY16_GPIODETECTION)
    i.Key_GPIO_Config                        0x0800162c   Section        0  bsp_key.o(i.Key_GPIO_Config)
    i.Key_Scan                               0x08001664   Section        0  bsp_key.o(i.Key_Scan)
    i.LedFlash                               0x0800178c   Section        0  loop.o(i.LedFlash)
    i.MYUSART_SendData                       0x080017b8   Section        0  as608.o(i.MYUSART_SendData)
    MYUSART_SendData                         0x080017b9   Thumb Code    22  as608.o(i.MYUSART_SendData)
    i.MemManage_Handler                      0x080017d4   Section        0  stm32f10x_it.o(i.MemManage_Handler)
    i.NMI_Handler                            0x080017d8   Section        0  stm32f10x_it.o(i.NMI_Handler)
    i.NVIC_Config                            0x080017da   Section        0  nvic.o(i.NVIC_Config)
    i.NVIC_Configuration                     0x080017fc   Section        0  usart.o(i.NVIC_Configuration)
    NVIC_Configuration                       0x080017fd   Thumb Code   100  usart.o(i.NVIC_Configuration)
    i.NVIC_Init                              0x08001868   Section        0  misc.o(i.NVIC_Init)
    i.NVIC_PriorityGroupConfig               0x080018d8   Section        0  misc.o(i.NVIC_PriorityGroupConfig)
    i.PS_Empty                               0x080018ec   Section        0  as608.o(i.PS_Empty)
    i.PS_GenChar                             0x08001926   Section        0  as608.o(i.PS_GenChar)
    i.PS_GetImage                            0x0800196c   Section        0  as608.o(i.PS_GetImage)
    i.PS_HandShake                           0x080019a8   Section        0  as608.o(i.PS_HandShake)
    i.PS_HighSpeedSearch                     0x08001a3c   Section        0  as608.o(i.PS_HighSpeedSearch)
    i.PS_Match                               0x08001acc   Section        0  as608.o(i.PS_Match)
    i.PS_ReadSysPara                         0x08001b08   Section        0  as608.o(i.PS_ReadSysPara)
    i.PS_RegModel                            0x08001bf8   Section        0  as608.o(i.PS_RegModel)
    i.PS_StaGPIO_Init                        0x08001c34   Section        0  as608.o(i.PS_StaGPIO_Init)
    i.PS_StoreChar                           0x08001c60   Section        0  as608.o(i.PS_StoreChar)
    i.PS_ValidTempleteNum                    0x08001cc0   Section        0  as608.o(i.PS_ValidTempleteNum)
    i.PendSV_Handler                         0x08001d48   Section        0  stm32f10x_it.o(i.PendSV_Handler)
    i.RCC_AHBPeriphClockCmd                  0x08001d4c   Section        0  stm32f10x_rcc.o(i.RCC_AHBPeriphClockCmd)
    i.RCC_APB1PeriphClockCmd                 0x08001d6c   Section        0  stm32f10x_rcc.o(i.RCC_APB1PeriphClockCmd)
    i.RCC_APB2PeriphClockCmd                 0x08001d8c   Section        0  stm32f10x_rcc.o(i.RCC_APB2PeriphClockCmd)
    i.RCC_GetClocksFreq                      0x08001dac   Section        0  stm32f10x_rcc.o(i.RCC_GetClocksFreq)
    i.SVC_Handler                            0x08001e80   Section        0  stm32f10x_it.o(i.SVC_Handler)
    i.SendAddr                               0x08001e84   Section        0  as608.o(i.SendAddr)
    SendAddr                                 0x08001e85   Thumb Code    46  as608.o(i.SendAddr)
    i.SendCheck                              0x08001eb8   Section        0  as608.o(i.SendCheck)
    SendCheck                                0x08001eb9   Thumb Code    18  as608.o(i.SendCheck)
    i.SendFlag                               0x08001eca   Section        0  as608.o(i.SendFlag)
    SendFlag                                 0x08001ecb   Thumb Code    12  as608.o(i.SendFlag)
    i.SendHead                               0x08001ed6   Section        0  as608.o(i.SendHead)
    SendHead                                 0x08001ed7   Thumb Code    16  as608.o(i.SendHead)
    i.SendLength                             0x08001ee6   Section        0  as608.o(i.SendLength)
    SendLength                               0x08001ee7   Thumb Code    20  as608.o(i.SendLength)
    i.Sendcmd                                0x08001efa   Section        0  as608.o(i.Sendcmd)
    Sendcmd                                  0x08001efb   Thumb Code    12  as608.o(i.Sendcmd)
    i.SetSysClock                            0x08001f06   Section        0  system_stm32f10x.o(i.SetSysClock)
    SetSysClock                              0x08001f07   Thumb Code     8  system_stm32f10x.o(i.SetSysClock)
    i.SetSysClockTo72                        0x08001f10   Section        0  system_stm32f10x.o(i.SetSysClockTo72)
    SetSysClockTo72                          0x08001f11   Thumb Code   214  system_stm32f10x.o(i.SetSysClockTo72)
    i.ShowErrMessage                         0x08001ff0   Section        0  fingerprint.o(i.ShowErrMessage)
    i.SysTick_Handler                        0x08002002   Section        0  stm32f10x_it.o(i.SysTick_Handler)
    i.SystemInit                             0x08002004   Section        0  system_stm32f10x.o(i.SystemInit)
    i.TIM2_IRQHandler                        0x08002064   Section        0  loop.o(i.TIM2_IRQHandler)
    i.TIM2_Init                              0x08002082   Section        0  tim.o(i.TIM2_Init)
    i.TIM_ClearITPendingBit                  0x080020c0   Section        0  stm32f10x_tim.o(i.TIM_ClearITPendingBit)
    i.TIM_Cmd                                0x080020c6   Section        0  stm32f10x_tim.o(i.TIM_Cmd)
    i.TIM_GetITStatus                        0x080020de   Section        0  stm32f10x_tim.o(i.TIM_GetITStatus)
    i.TIM_ITConfig                           0x08002100   Section        0  stm32f10x_tim.o(i.TIM_ITConfig)
    i.TIM_TimeBaseInit                       0x08002114   Section        0  stm32f10x_tim.o(i.TIM_TimeBaseInit)
    i.USART1_IRQHandler                      0x080021b8   Section        0  usart.o(i.USART1_IRQHandler)
    i.USART3_IRQHandler                      0x080021cc   Section        0  usart.o(i.USART3_IRQHandler)
    i.USART_ClearFlag                        0x080021e4   Section        0  stm32f10x_usart.o(i.USART_ClearFlag)
    i.USART_Cmd                              0x080021f6   Section        0  stm32f10x_usart.o(i.USART_Cmd)
    i.USART_Config                           0x08002210   Section        0  usart.o(i.USART_Config)
    i.USART_DMACmd                           0x08002348   Section        0  stm32f10x_usart.o(i.USART_DMACmd)
    i.USART_GetFlagStatus                    0x0800235a   Section        0  stm32f10x_usart.o(i.USART_GetFlagStatus)
    i.USART_GetITStatus                      0x08002374   Section        0  stm32f10x_usart.o(i.USART_GetITStatus)
    i.USART_ITConfig                         0x080023c8   Section        0  stm32f10x_usart.o(i.USART_ITConfig)
    i.USART_Init                             0x08002414   Section        0  stm32f10x_usart.o(i.USART_Init)
    i.USART_SendData                         0x080024ec   Section        0  stm32f10x_usart.o(i.USART_SendData)
    i.USART_Send_Byte                        0x080024f4   Section        0  usart.o(i.USART_Send_Byte)
    i.USART_Send_String                      0x08002512   Section        0  usart.o(i.USART_Send_String)
    i.UsageFault_Handler                     0x0800253a   Section        0  stm32f10x_it.o(i.UsageFault_Handler)
    i.__0printf                              0x08002540   Section        0  printfa.o(i.__0printf)
    i.__0vsprintf                            0x08002560   Section        0  printfa.o(i.__0vsprintf)
    i.__ARM_fpclassify                       0x08002584   Section        0  fpclassify.o(i.__ARM_fpclassify)
    i.__kernel_poly                          0x080025ac   Section        0  poly.o(i.__kernel_poly)
    i.__mathlib_dbl_divzero                  0x08002658   Section        0  dunder.o(i.__mathlib_dbl_divzero)
    i.__mathlib_dbl_infnan2                  0x08002668   Section        0  dunder.o(i.__mathlib_dbl_infnan2)
    i.__mathlib_dbl_invalid                  0x0800266c   Section        0  dunder.o(i.__mathlib_dbl_invalid)
    i.__mathlib_dbl_overflow                 0x08002678   Section        0  dunder.o(i.__mathlib_dbl_overflow)
    i.__mathlib_dbl_underflow                0x08002688   Section        0  dunder.o(i.__mathlib_dbl_underflow)
    i.__scatterload_copy                     0x08002698   Section       14  handlers.o(i.__scatterload_copy)
    i.__scatterload_null                     0x080026a6   Section        2  handlers.o(i.__scatterload_null)
    i.__scatterload_zeroinit                 0x080026a8   Section       14  handlers.o(i.__scatterload_zeroinit)
    i.__set_errno                            0x080026b8   Section        0  errno.o(i.__set_errno)
    i._fp_digits                             0x080026c4   Section        0  printfa.o(i._fp_digits)
    _fp_digits                               0x080026c5   Thumb Code   366  printfa.o(i._fp_digits)
    i._printf_core                           0x08002848   Section        0  printfa.o(i._printf_core)
    _printf_core                             0x08002849   Thumb Code  1744  printfa.o(i._printf_core)
    i._printf_post_padding                   0x08002f24   Section        0  printfa.o(i._printf_post_padding)
    _printf_post_padding                     0x08002f25   Thumb Code    36  printfa.o(i._printf_post_padding)
    i._printf_pre_padding                    0x08002f48   Section        0  printfa.o(i._printf_pre_padding)
    _printf_pre_padding                      0x08002f49   Thumb Code    46  printfa.o(i._printf_pre_padding)
    i._sputc                                 0x08002f76   Section        0  printfa.o(i._sputc)
    _sputc                                   0x08002f77   Thumb Code    10  printfa.o(i._sputc)
    i.fputc                                  0x08002f80   Section        0  usart.o(i.fputc)
    i.getKey                                 0x08002fb0   Section        0  bsp_key.o(i.getKey)
    i.getKeyIO                               0x08002fd8   Section        0  bsp_key.o(i.getKeyIO)
    i.loop                                   0x08002fe6   Section        0  loop.o(i.loop)
    i.main                                   0x08002ffa   Section        0  loop.o(i.main)
    i.pow                                    0x08003008   Section        0  pow.o(i.pow)
    i.press_FR                               0x080039e0   Section        0  fingerprint.o(i.press_FR)
    i.printf_usart1                          0x08003a70   Section        0  usart.o(i.printf_usart1)
    i.printf_usart3                          0x08003a9c   Section        0  usart.o(i.printf_usart3)
    i.sqrt                                   0x08003ac8   Section        0  sqrt.o(i.sqrt)
    .constdata                               0x08003b18   Section      136  pow.o(.constdata)
    bp                                       0x08003b18   Data          16  pow.o(.constdata)
    dp_h                                     0x08003b28   Data          16  pow.o(.constdata)
    dp_l                                     0x08003b38   Data          16  pow.o(.constdata)
    L                                        0x08003b48   Data          48  pow.o(.constdata)
    P                                        0x08003b78   Data          40  pow.o(.constdata)
    .constdata                               0x08003ba0   Section        8  qnan.o(.constdata)
    .data                                    0x20000000   Section       20  system_stm32f10x.o(.data)
    .data                                    0x20000014   Section       20  stm32f10x_rcc.o(.data)
    APBAHBPrescTable                         0x20000014   Data          16  stm32f10x_rcc.o(.data)
    ADCPrescTable                            0x20000024   Data           4  stm32f10x_rcc.o(.data)
    .data                                    0x20000028   Section       15  bsp_key.o(.data)
    Key_State                                0x2000002c   Data           1  bsp_key.o(.data)
    Counter                                  0x2000002e   Data           2  bsp_key.o(.data)
    PressCounter                             0x20000030   Data           2  bsp_key.o(.data)
    Key_Structer                             0x20000032   Data           4  bsp_key.o(.data)
    ReturnVal                                0x20000036   Data           1  bsp_key.o(.data)
    .data                                    0x20000038   Section        4  as608.o(.data)
    .data                                    0x2000003c   Section        4  fingerprint.o(.data)
    .data                                    0x20000040   Section        4  stdout.o(.data)
    .data                                    0x20000044   Section        4  errno.o(.data)
    _errno                                   0x20000044   Data           4  errno.o(.data)
    .bss                                     0x20000048   Section      292  usart.o(.bss)
    .bss                                     0x2000016c   Section       12  fingerprint.o(.bss)
    STACK                                    0x20000178   Section     1024  startup_stm32f10x_hd.o(STACK)

    Global Symbols

    Symbol Name                              Value     Ov Type        Size  Object(Section)

    BuildAttributes$$THM_ISAv4$P$D$K$B$S$PE$A:L22UL41UL21$X:L11$S22US41US21$IEEE1$IW$USESV6$~STKCKD$USESV7$~SHL$OTIME$ROPI$IEEEX$EBA8$MICROLIB$REQ8$PRES8$EABIv2 0x00000000   Number         0  anon$$obj.o ABSOLUTE
    __ARM_use_no_argv                        0x00000000   Number         0  loop.o ABSOLUTE
    _printf_a                                0x00000000   Number         0  stubs.o ABSOLUTE
    _printf_c                                0x00000000   Number         0  stubs.o ABSOLUTE
    _printf_charcount                        0x00000000   Number         0  stubs.o ABSOLUTE
    _printf_d                                0x00000000   Number         0  stubs.o ABSOLUTE
    _printf_e                                0x00000000   Number         0  stubs.o ABSOLUTE
    _printf_f                                0x00000000   Number         0  stubs.o ABSOLUTE
    _printf_flags                            0x00000000   Number         0  stubs.o ABSOLUTE
    _printf_fp_dec                           0x00000000   Number         0  stubs.o ABSOLUTE
    _printf_fp_hex                           0x00000000   Number         0  stubs.o ABSOLUTE
    _printf_g                                0x00000000   Number         0  stubs.o ABSOLUTE
    _printf_i                                0x00000000   Number         0  stubs.o ABSOLUTE
    _printf_int_dec                          0x00000000   Number         0  stubs.o ABSOLUTE
    _printf_l                                0x00000000   Number         0  stubs.o ABSOLUTE
    _printf_lc                               0x00000000   Number         0  stubs.o ABSOLUTE
    _printf_ll                               0x00000000   Number         0  stubs.o ABSOLUTE
    _printf_lld                              0x00000000   Number         0  stubs.o ABSOLUTE
    _printf_lli                              0x00000000   Number         0  stubs.o ABSOLUTE
    _printf_llo                              0x00000000   Number         0  stubs.o ABSOLUTE
    _printf_llu                              0x00000000   Number         0  stubs.o ABSOLUTE
    _printf_llx                              0x00000000   Number         0  stubs.o ABSOLUTE
    _printf_longlong_dec                     0x00000000   Number         0  stubs.o ABSOLUTE
    _printf_longlong_hex                     0x00000000   Number         0  stubs.o ABSOLUTE
    _printf_longlong_oct                     0x00000000   Number         0  stubs.o ABSOLUTE
    _printf_ls                               0x00000000   Number         0  stubs.o ABSOLUTE
    _printf_mbtowc                           0x00000000   Number         0  stubs.o ABSOLUTE
    _printf_n                                0x00000000   Number         0  stubs.o ABSOLUTE
    _printf_o                                0x00000000   Number         0  stubs.o ABSOLUTE
    _printf_p                                0x00000000   Number         0  stubs.o ABSOLUTE
    _printf_percent                          0x00000000   Number         0  stubs.o ABSOLUTE
    _printf_pre_padding                      0x00000000   Number         0  stubs.o ABSOLUTE
    _printf_return_value                     0x00000000   Number         0  stubs.o ABSOLUTE
    _printf_s                                0x00000000   Number         0  stubs.o ABSOLUTE
    _printf_sizespec                         0x00000000   Number         0  stubs.o ABSOLUTE
    _printf_str                              0x00000000   Number         0  stubs.o ABSOLUTE
    _printf_truncate_signed                  0x00000000   Number         0  stubs.o ABSOLUTE
    _printf_truncate_unsigned                0x00000000   Number         0  stubs.o ABSOLUTE
    _printf_u                                0x00000000   Number         0  stubs.o ABSOLUTE
    _printf_wc                               0x00000000   Number         0  stubs.o ABSOLUTE
    _printf_wctomb                           0x00000000   Number         0  stubs.o ABSOLUTE
    _printf_widthprec                        0x00000000   Number         0  stubs.o ABSOLUTE
    _printf_x                                0x00000000   Number         0  stubs.o ABSOLUTE
    __cpp_initialize__aeabi_                  - Undefined Weak Reference
    __cxa_finalize                            - Undefined Weak Reference
    __decompress                              - Undefined Weak Reference
    _clock_init                               - Undefined Weak Reference
    _microlib_exit                            - Undefined Weak Reference
    __Vectors_Size                           0x00000130   Number         0  startup_stm32f10x_hd.o ABSOLUTE
    __Vectors                                0x08000000   Data           4  startup_stm32f10x_hd.o(RESET)
    __Vectors_End                            0x08000130   Data           0  startup_stm32f10x_hd.o(RESET)
    __main                                   0x08000131   Thumb Code     0  entry.o(.ARM.Collect$$$$00000000)
    _main_stk                                0x08000131   Thumb Code     0  entry2.o(.ARM.Collect$$$$00000001)
    _main_scatterload                        0x08000135   Thumb Code     0  entry5.o(.ARM.Collect$$$$00000004)
    __main_after_scatterload                 0x08000139   Thumb Code     0  entry5.o(.ARM.Collect$$$$00000004)
    _main_clock                              0x08000139   Thumb Code     0  entry7b.o(.ARM.Collect$$$$00000008)
    _main_cpp_init                           0x08000139   Thumb Code     0  entry8b.o(.ARM.Collect$$$$0000000A)
    _main_init                               0x08000139   Thumb Code     0  entry9a.o(.ARM.Collect$$$$0000000B)
    __rt_final_cpp                           0x08000141   Thumb Code     0  entry10a.o(.ARM.Collect$$$$0000000D)
    __rt_final_exit                          0x08000141   Thumb Code     0  entry11a.o(.ARM.Collect$$$$0000000F)
    Reset_Handler                            0x08000145   Thumb Code     8  startup_stm32f10x_hd.o(.text)
    ADC1_2_IRQHandler                        0x0800015f   Thumb Code     0  startup_stm32f10x_hd.o(.text)
    ADC3_IRQHandler                          0x0800015f   Thumb Code     0  startup_stm32f10x_hd.o(.text)
    CAN1_RX1_IRQHandler                      0x0800015f   Thumb Code     0  startup_stm32f10x_hd.o(.text)
    CAN1_SCE_IRQHandler                      0x0800015f   Thumb Code     0  startup_stm32f10x_hd.o(.text)
    DMA1_Channel1_IRQHandler                 0x0800015f   Thumb Code     0  startup_stm32f10x_hd.o(.text)
    DMA1_Channel2_IRQHandler                 0x0800015f   Thumb Code     0  startup_stm32f10x_hd.o(.text)
    DMA1_Channel3_IRQHandler                 0x0800015f   Thumb Code     0  startup_stm32f10x_hd.o(.text)
    DMA1_Channel4_IRQHandler                 0x0800015f   Thumb Code     0  startup_stm32f10x_hd.o(.text)
    DMA1_Channel5_IRQHandler                 0x0800015f   Thumb Code     0  startup_stm32f10x_hd.o(.text)
    DMA1_Channel6_IRQHandler                 0x0800015f   Thumb Code     0  startup_stm32f10x_hd.o(.text)
    DMA1_Channel7_IRQHandler                 0x0800015f   Thumb Code     0  startup_stm32f10x_hd.o(.text)
    DMA2_Channel1_IRQHandler                 0x0800015f   Thumb Code     0  startup_stm32f10x_hd.o(.text)
    DMA2_Channel2_IRQHandler                 0x0800015f   Thumb Code     0  startup_stm32f10x_hd.o(.text)
    DMA2_Channel3_IRQHandler                 0x0800015f   Thumb Code     0  startup_stm32f10x_hd.o(.text)
    DMA2_Channel4_5_IRQHandler               0x0800015f   Thumb Code     0  startup_stm32f10x_hd.o(.text)
    EXTI0_IRQHandler                         0x0800015f   Thumb Code     0  startup_stm32f10x_hd.o(.text)
    EXTI15_10_IRQHandler                     0x0800015f   Thumb Code     0  startup_stm32f10x_hd.o(.text)
    EXTI1_IRQHandler                         0x0800015f   Thumb Code     0  startup_stm32f10x_hd.o(.text)
    EXTI2_IRQHandler                         0x0800015f   Thumb Code     0  startup_stm32f10x_hd.o(.text)
    EXTI3_IRQHandler                         0x0800015f   Thumb Code     0  startup_stm32f10x_hd.o(.text)
    EXTI4_IRQHandler                         0x0800015f   Thumb Code     0  startup_stm32f10x_hd.o(.text)
    EXTI9_5_IRQHandler                       0x0800015f   Thumb Code     0  startup_stm32f10x_hd.o(.text)
    FLASH_IRQHandler                         0x0800015f   Thumb Code     0  startup_stm32f10x_hd.o(.text)
    FSMC_IRQHandler                          0x0800015f   Thumb Code     0  startup_stm32f10x_hd.o(.text)
    I2C1_ER_IRQHandler                       0x0800015f   Thumb Code     0  startup_stm32f10x_hd.o(.text)
    I2C1_EV_IRQHandler                       0x0800015f   Thumb Code     0  startup_stm32f10x_hd.o(.text)
    I2C2_ER_IRQHandler                       0x0800015f   Thumb Code     0  startup_stm32f10x_hd.o(.text)
    I2C2_EV_IRQHandler                       0x0800015f   Thumb Code     0  startup_stm32f10x_hd.o(.text)
    PVD_IRQHandler                           0x0800015f   Thumb Code     0  startup_stm32f10x_hd.o(.text)
    RCC_IRQHandler                           0x0800015f   Thumb Code     0  startup_stm32f10x_hd.o(.text)
    RTCAlarm_IRQHandler                      0x0800015f   Thumb Code     0  startup_stm32f10x_hd.o(.text)
    RTC_IRQHandler                           0x0800015f   Thumb Code     0  startup_stm32f10x_hd.o(.text)
    SDIO_IRQHandler                          0x0800015f   Thumb Code     0  startup_stm32f10x_hd.o(.text)
    SPI1_IRQHandler                          0x0800015f   Thumb Code     0  startup_stm32f10x_hd.o(.text)
    SPI2_IRQHandler                          0x0800015f   Thumb Code     0  startup_stm32f10x_hd.o(.text)
    SPI3_IRQHandler                          0x0800015f   Thumb Code     0  startup_stm32f10x_hd.o(.text)
    TAMPER_IRQHandler                        0x0800015f   Thumb Code     0  startup_stm32f10x_hd.o(.text)
    TIM1_BRK_IRQHandler                      0x0800015f   Thumb Code     0  startup_stm32f10x_hd.o(.text)
    TIM1_CC_IRQHandler                       0x0800015f   Thumb Code     0  startup_stm32f10x_hd.o(.text)
    TIM1_TRG_COM_IRQHandler                  0x0800015f   Thumb Code     0  startup_stm32f10x_hd.o(.text)
    TIM1_UP_IRQHandler                       0x0800015f   Thumb Code     0  startup_stm32f10x_hd.o(.text)
    TIM3_IRQHandler                          0x0800015f   Thumb Code     0  startup_stm32f10x_hd.o(.text)
    TIM4_IRQHandler                          0x0800015f   Thumb Code     0  startup_stm32f10x_hd.o(.text)
    TIM5_IRQHandler                          0x0800015f   Thumb Code     0  startup_stm32f10x_hd.o(.text)
    TIM6_IRQHandler                          0x0800015f   Thumb Code     0  startup_stm32f10x_hd.o(.text)
    TIM7_IRQHandler                          0x0800015f   Thumb Code     0  startup_stm32f10x_hd.o(.text)
    TIM8_BRK_IRQHandler                      0x0800015f   Thumb Code     0  startup_stm32f10x_hd.o(.text)
    TIM8_CC_IRQHandler                       0x0800015f   Thumb Code     0  startup_stm32f10x_hd.o(.text)
    TIM8_TRG_COM_IRQHandler                  0x0800015f   Thumb Code     0  startup_stm32f10x_hd.o(.text)
    TIM8_UP_IRQHandler                       0x0800015f   Thumb Code     0  startup_stm32f10x_hd.o(.text)
    UART4_IRQHandler                         0x0800015f   Thumb Code     0  startup_stm32f10x_hd.o(.text)
    UART5_IRQHandler                         0x0800015f   Thumb Code     0  startup_stm32f10x_hd.o(.text)
    USART2_IRQHandler                        0x0800015f   Thumb Code     0  startup_stm32f10x_hd.o(.text)
    USBWakeUp_IRQHandler                     0x0800015f   Thumb Code     0  startup_stm32f10x_hd.o(.text)
    USB_HP_CAN1_TX_IRQHandler                0x0800015f   Thumb Code     0  startup_stm32f10x_hd.o(.text)
    USB_LP_CAN1_RX0_IRQHandler               0x0800015f   Thumb Code     0  startup_stm32f10x_hd.o(.text)
    WWDG_IRQHandler                          0x0800015f   Thumb Code     0  startup_stm32f10x_hd.o(.text)
    strstr                                   0x08000169   Thumb Code    36  strstr.o(.text)
    __aeabi_dadd                             0x0800018d   Thumb Code   322  dadd.o(.text)
    __aeabi_dsub                             0x080002cf   Thumb Code     6  dadd.o(.text)
    __aeabi_drsub                            0x080002d5   Thumb Code     6  dadd.o(.text)
    __aeabi_dmul                             0x080002db   Thumb Code   228  dmul.o(.text)
    __aeabi_i2d                              0x080003bf   Thumb Code    34  dflti.o(.text)
    __aeabi_ui2d                             0x080003e1   Thumb Code    26  dfltui.o(.text)
    __aeabi_d2uiz                            0x080003fb   Thumb Code    50  dfixui.o(.text)
    __aeabi_uidiv                            0x0800042d   Thumb Code     0  uidiv.o(.text)
    __aeabi_uidivmod                         0x0800042d   Thumb Code    44  uidiv.o(.text)
    __aeabi_uldivmod                         0x08000459   Thumb Code    98  uldiv.o(.text)
    __aeabi_llsl                             0x080004bb   Thumb Code    30  llshl.o(.text)
    _ll_shift_l                              0x080004bb   Thumb Code     0  llshl.o(.text)
    __aeabi_llsr                             0x080004d9   Thumb Code    32  llushr.o(.text)
    _ll_ushift_r                             0x080004d9   Thumb Code     0  llushr.o(.text)
    __aeabi_lasr                             0x080004f9   Thumb Code    36  llsshr.o(.text)
    _ll_sshift_r                             0x080004f9   Thumb Code     0  llsshr.o(.text)
    __I$use$fp                               0x0800051d   Thumb Code     0  iusefp.o(.text)
    _double_round                            0x0800051d   Thumb Code    30  depilogue.o(.text)
    _double_epilogue                         0x0800053b   Thumb Code   156  depilogue.o(.text)
    __aeabi_ddiv                             0x080005d7   Thumb Code   222  ddiv.o(.text)
    __ARM_scalbn                             0x080006b5   Thumb Code    46  dscalb.o(.text)
    scalbn                                   0x080006b5   Thumb Code     0  dscalb.o(.text)
    __aeabi_d2ulz                            0x080006e3   Thumb Code    48  dfixul.o(.text)
    __aeabi_cdrcmple                         0x08000715   Thumb Code    48  cdrcmple.o(.text)
    __scatterload                            0x08000745   Thumb Code    28  init.o(.text)
    __scatterload_rt2                        0x08000745   Thumb Code     0  init.o(.text)
    _dsqrt                                   0x08000769   Thumb Code   162  dsqrt.o(.text)
    Add_FR                                   0x0800080d   Thumb Code   332  fingerprint.o(i.Add_FR)
    BusFault_Handler                         0x08000ab1   Thumb Code     4  stm32f10x_it.o(i.BusFault_Handler)
    DMA_Cmd                                  0x08000ab5   Thumb Code    24  stm32f10x_dma.o(i.DMA_Cmd)
    DMA_Init                                 0x08000acd   Thumb Code    60  stm32f10x_dma.o(i.DMA_Init)
    DMA_SetCurrDataCounter                   0x08000b09   Thumb Code     4  stm32f10x_dma.o(i.DMA_SetCurrDataCounter)
    DMA_UART_Config                          0x08000b0d   Thumb Code   130  dma.o(i.DMA_UART_Config)
    DMA_USART3_IRQHandler_SubFunction        0x08000b9d   Thumb Code    76  dma.o(i.DMA_USART3_IRQHandler_SubFunction)
    DebugMon_Handler                         0x08000bf5   Thumb Code     2  stm32f10x_it.o(i.DebugMon_Handler)
    Del_FR                                   0x08000bf9   Thumb Code    80  fingerprint.o(i.Del_FR)
    Delay_Init                               0x08000cb9   Thumb Code    84  delay.o(i.Delay_Init)
    Delay_usms                               0x08000d1d   Thumb Code    68  delay.o(i.Delay_usms)
    EnsureMessage                            0x08000d69   Thumb Code   140  as608.o(i.EnsureMessage)
    FingerPrintConnect                       0x08000fd9   Thumb Code    82  fingerprint.o(i.FingerPrintConnect)
    FingerProcess                            0x08001069   Thumb Code   154  fingerprint.o(i.FingerProcess)
    GPIO_Config                              0x08001121   Thumb Code    56  gpio.o(i.GPIO_Config)
    GPIO_Init                                0x08001159   Thumb Code   278  stm32f10x_gpio.o(i.GPIO_Init)
    GPIO_ResetBits                           0x0800126f   Thumb Code     4  stm32f10x_gpio.o(i.GPIO_ResetBits)
    GPIO_SetBits                             0x08001273   Thumb Code     4  stm32f10x_gpio.o(i.GPIO_SetBits)
    GetKeyValue                              0x08001279   Thumb Code   468  fingerprint.o(i.GetKeyValue)
    HardFault_Handler                        0x0800145d   Thumb Code     4  stm32f10x_it.o(i.HardFault_Handler)
    Init                                     0x08001461   Thumb Code    64  loop.o(i.Init)
    Initial_Run                              0x080014a5   Thumb Code    10  loop.o(i.Initial_Run)
    KEY16_GPIODETECTION                      0x08001545   Thumb Code   228  bsp_key.o(i.KEY16_GPIODETECTION)
    Key_GPIO_Config                          0x0800162d   Thumb Code    52  bsp_key.o(i.Key_GPIO_Config)
    Key_Scan                                 0x08001665   Thumb Code   276  bsp_key.o(i.Key_Scan)
    LedFlash                                 0x0800178d   Thumb Code    30  loop.o(i.LedFlash)
    MemManage_Handler                        0x080017d5   Thumb Code     4  stm32f10x_it.o(i.MemManage_Handler)
    NMI_Handler                              0x080017d9   Thumb Code     2  stm32f10x_it.o(i.NMI_Handler)
    NVIC_Config                              0x080017db   Thumb Code    34  nvic.o(i.NVIC_Config)
    NVIC_Init                                0x08001869   Thumb Code   100  misc.o(i.NVIC_Init)
    NVIC_PriorityGroupConfig                 0x080018d9   Thumb Code    10  misc.o(i.NVIC_PriorityGroupConfig)
    PS_Empty                                 0x080018ed   Thumb Code    58  as608.o(i.PS_Empty)
    PS_GenChar                               0x08001927   Thumb Code    70  as608.o(i.PS_GenChar)
    PS_GetImage                              0x0800196d   Thumb Code    58  as608.o(i.PS_GetImage)
    PS_HandShake                             0x080019a9   Thumb Code   138  as608.o(i.PS_HandShake)
    PS_HighSpeedSearch                       0x08001a3d   Thumb Code   144  as608.o(i.PS_HighSpeedSearch)
    PS_Match                                 0x08001acd   Thumb Code    58  as608.o(i.PS_Match)
    PS_ReadSysPara                           0x08001b09   Thumb Code   168  as608.o(i.PS_ReadSysPara)
    PS_RegModel                              0x08001bf9   Thumb Code    58  as608.o(i.PS_RegModel)
    PS_StaGPIO_Init                          0x08001c35   Thumb Code    40  as608.o(i.PS_StaGPIO_Init)
    PS_StoreChar                             0x08001c61   Thumb Code    96  as608.o(i.PS_StoreChar)
    PS_ValidTempleteNum                      0x08001cc1   Thumb Code   108  as608.o(i.PS_ValidTempleteNum)
    PendSV_Handler                           0x08001d49   Thumb Code     2  stm32f10x_it.o(i.PendSV_Handler)
    RCC_AHBPeriphClockCmd                    0x08001d4d   Thumb Code    26  stm32f10x_rcc.o(i.RCC_AHBPeriphClockCmd)
    RCC_APB1PeriphClockCmd                   0x08001d6d   Thumb Code    26  stm32f10x_rcc.o(i.RCC_APB1PeriphClockCmd)
    RCC_APB2PeriphClockCmd                   0x08001d8d   Thumb Code    26  stm32f10x_rcc.o(i.RCC_APB2PeriphClockCmd)
    RCC_GetClocksFreq                        0x08001dad   Thumb Code   192  stm32f10x_rcc.o(i.RCC_GetClocksFreq)
    SVC_Handler                              0x08001e81   Thumb Code     2  stm32f10x_it.o(i.SVC_Handler)
    ShowErrMessage                           0x08001ff1   Thumb Code    18  fingerprint.o(i.ShowErrMessage)
    SysTick_Handler                          0x08002003   Thumb Code     2  stm32f10x_it.o(i.SysTick_Handler)
    SystemInit                               0x08002005   Thumb Code    78  system_stm32f10x.o(i.SystemInit)
    TIM2_IRQHandler                          0x08002065   Thumb Code    30  loop.o(i.TIM2_IRQHandler)
    TIM2_Init                                0x08002083   Thumb Code    62  tim.o(i.TIM2_Init)
    TIM_ClearITPendingBit                    0x080020c1   Thumb Code     6  stm32f10x_tim.o(i.TIM_ClearITPendingBit)
    TIM_Cmd                                  0x080020c7   Thumb Code    24  stm32f10x_tim.o(i.TIM_Cmd)
    TIM_GetITStatus                          0x080020df   Thumb Code    34  stm32f10x_tim.o(i.TIM_GetITStatus)
    TIM_ITConfig                             0x08002101   Thumb Code    18  stm32f10x_tim.o(i.TIM_ITConfig)
    TIM_TimeBaseInit                         0x08002115   Thumb Code   122  stm32f10x_tim.o(i.TIM_TimeBaseInit)
    USART1_IRQHandler                        0x080021b9   Thumb Code    10  usart.o(i.USART1_IRQHandler)
    USART3_IRQHandler                        0x080021cd   Thumb Code    14  usart.o(i.USART3_IRQHandler)
    USART_ClearFlag                          0x080021e5   Thumb Code    18  stm32f10x_usart.o(i.USART_ClearFlag)
    USART_Cmd                                0x080021f7   Thumb Code    24  stm32f10x_usart.o(i.USART_Cmd)
    USART_Config                             0x08002211   Thumb Code   288  usart.o(i.USART_Config)
    USART_DMACmd                             0x08002349   Thumb Code    18  stm32f10x_usart.o(i.USART_DMACmd)
    USART_GetFlagStatus                      0x0800235b   Thumb Code    26  stm32f10x_usart.o(i.USART_GetFlagStatus)
    USART_GetITStatus                        0x08002375   Thumb Code    84  stm32f10x_usart.o(i.USART_GetITStatus)
    USART_ITConfig                           0x080023c9   Thumb Code    74  stm32f10x_usart.o(i.USART_ITConfig)
    USART_Init                               0x08002415   Thumb Code   210  stm32f10x_usart.o(i.USART_Init)
    USART_SendData                           0x080024ed   Thumb Code     8  stm32f10x_usart.o(i.USART_SendData)
    USART_Send_Byte                          0x080024f5   Thumb Code    30  usart.o(i.USART_Send_Byte)
    USART_Send_String                        0x08002513   Thumb Code    40  usart.o(i.USART_Send_String)
    UsageFault_Handler                       0x0800253b   Thumb Code     4  stm32f10x_it.o(i.UsageFault_Handler)
    __0printf                                0x08002541   Thumb Code    22  printfa.o(i.__0printf)
    __1printf                                0x08002541   Thumb Code     0  printfa.o(i.__0printf)
    __2printf                                0x08002541   Thumb Code     0  printfa.o(i.__0printf)
    __c89printf                              0x08002541   Thumb Code     0  printfa.o(i.__0printf)
    printf                                   0x08002541   Thumb Code     0  printfa.o(i.__0printf)
    __0vsprintf                              0x08002561   Thumb Code    30  printfa.o(i.__0vsprintf)
    __1vsprintf                              0x08002561   Thumb Code     0  printfa.o(i.__0vsprintf)
    __2vsprintf                              0x08002561   Thumb Code     0  printfa.o(i.__0vsprintf)
    __c89vsprintf                            0x08002561   Thumb Code     0  printfa.o(i.__0vsprintf)
    vsprintf                                 0x08002561   Thumb Code     0  printfa.o(i.__0vsprintf)
    __ARM_fpclassify                         0x08002585   Thumb Code    40  fpclassify.o(i.__ARM_fpclassify)
    __kernel_poly                            0x080025ad   Thumb Code   170  poly.o(i.__kernel_poly)
    __mathlib_dbl_divzero                    0x08002659   Thumb Code    12  dunder.o(i.__mathlib_dbl_divzero)
    __mathlib_dbl_infnan2                    0x08002669   Thumb Code     4  dunder.o(i.__mathlib_dbl_infnan2)
    __mathlib_dbl_invalid                    0x0800266d   Thumb Code    12  dunder.o(i.__mathlib_dbl_invalid)
    __mathlib_dbl_overflow                   0x08002679   Thumb Code    14  dunder.o(i.__mathlib_dbl_overflow)
    __mathlib_dbl_underflow                  0x08002689   Thumb Code    10  dunder.o(i.__mathlib_dbl_underflow)
    __scatterload_copy                       0x08002699   Thumb Code    14  handlers.o(i.__scatterload_copy)
    __scatterload_null                       0x080026a7   Thumb Code     2  handlers.o(i.__scatterload_null)
    __scatterload_zeroinit                   0x080026a9   Thumb Code    14  handlers.o(i.__scatterload_zeroinit)
    __set_errno                              0x080026b9   Thumb Code     6  errno.o(i.__set_errno)
    fputc                                    0x08002f81   Thumb Code    44  usart.o(i.fputc)
    getKey                                   0x08002fb1   Thumb Code    36  bsp_key.o(i.getKey)
    getKeyIO                                 0x08002fd9   Thumb Code    14  bsp_key.o(i.getKeyIO)
    loop                                     0x08002fe7   Thumb Code    20  loop.o(i.loop)
    main                                     0x08002ffb   Thumb Code    12  loop.o(i.main)
    pow                                      0x08003009   Thumb Code  2512  pow.o(i.pow)
    press_FR                                 0x080039e1   Thumb Code    78  fingerprint.o(i.press_FR)
    printf_usart1                            0x08003a71   Thumb Code    38  usart.o(i.printf_usart1)
    printf_usart3                            0x08003a9d   Thumb Code    38  usart.o(i.printf_usart3)
    sqrt                                     0x08003ac9   Thumb Code    76  sqrt.o(i.sqrt)
    __mathlib_zero                           0x08003ba0   Data           8  qnan.o(.constdata)
    Region$$Table$$Base                      0x08003ba8   Number         0  anon$$obj.o(Region$$Table)
    Region$$Table$$Limit                     0x08003bc8   Number         0  anon$$obj.o(Region$$Table)
    SystemCoreClock                          0x20000000   Data           4  system_stm32f10x.o(.data)
    AHBPrescTable                            0x20000004   Data          16  system_stm32f10x.o(.data)
    KeyBuffer                                0x20000028   Data           4  bsp_key.o(.data)
    AS608Addr                                0x20000038   Data           4  as608.o(.data)
    ValidN                                   0x2000003c   Data           2  fingerprint.o(.data)
    ensure                                   0x2000003e   Data           1  fingerprint.o(.data)
    FingerSta                                0x2000003f   Data           1  fingerprint.o(.data)
    __stdout                                 0x20000040   Data           4  stdout.o(.data)
    UART_TX_BUF                              0x20000048   Data          32  usart.o(.bss)
    UART_RX_BUF                              0x20000068   Data          32  usart.o(.bss)
    MyUSART1_Type                            0x20000088   Data          76  usart.o(.bss)
    MyUSART2_Type                            0x200000d4   Data          76  usart.o(.bss)
    MyUSART3_Type                            0x20000120   Data          76  usart.o(.bss)
    AS608Para                                0x2000016c   Data          12  fingerprint.o(.bss)
    __initial_sp                             0x20000578   Data           0  startup_stm32f10x_hd.o(STACK)



==============================================================================

Memory Map of the image

  Image Entry point : 0x08000131

  Load Region LR_IROM1 (Base: 0x08000000, Size: 0x00003c10, Max: 0x00010000, ABSOLUTE)

    Execution Region ER_IROM1 (Exec base: 0x08000000, Load base: 0x08000000, Size: 0x00003bc8, Max: 0x00010000, ABSOLUTE)

    Exec Addr    Load Addr    Size         Type   Attr      Idx    E Section Name        Object

    0x08000000   0x08000000   0x00000130   Data   RO            3    RESET               startup_stm32f10x_hd.o
    0x08000130   0x08000130   0x00000000   Code   RO         3796  * .ARM.Collect$$$$00000000  mc_w.l(entry.o)
    0x08000130   0x08000130   0x00000004   Code   RO         4105    .ARM.Collect$$$$00000001  mc_w.l(entry2.o)
    0x08000134   0x08000134   0x00000004   Code   RO         4108    .ARM.Collect$$$$00000004  mc_w.l(entry5.o)
    0x08000138   0x08000138   0x00000000   Code   RO         4110    .ARM.Collect$$$$00000008  mc_w.l(entry7b.o)
    0x08000138   0x08000138   0x00000000   Code   RO         4112    .ARM.Collect$$$$0000000A  mc_w.l(entry8b.o)
    0x08000138   0x08000138   0x00000008   Code   RO         4113    .ARM.Collect$$$$0000000B  mc_w.l(entry9a.o)
    0x08000140   0x08000140   0x00000000   Code   RO         4115    .ARM.Collect$$$$0000000D  mc_w.l(entry10a.o)
    0x08000140   0x08000140   0x00000000   Code   RO         4117    .ARM.Collect$$$$0000000F  mc_w.l(entry11a.o)
    0x08000140   0x08000140   0x00000004   Code   RO         4106    .ARM.Collect$$$$00002712  mc_w.l(entry2.o)
    0x08000144   0x08000144   0x00000024   Code   RO            4    .text               startup_stm32f10x_hd.o
    0x08000168   0x08000168   0x00000024   Code   RO         3801    .text               mc_w.l(strstr.o)
    0x0800018c   0x0800018c   0x0000014e   Code   RO         4068    .text               mf_w.l(dadd.o)
    0x080002da   0x080002da   0x000000e4   Code   RO         4070    .text               mf_w.l(dmul.o)
    0x080003be   0x080003be   0x00000022   Code   RO         4072    .text               mf_w.l(dflti.o)
    0x080003e0   0x080003e0   0x0000001a   Code   RO         4074    .text               mf_w.l(dfltui.o)
    0x080003fa   0x080003fa   0x00000032   Code   RO         4076    .text               mf_w.l(dfixui.o)
    0x0800042c   0x0800042c   0x0000002c   Code   RO         4120    .text               mc_w.l(uidiv.o)
    0x08000458   0x08000458   0x00000062   Code   RO         4122    .text               mc_w.l(uldiv.o)
    0x080004ba   0x080004ba   0x0000001e   Code   RO         4124    .text               mc_w.l(llshl.o)
    0x080004d8   0x080004d8   0x00000020   Code   RO         4126    .text               mc_w.l(llushr.o)
    0x080004f8   0x080004f8   0x00000024   Code   RO         4128    .text               mc_w.l(llsshr.o)
    0x0800051c   0x0800051c   0x00000000   Code   RO         4137    .text               mc_w.l(iusefp.o)
    0x0800051c   0x0800051c   0x000000ba   Code   RO         4138    .text               mf_w.l(depilogue.o)
    0x080005d6   0x080005d6   0x000000de   Code   RO         4140    .text               mf_w.l(ddiv.o)
    0x080006b4   0x080006b4   0x0000002e   Code   RO         4142    .text               mf_w.l(dscalb.o)
    0x080006e2   0x080006e2   0x00000030   Code   RO         4144    .text               mf_w.l(dfixul.o)
    0x08000712   0x08000712   0x00000002   PAD
    0x08000714   0x08000714   0x00000030   Code   RO         4146    .text               mf_w.l(cdrcmple.o)
    0x08000744   0x08000744   0x00000024   Code   RO         4148    .text               mc_w.l(init.o)
    0x08000768   0x08000768   0x000000a2   Code   RO         4150    .text               mf_w.l(dsqrt.o)
    0x0800080a   0x0800080a   0x00000002   PAD
    0x0800080c   0x0800080c   0x000002a4   Code   RO         3723    i.Add_FR            fingerprint.o
    0x08000ab0   0x08000ab0   0x00000004   Code   RO         3195    i.BusFault_Handler  stm32f10x_it.o
    0x08000ab4   0x08000ab4   0x00000018   Code   RO          982    i.DMA_Cmd           stm32f10x_dma.o
    0x08000acc   0x08000acc   0x0000003c   Code   RO          988    i.DMA_Init          stm32f10x_dma.o
    0x08000b08   0x08000b08   0x00000004   Code   RO          989    i.DMA_SetCurrDataCounter  stm32f10x_dma.o
    0x08000b0c   0x08000b0c   0x00000090   Code   RO         3678    i.DMA_UART_Config   dma.o
    0x08000b9c   0x08000b9c   0x00000058   Code   RO         3681    i.DMA_USART3_IRQHandler_SubFunction  dma.o
    0x08000bf4   0x08000bf4   0x00000002   Code   RO         3196    i.DebugMon_Handler  stm32f10x_it.o
    0x08000bf6   0x08000bf6   0x00000002   PAD
    0x08000bf8   0x08000bf8   0x000000c0   Code   RO         3724    i.Del_FR            fingerprint.o
    0x08000cb8   0x08000cb8   0x00000064   Code   RO         3480    i.Delay_Init        delay.o
    0x08000d1c   0x08000d1c   0x0000004c   Code   RO         3482    i.Delay_usms        delay.o
    0x08000d68   0x08000d68   0x00000270   Code   RO         3309    i.EnsureMessage     as608.o
    0x08000fd8   0x08000fd8   0x00000090   Code   RO         3725    i.FingerPrintConnect  fingerprint.o
    0x08001068   0x08001068   0x000000b8   Code   RO         3726    i.FingerProcess     fingerprint.o
    0x08001120   0x08001120   0x00000038   Code   RO         3510    i.GPIO_Config       gpio.o
    0x08001158   0x08001158   0x00000116   Code   RO          183    i.GPIO_Init         stm32f10x_gpio.o
    0x0800126e   0x0800126e   0x00000004   Code   RO          190    i.GPIO_ResetBits    stm32f10x_gpio.o
    0x08001272   0x08001272   0x00000004   Code   RO          191    i.GPIO_SetBits      stm32f10x_gpio.o
    0x08001276   0x08001276   0x00000002   PAD
    0x08001278   0x08001278   0x000001e4   Code   RO         3727    i.GetKeyValue       fingerprint.o
    0x0800145c   0x0800145c   0x00000004   Code   RO         3197    i.HardFault_Handler  stm32f10x_it.o
    0x08001460   0x08001460   0x00000044   Code   RO         3108    i.Init              loop.o
    0x080014a4   0x080014a4   0x00000014   Code   RO         3109    i.Initial_Run       loop.o
    0x080014b8   0x080014b8   0x0000008c   Code   RO         3310    i.JudgeStr          as608.o
    0x08001544   0x08001544   0x000000e8   Code   RO         3264    i.KEY16_GPIODETECTION  bsp_key.o
    0x0800162c   0x0800162c   0x00000038   Code   RO         3265    i.Key_GPIO_Config   bsp_key.o
    0x08001664   0x08001664   0x00000128   Code   RO         3266    i.Key_Scan          bsp_key.o
    0x0800178c   0x0800178c   0x0000002c   Code   RO         3110    i.LedFlash          loop.o
    0x080017b8   0x080017b8   0x0000001c   Code   RO         3311    i.MYUSART_SendData  as608.o
    0x080017d4   0x080017d4   0x00000004   Code   RO         3198    i.MemManage_Handler  stm32f10x_it.o
    0x080017d8   0x080017d8   0x00000002   Code   RO         3199    i.NMI_Handler       stm32f10x_it.o
    0x080017da   0x080017da   0x00000022   Code   RO         3522    i.NVIC_Config       nvic.o
    0x080017fc   0x080017fc   0x0000006c   Code   RO         3585    i.NVIC_Configuration  usart.o
    0x08001868   0x08001868   0x00000070   Code   RO          137    i.NVIC_Init         misc.o
    0x080018d8   0x080018d8   0x00000014   Code   RO          138    i.NVIC_PriorityGroupConfig  misc.o
    0x080018ec   0x080018ec   0x0000003a   Code   RO         3313    i.PS_Empty          as608.o
    0x08001926   0x08001926   0x00000046   Code   RO         3314    i.PS_GenChar        as608.o
    0x0800196c   0x0800196c   0x0000003a   Code   RO         3315    i.PS_GetImage       as608.o
    0x080019a6   0x080019a6   0x00000002   PAD
    0x080019a8   0x080019a8   0x00000094   Code   RO         3316    i.PS_HandShake      as608.o
    0x08001a3c   0x08001a3c   0x00000090   Code   RO         3317    i.PS_HighSpeedSearch  as608.o
    0x08001acc   0x08001acc   0x0000003a   Code   RO         3318    i.PS_Match          as608.o
    0x08001b06   0x08001b06   0x00000002   PAD
    0x08001b08   0x08001b08   0x000000f0   Code   RO         3320    i.PS_ReadSysPara    as608.o
    0x08001bf8   0x08001bf8   0x0000003a   Code   RO         3321    i.PS_RegModel       as608.o
    0x08001c32   0x08001c32   0x00000002   PAD
    0x08001c34   0x08001c34   0x0000002c   Code   RO         3324    i.PS_StaGPIO_Init   as608.o
    0x08001c60   0x08001c60   0x00000060   Code   RO         3325    i.PS_StoreChar      as608.o
    0x08001cc0   0x08001cc0   0x00000088   Code   RO         3326    i.PS_ValidTempleteNum  as608.o
    0x08001d48   0x08001d48   0x00000002   Code   RO         3200    i.PendSV_Handler    stm32f10x_it.o
    0x08001d4a   0x08001d4a   0x00000002   PAD
    0x08001d4c   0x08001d4c   0x00000020   Code   RO         1707    i.RCC_AHBPeriphClockCmd  stm32f10x_rcc.o
    0x08001d6c   0x08001d6c   0x00000020   Code   RO         1708    i.RCC_APB1PeriphClockCmd  stm32f10x_rcc.o
    0x08001d8c   0x08001d8c   0x00000020   Code   RO         1710    i.RCC_APB2PeriphClockCmd  stm32f10x_rcc.o
    0x08001dac   0x08001dac   0x000000d4   Code   RO         1718    i.RCC_GetClocksFreq  stm32f10x_rcc.o
    0x08001e80   0x08001e80   0x00000002   Code   RO         3201    i.SVC_Handler       stm32f10x_it.o
    0x08001e82   0x08001e82   0x00000002   PAD
    0x08001e84   0x08001e84   0x00000034   Code   RO         3329    i.SendAddr          as608.o
    0x08001eb8   0x08001eb8   0x00000012   Code   RO         3330    i.SendCheck         as608.o
    0x08001eca   0x08001eca   0x0000000c   Code   RO         3331    i.SendFlag          as608.o
    0x08001ed6   0x08001ed6   0x00000010   Code   RO         3332    i.SendHead          as608.o
    0x08001ee6   0x08001ee6   0x00000014   Code   RO         3333    i.SendLength        as608.o
    0x08001efa   0x08001efa   0x0000000c   Code   RO         3334    i.Sendcmd           as608.o
    0x08001f06   0x08001f06   0x00000008   Code   RO           24    i.SetSysClock       system_stm32f10x.o
    0x08001f0e   0x08001f0e   0x00000002   PAD
    0x08001f10   0x08001f10   0x000000e0   Code   RO           25    i.SetSysClockTo72   system_stm32f10x.o
    0x08001ff0   0x08001ff0   0x00000012   Code   RO         3728    i.ShowErrMessage    fingerprint.o
    0x08002002   0x08002002   0x00000002   Code   RO         3202    i.SysTick_Handler   stm32f10x_it.o
    0x08002004   0x08002004   0x00000060   Code   RO           27    i.SystemInit        system_stm32f10x.o
    0x08002064   0x08002064   0x0000001e   Code   RO         3111    i.TIM2_IRQHandler   loop.o
    0x08002082   0x08002082   0x0000003e   Code   RO         3538    i.TIM2_Init         tim.o
    0x080020c0   0x080020c0   0x00000006   Code   RO         2337    i.TIM_ClearITPendingBit  stm32f10x_tim.o
    0x080020c6   0x080020c6   0x00000018   Code   RO         2342    i.TIM_Cmd           stm32f10x_tim.o
    0x080020de   0x080020de   0x00000022   Code   RO         2363    i.TIM_GetITStatus   stm32f10x_tim.o
    0x08002100   0x08002100   0x00000012   Code   RO         2367    i.TIM_ITConfig      stm32f10x_tim.o
    0x08002112   0x08002112   0x00000002   PAD
    0x08002114   0x08002114   0x000000a4   Code   RO         2413    i.TIM_TimeBaseInit  stm32f10x_tim.o
    0x080021b8   0x080021b8   0x00000014   Code   RO         3586    i.USART1_IRQHandler  usart.o
    0x080021cc   0x080021cc   0x00000018   Code   RO         3587    i.USART3_IRQHandler  usart.o
    0x080021e4   0x080021e4   0x00000012   Code   RO         2874    i.USART_ClearFlag   stm32f10x_usart.o
    0x080021f6   0x080021f6   0x00000018   Code   RO         2878    i.USART_Cmd         stm32f10x_usart.o
    0x0800220e   0x0800220e   0x00000002   PAD
    0x08002210   0x08002210   0x00000138   Code   RO         3588    i.USART_Config      usart.o
    0x08002348   0x08002348   0x00000012   Code   RO         2879    i.USART_DMACmd      stm32f10x_usart.o
    0x0800235a   0x0800235a   0x0000001a   Code   RO         2881    i.USART_GetFlagStatus  stm32f10x_usart.o
    0x08002374   0x08002374   0x00000054   Code   RO         2882    i.USART_GetITStatus  stm32f10x_usart.o
    0x080023c8   0x080023c8   0x0000004a   Code   RO         2884    i.USART_ITConfig    stm32f10x_usart.o
    0x08002412   0x08002412   0x00000002   PAD
    0x08002414   0x08002414   0x000000d8   Code   RO         2885    i.USART_Init        stm32f10x_usart.o
    0x080024ec   0x080024ec   0x00000008   Code   RO         2895    i.USART_SendData    stm32f10x_usart.o
    0x080024f4   0x080024f4   0x0000001e   Code   RO         3589    i.USART_Send_Byte   usart.o
    0x08002512   0x08002512   0x00000028   Code   RO         3590    i.USART_Send_String  usart.o
    0x0800253a   0x0800253a   0x00000004   Code   RO         3203    i.UsageFault_Handler  stm32f10x_it.o
    0x0800253e   0x0800253e   0x00000002   PAD
    0x08002540   0x08002540   0x00000020   Code   RO         4040    i.__0printf         mc_w.l(printfa.o)
    0x08002560   0x08002560   0x00000024   Code   RO         4046    i.__0vsprintf       mc_w.l(printfa.o)
    0x08002584   0x08002584   0x00000028   Code   RO         4092    i.__ARM_fpclassify  m_ws.l(fpclassify.o)
    0x080025ac   0x080025ac   0x000000aa   Code   RO         4094    i.__kernel_poly     m_ws.l(poly.o)
    0x08002656   0x08002656   0x00000002   PAD
    0x08002658   0x08002658   0x00000010   Code   RO         4078    i.__mathlib_dbl_divzero  m_ws.l(dunder.o)
    0x08002668   0x08002668   0x00000004   Code   RO         4080    i.__mathlib_dbl_infnan2  m_ws.l(dunder.o)
    0x0800266c   0x0800266c   0x0000000c   Code   RO         4081    i.__mathlib_dbl_invalid  m_ws.l(dunder.o)
    0x08002678   0x08002678   0x0000000e   Code   RO         4082    i.__mathlib_dbl_overflow  m_ws.l(dunder.o)
    0x08002686   0x08002686   0x00000002   PAD
    0x08002688   0x08002688   0x00000010   Code   RO         4084    i.__mathlib_dbl_underflow  m_ws.l(dunder.o)
    0x08002698   0x08002698   0x0000000e   Code   RO         4156    i.__scatterload_copy  mc_w.l(handlers.o)
    0x080026a6   0x080026a6   0x00000002   Code   RO         4157    i.__scatterload_null  mc_w.l(handlers.o)
    0x080026a8   0x080026a8   0x0000000e   Code   RO         4158    i.__scatterload_zeroinit  mc_w.l(handlers.o)
    0x080026b6   0x080026b6   0x00000002   PAD
    0x080026b8   0x080026b8   0x0000000c   Code   RO         4132    i.__set_errno       mc_w.l(errno.o)
    0x080026c4   0x080026c4   0x00000184   Code   RO         4047    i._fp_digits        mc_w.l(printfa.o)
    0x08002848   0x08002848   0x000006dc   Code   RO         4048    i._printf_core      mc_w.l(printfa.o)
    0x08002f24   0x08002f24   0x00000024   Code   RO         4049    i._printf_post_padding  mc_w.l(printfa.o)
    0x08002f48   0x08002f48   0x0000002e   Code   RO         4050    i._printf_pre_padding  mc_w.l(printfa.o)
    0x08002f76   0x08002f76   0x0000000a   Code   RO         4052    i._sputc            mc_w.l(printfa.o)
    0x08002f80   0x08002f80   0x00000030   Code   RO         3593    i.fputc             usart.o
    0x08002fb0   0x08002fb0   0x00000028   Code   RO         3267    i.getKey            bsp_key.o
    0x08002fd8   0x08002fd8   0x0000000e   Code   RO         3268    i.getKeyIO          bsp_key.o
    0x08002fe6   0x08002fe6   0x00000014   Code   RO         3112    i.loop              loop.o
    0x08002ffa   0x08002ffa   0x0000000c   Code   RO         3113    i.main              loop.o
    0x08003006   0x08003006   0x00000002   PAD
    0x08003008   0x08003008   0x000009d8   Code   RO         3787    i.pow               m_ws.l(pow.o)
    0x080039e0   0x080039e0   0x00000090   Code   RO         3729    i.press_FR          fingerprint.o
    0x08003a70   0x08003a70   0x0000002c   Code   RO         3594    i.printf_usart1     usart.o
    0x08003a9c   0x08003a9c   0x0000002c   Code   RO         3596    i.printf_usart3     usart.o
    0x08003ac8   0x08003ac8   0x0000004c   Code   RO         4098    i.sqrt              m_ws.l(sqrt.o)
    0x08003b14   0x08003b14   0x00000004   PAD
    0x08003b18   0x08003b18   0x00000088   Data   RO         3788    .constdata          m_ws.l(pow.o)
    0x08003ba0   0x08003ba0   0x00000008   Data   RO         4096    .constdata          m_ws.l(qnan.o)
    0x08003ba8   0x08003ba8   0x00000020   Data   RO         4154    Region$$Table       anon$$obj.o


    Execution Region RW_IRAM1 (Exec base: 0x20000000, Load base: 0x08003bc8, Size: 0x00000578, Max: 0x00005000, ABSOLUTE)

    Exec Addr    Load Addr    Size         Type   Attr      Idx    E Section Name        Object

    0x20000000   0x08003bc8   0x00000014   Data   RW           28    .data               system_stm32f10x.o
    0x20000014   0x08003bdc   0x00000014   Data   RW         1738    .data               stm32f10x_rcc.o
    0x20000028   0x08003bf0   0x0000000f   Data   RW         3269    .data               bsp_key.o
    0x20000037   0x08003bff   0x00000001   PAD
    0x20000038   0x08003c00   0x00000004   Data   RW         3335    .data               as608.o
    0x2000003c   0x08003c04   0x00000004   Data   RW         3731    .data               fingerprint.o
    0x20000040   0x08003c08   0x00000004   Data   RW         4119    .data               mc_w.l(stdout.o)
    0x20000044   0x08003c0c   0x00000004   Data   RW         4133    .data               mc_w.l(errno.o)
    0x20000048        -       0x00000124   Zero   RW         3597    .bss                usart.o
    0x2000016c        -       0x0000000c   Zero   RW         3730    .bss                fingerprint.o
    0x20000178        -       0x00000400   Zero   RW            1    STACK               startup_stm32f10x_hd.o


==============================================================================

Image component sizes


      Code (inc. data)   RO Data    RW Data    ZI Data      Debug   Object Name

      2032        652          0          4          0      12639   as608.o
       638         32          0         15          0       5535   bsp_key.o
         0          0          0          0          0       4540   core_cm3.o
       176         24          0          0          0      16257   delay.o
       232         26          0          0          0       1102   dma.o
      1842        636          0          4         12       6005   fingerprint.o
        56          0          0          0          0       1030   gpio.o
       194         28          0          0          0       2524   loop.o
       132         22          0          0          0       1631   misc.o
        34          0          0          0          0        662   nvic.o
        36          8        304          0       1024        848   startup_stm32f10x_hd.o
        88          0          0          0          0       3462   stm32f10x_dma.o
       286          0          0          0          0       3156   stm32f10x_gpio.o
        26          0          0          0          0       3722   stm32f10x_it.o
       308         38          0         20          0       5158   stm32f10x_rcc.o
       246         42          0          0          0       3726   stm32f10x_tim.o
       468          6          0          0          0       7026   stm32f10x_usart.o
       328         28          0         20          0     259185   system_stm32f10x.o
        62          0          0          0          0        592   tim.o
       670         68          0          0        292       9113   usart.o

    ----------------------------------------------------------------------
      7880       1610        336         64       1328     347913   Object Totals
         0          0         32          0          0          0   (incl. Generated)
        26          0          0          1          0          0   (incl. Padding)

    ----------------------------------------------------------------------

      Code (inc. data)   RO Data    RW Data    ZI Data      Debug   Library Member Name

        62         10          0          0          0        340   dunder.o
        40          0          0          0          0         68   fpclassify.o
       170          0          0          0          0         96   poly.o
      2520        190        136          0          0        324   pow.o
         0          0          8          0          0          0   qnan.o
        76          0          0          0          0         84   sqrt.o
         0          0          0          0          0          0   entry.o
         0          0          0          0          0          0   entry10a.o
         0          0          0          0          0          0   entry11a.o
         8          4          0          0          0          0   entry2.o
         4          0          0          0          0          0   entry5.o
         0          0          0          0          0          0   entry7b.o
         0          0          0          0          0          0   entry8b.o
         8          4          0          0          0          0   entry9a.o
        12          6          0          4          0         68   errno.o
        30          0          0          0          0          0   handlers.o
        36          8          0          0          0         68   init.o
         0          0          0          0          0          0   iusefp.o
        30          0          0          0          0         68   llshl.o
        36          0          0          0          0         68   llsshr.o
        32          0          0          0          0         68   llushr.o
      2304         96          0          0          0        600   printfa.o
         0          0          0          4          0          0   stdout.o
        36          0          0          0          0         80   strstr.o
        44          0          0          0          0         80   uidiv.o
        98          0          0          0          0         92   uldiv.o
        48          0          0          0          0         68   cdrcmple.o
       334          0          0          0          0        148   dadd.o
       222          0          0          0          0        100   ddiv.o
       186          0          0          0          0        176   depilogue.o
        50          0          0          0          0         76   dfixui.o
        48          0          0          0          0         68   dfixul.o
        34          0          0          0          0         76   dflti.o
        26          0          0          0          0         76   dfltui.o
       228          0          0          0          0         96   dmul.o
        46          0          0          0          0         80   dscalb.o
       162          0          0          0          0        100   dsqrt.o

    ----------------------------------------------------------------------
      6944        318        144          8          0       3168   Library Totals
        14          0          0          0          0          0   (incl. Padding)

    ----------------------------------------------------------------------

      Code (inc. data)   RO Data    RW Data    ZI Data      Debug   Library Name

      2868        200        144          0          0        912   m_ws.l
      2678        118          0          8          0       1192   mc_w.l
      1384          0          0          0          0       1064   mf_w.l

    ----------------------------------------------------------------------
      6944        318        144          8          0       3168   Library Totals

    ----------------------------------------------------------------------

==============================================================================


      Code (inc. data)   RO Data    RW Data    ZI Data      Debug   

     14824       1928        480         72       1328     344993   Grand Totals
     14824       1928        480         72       1328     344993   ELF Image Totals
     14824       1928        480         72          0          0   ROM Totals

==============================================================================

    Total RO  Size (Code + RO Data)                15304 (  14.95kB)
    Total RW  Size (RW Data + ZI Data)              1400 (   1.37kB)
    Total ROM Size (Code + RO Data + RW Data)      15376 (  15.02kB)

==============================================================================

