<!doctype html public "-//w3c//dtd html 4.0 transitional//en">
<html><head>
<title>Static Call Graph - [.\Objects\stm32f10x_fwlib_template.axf]</title></head>
<body><HR>
<H1>Static Call Graph for image .\Objects\stm32f10x_fwlib_template.axf</H1><HR>
<BR><P>#&#060CALLGRAPH&#062# ARM Linker, 5060750: Last Updated: Fri Dec 14 23:00:31 2018
<BR><P>
<H3>Maximum Stack Usage =        336 bytes + Unknown(Cycles, Untraceable Function Pointers)</H3><H3>
Call chain for Maximum Stack Depth:</H3>
main &rArr; loop &rArr; FingerProcess &rArr; Add_FR &rArr; GetKeyValue &rArr; pow &rArr; __kernel_poly &rArr; __aeabi_dmul &rArr; _double_epilogue &rArr; _double_round
<P>
<H3>
Mutually Recursive functions
</H3> <LI><a href="#[1c]">ADC1_2_IRQHandler</a>&nbsp;&nbsp;&nbsp;&rArr;&nbsp;&nbsp;&nbsp;<a href="#[1c]">ADC1_2_IRQHandler</a><BR>
</UL>
<P>
<H3>
Function Pointers
</H3><UL>
 <LI><a href="#[1c]">ADC1_2_IRQHandler</a> from startup_stm32f10x_hd.o(.text) referenced from startup_stm32f10x_hd.o(RESET)
 <LI><a href="#[39]">ADC3_IRQHandler</a> from startup_stm32f10x_hd.o(.text) referenced from startup_stm32f10x_hd.o(RESET)
 <LI><a href="#[4]">BusFault_Handler</a> from stm32f10x_it.o(i.BusFault_Handler) referenced from startup_stm32f10x_hd.o(RESET)
 <LI><a href="#[1f]">CAN1_RX1_IRQHandler</a> from startup_stm32f10x_hd.o(.text) referenced from startup_stm32f10x_hd.o(RESET)
 <LI><a href="#[20]">CAN1_SCE_IRQHandler</a> from startup_stm32f10x_hd.o(.text) referenced from startup_stm32f10x_hd.o(RESET)
 <LI><a href="#[15]">DMA1_Channel1_IRQHandler</a> from startup_stm32f10x_hd.o(.text) referenced from startup_stm32f10x_hd.o(RESET)
 <LI><a href="#[16]">DMA1_Channel2_IRQHandler</a> from startup_stm32f10x_hd.o(.text) referenced from startup_stm32f10x_hd.o(RESET)
 <LI><a href="#[17]">DMA1_Channel3_IRQHandler</a> from startup_stm32f10x_hd.o(.text) referenced from startup_stm32f10x_hd.o(RESET)
 <LI><a href="#[18]">DMA1_Channel4_IRQHandler</a> from startup_stm32f10x_hd.o(.text) referenced from startup_stm32f10x_hd.o(RESET)
 <LI><a href="#[19]">DMA1_Channel5_IRQHandler</a> from startup_stm32f10x_hd.o(.text) referenced from startup_stm32f10x_hd.o(RESET)
 <LI><a href="#[1a]">DMA1_Channel6_IRQHandler</a> from startup_stm32f10x_hd.o(.text) referenced from startup_stm32f10x_hd.o(RESET)
 <LI><a href="#[1b]">DMA1_Channel7_IRQHandler</a> from startup_stm32f10x_hd.o(.text) referenced from startup_stm32f10x_hd.o(RESET)
 <LI><a href="#[42]">DMA2_Channel1_IRQHandler</a> from startup_stm32f10x_hd.o(.text) referenced from startup_stm32f10x_hd.o(RESET)
 <LI><a href="#[43]">DMA2_Channel2_IRQHandler</a> from startup_stm32f10x_hd.o(.text) referenced from startup_stm32f10x_hd.o(RESET)
 <LI><a href="#[44]">DMA2_Channel3_IRQHandler</a> from startup_stm32f10x_hd.o(.text) referenced from startup_stm32f10x_hd.o(RESET)
 <LI><a href="#[45]">DMA2_Channel4_5_IRQHandler</a> from startup_stm32f10x_hd.o(.text) referenced from startup_stm32f10x_hd.o(RESET)
 <LI><a href="#[7]">DebugMon_Handler</a> from stm32f10x_it.o(i.DebugMon_Handler) referenced from startup_stm32f10x_hd.o(RESET)
 <LI><a href="#[10]">EXTI0_IRQHandler</a> from startup_stm32f10x_hd.o(.text) referenced from startup_stm32f10x_hd.o(RESET)
 <LI><a href="#[32]">EXTI15_10_IRQHandler</a> from startup_stm32f10x_hd.o(.text) referenced from startup_stm32f10x_hd.o(RESET)
 <LI><a href="#[11]">EXTI1_IRQHandler</a> from startup_stm32f10x_hd.o(.text) referenced from startup_stm32f10x_hd.o(RESET)
 <LI><a href="#[12]">EXTI2_IRQHandler</a> from startup_stm32f10x_hd.o(.text) referenced from startup_stm32f10x_hd.o(RESET)
 <LI><a href="#[13]">EXTI3_IRQHandler</a> from startup_stm32f10x_hd.o(.text) referenced from startup_stm32f10x_hd.o(RESET)
 <LI><a href="#[14]">EXTI4_IRQHandler</a> from startup_stm32f10x_hd.o(.text) referenced from startup_stm32f10x_hd.o(RESET)
 <LI><a href="#[21]">EXTI9_5_IRQHandler</a> from startup_stm32f10x_hd.o(.text) referenced from startup_stm32f10x_hd.o(RESET)
 <LI><a href="#[e]">FLASH_IRQHandler</a> from startup_stm32f10x_hd.o(.text) referenced from startup_stm32f10x_hd.o(RESET)
 <LI><a href="#[3a]">FSMC_IRQHandler</a> from startup_stm32f10x_hd.o(.text) referenced from startup_stm32f10x_hd.o(RESET)
 <LI><a href="#[2]">HardFault_Handler</a> from stm32f10x_it.o(i.HardFault_Handler) referenced from startup_stm32f10x_hd.o(RESET)
 <LI><a href="#[2a]">I2C1_ER_IRQHandler</a> from startup_stm32f10x_hd.o(.text) referenced from startup_stm32f10x_hd.o(RESET)
 <LI><a href="#[29]">I2C1_EV_IRQHandler</a> from startup_stm32f10x_hd.o(.text) referenced from startup_stm32f10x_hd.o(RESET)
 <LI><a href="#[2c]">I2C2_ER_IRQHandler</a> from startup_stm32f10x_hd.o(.text) referenced from startup_stm32f10x_hd.o(RESET)
 <LI><a href="#[2b]">I2C2_EV_IRQHandler</a> from startup_stm32f10x_hd.o(.text) referenced from startup_stm32f10x_hd.o(RESET)
 <LI><a href="#[3]">MemManage_Handler</a> from stm32f10x_it.o(i.MemManage_Handler) referenced from startup_stm32f10x_hd.o(RESET)
 <LI><a href="#[1]">NMI_Handler</a> from stm32f10x_it.o(i.NMI_Handler) referenced from startup_stm32f10x_hd.o(RESET)
 <LI><a href="#[b]">PVD_IRQHandler</a> from startup_stm32f10x_hd.o(.text) referenced from startup_stm32f10x_hd.o(RESET)
 <LI><a href="#[8]">PendSV_Handler</a> from stm32f10x_it.o(i.PendSV_Handler) referenced from startup_stm32f10x_hd.o(RESET)
 <LI><a href="#[f]">RCC_IRQHandler</a> from startup_stm32f10x_hd.o(.text) referenced from startup_stm32f10x_hd.o(RESET)
 <LI><a href="#[33]">RTCAlarm_IRQHandler</a> from startup_stm32f10x_hd.o(.text) referenced from startup_stm32f10x_hd.o(RESET)
 <LI><a href="#[d]">RTC_IRQHandler</a> from startup_stm32f10x_hd.o(.text) referenced from startup_stm32f10x_hd.o(RESET)
 <LI><a href="#[0]">Reset_Handler</a> from startup_stm32f10x_hd.o(.text) referenced from startup_stm32f10x_hd.o(RESET)
 <LI><a href="#[3b]">SDIO_IRQHandler</a> from startup_stm32f10x_hd.o(.text) referenced from startup_stm32f10x_hd.o(RESET)
 <LI><a href="#[2d]">SPI1_IRQHandler</a> from startup_stm32f10x_hd.o(.text) referenced from startup_stm32f10x_hd.o(RESET)
 <LI><a href="#[2e]">SPI2_IRQHandler</a> from startup_stm32f10x_hd.o(.text) referenced from startup_stm32f10x_hd.o(RESET)
 <LI><a href="#[3d]">SPI3_IRQHandler</a> from startup_stm32f10x_hd.o(.text) referenced from startup_stm32f10x_hd.o(RESET)
 <LI><a href="#[6]">SVC_Handler</a> from stm32f10x_it.o(i.SVC_Handler) referenced from startup_stm32f10x_hd.o(RESET)
 <LI><a href="#[9]">SysTick_Handler</a> from stm32f10x_it.o(i.SysTick_Handler) referenced from startup_stm32f10x_hd.o(RESET)
 <LI><a href="#[47]">SystemInit</a> from system_stm32f10x.o(i.SystemInit) referenced from startup_stm32f10x_hd.o(.text)
 <LI><a href="#[c]">TAMPER_IRQHandler</a> from startup_stm32f10x_hd.o(.text) referenced from startup_stm32f10x_hd.o(RESET)
 <LI><a href="#[22]">TIM1_BRK_IRQHandler</a> from startup_stm32f10x_hd.o(.text) referenced from startup_stm32f10x_hd.o(RESET)
 <LI><a href="#[25]">TIM1_CC_IRQHandler</a> from startup_stm32f10x_hd.o(.text) referenced from startup_stm32f10x_hd.o(RESET)
 <LI><a href="#[24]">TIM1_TRG_COM_IRQHandler</a> from startup_stm32f10x_hd.o(.text) referenced from startup_stm32f10x_hd.o(RESET)
 <LI><a href="#[23]">TIM1_UP_IRQHandler</a> from startup_stm32f10x_hd.o(.text) referenced from startup_stm32f10x_hd.o(RESET)
 <LI><a href="#[26]">TIM2_IRQHandler</a> from loop.o(i.TIM2_IRQHandler) referenced from startup_stm32f10x_hd.o(RESET)
 <LI><a href="#[27]">TIM3_IRQHandler</a> from startup_stm32f10x_hd.o(.text) referenced from startup_stm32f10x_hd.o(RESET)
 <LI><a href="#[28]">TIM4_IRQHandler</a> from startup_stm32f10x_hd.o(.text) referenced from startup_stm32f10x_hd.o(RESET)
 <LI><a href="#[3c]">TIM5_IRQHandler</a> from startup_stm32f10x_hd.o(.text) referenced from startup_stm32f10x_hd.o(RESET)
 <LI><a href="#[40]">TIM6_IRQHandler</a> from startup_stm32f10x_hd.o(.text) referenced from startup_stm32f10x_hd.o(RESET)
 <LI><a href="#[41]">TIM7_IRQHandler</a> from startup_stm32f10x_hd.o(.text) referenced from startup_stm32f10x_hd.o(RESET)
 <LI><a href="#[35]">TIM8_BRK_IRQHandler</a> from startup_stm32f10x_hd.o(.text) referenced from startup_stm32f10x_hd.o(RESET)
 <LI><a href="#[38]">TIM8_CC_IRQHandler</a> from startup_stm32f10x_hd.o(.text) referenced from startup_stm32f10x_hd.o(RESET)
 <LI><a href="#[37]">TIM8_TRG_COM_IRQHandler</a> from startup_stm32f10x_hd.o(.text) referenced from startup_stm32f10x_hd.o(RESET)
 <LI><a href="#[36]">TIM8_UP_IRQHandler</a> from startup_stm32f10x_hd.o(.text) referenced from startup_stm32f10x_hd.o(RESET)
 <LI><a href="#[3e]">UART4_IRQHandler</a> from startup_stm32f10x_hd.o(.text) referenced from startup_stm32f10x_hd.o(RESET)
 <LI><a href="#[3f]">UART5_IRQHandler</a> from startup_stm32f10x_hd.o(.text) referenced from startup_stm32f10x_hd.o(RESET)
 <LI><a href="#[2f]">USART1_IRQHandler</a> from usart.o(i.USART1_IRQHandler) referenced from startup_stm32f10x_hd.o(RESET)
 <LI><a href="#[30]">USART2_IRQHandler</a> from startup_stm32f10x_hd.o(.text) referenced from startup_stm32f10x_hd.o(RESET)
 <LI><a href="#[31]">USART3_IRQHandler</a> from usart.o(i.USART3_IRQHandler) referenced from startup_stm32f10x_hd.o(RESET)
 <LI><a href="#[34]">USBWakeUp_IRQHandler</a> from startup_stm32f10x_hd.o(.text) referenced from startup_stm32f10x_hd.o(RESET)
 <LI><a href="#[1d]">USB_HP_CAN1_TX_IRQHandler</a> from startup_stm32f10x_hd.o(.text) referenced from startup_stm32f10x_hd.o(RESET)
 <LI><a href="#[1e]">USB_LP_CAN1_RX0_IRQHandler</a> from startup_stm32f10x_hd.o(.text) referenced from startup_stm32f10x_hd.o(RESET)
 <LI><a href="#[5]">UsageFault_Handler</a> from stm32f10x_it.o(i.UsageFault_Handler) referenced from startup_stm32f10x_hd.o(RESET)
 <LI><a href="#[a]">WWDG_IRQHandler</a> from startup_stm32f10x_hd.o(.text) referenced from startup_stm32f10x_hd.o(RESET)
 <LI><a href="#[48]">__main</a> from entry.o(.ARM.Collect$$$$00000000) referenced from startup_stm32f10x_hd.o(.text)
 <LI><a href="#[4a]">_sputc</a> from printfa.o(i._sputc) referenced from printfa.o(i.__0vsprintf)
 <LI><a href="#[49]">fputc</a> from usart.o(i.fputc) referenced from printfa.o(i.__0printf)
 <LI><a href="#[46]">main</a> from loop.o(i.main) referenced from entry9a.o(.ARM.Collect$$$$0000000B)
</UL>
<P>
<H3>
Global Symbols
</H3>
<P><STRONG><a name="[48]"></a>__main</STRONG> (Thumb, 0 bytes, Stack size unknown bytes, entry.o(.ARM.Collect$$$$00000000))
<BR>[Address Reference Count : 1]<UL><LI> startup_stm32f10x_hd.o(.text)
</UL>
<P><STRONG><a name="[c0]"></a>_main_stk</STRONG> (Thumb, 0 bytes, Stack size unknown bytes, entry2.o(.ARM.Collect$$$$00000001))

<P><STRONG><a name="[4b]"></a>_main_scatterload</STRONG> (Thumb, 0 bytes, Stack size unknown bytes, entry5.o(.ARM.Collect$$$$00000004))
<BR><BR>[Calls]<UL><LI><a href="#[4c]">&gt;&gt;</a>&nbsp;&nbsp;&nbsp;__scatterload
</UL>

<P><STRONG><a name="[5c]"></a>__main_after_scatterload</STRONG> (Thumb, 0 bytes, Stack size unknown bytes, entry5.o(.ARM.Collect$$$$00000004))
<BR><BR>[Called By]<UL><LI><a href="#[4c]">&gt;&gt;</a>&nbsp;&nbsp;&nbsp;__scatterload
</UL>

<P><STRONG><a name="[c1]"></a>_main_clock</STRONG> (Thumb, 0 bytes, Stack size unknown bytes, entry7b.o(.ARM.Collect$$$$00000008))

<P><STRONG><a name="[c2]"></a>_main_cpp_init</STRONG> (Thumb, 0 bytes, Stack size unknown bytes, entry8b.o(.ARM.Collect$$$$0000000A))

<P><STRONG><a name="[c3]"></a>_main_init</STRONG> (Thumb, 0 bytes, Stack size unknown bytes, entry9a.o(.ARM.Collect$$$$0000000B))

<P><STRONG><a name="[c4]"></a>__rt_final_cpp</STRONG> (Thumb, 0 bytes, Stack size unknown bytes, entry10a.o(.ARM.Collect$$$$0000000D))

<P><STRONG><a name="[c5]"></a>__rt_final_exit</STRONG> (Thumb, 0 bytes, Stack size unknown bytes, entry11a.o(.ARM.Collect$$$$0000000F))

<P><STRONG><a name="[0]"></a>Reset_Handler</STRONG> (Thumb, 8 bytes, Stack size 0 bytes, startup_stm32f10x_hd.o(.text))
<BR>[Address Reference Count : 1]<UL><LI> startup_stm32f10x_hd.o(RESET)
</UL>
<P><STRONG><a name="[1c]"></a>ADC1_2_IRQHandler</STRONG> (Thumb, 0 bytes, Stack size 0 bytes, startup_stm32f10x_hd.o(.text))
<BR><BR>[Calls]<UL><LI><a href="#[1c]">&gt;&gt;</a>&nbsp;&nbsp;&nbsp;ADC1_2_IRQHandler
</UL>
<BR>[Called By]<UL><LI><a href="#[1c]">&gt;&gt;</a>&nbsp;&nbsp;&nbsp;ADC1_2_IRQHandler
</UL>
<BR>[Address Reference Count : 1]<UL><LI> startup_stm32f10x_hd.o(RESET)
</UL>
<P><STRONG><a name="[39]"></a>ADC3_IRQHandler</STRONG> (Thumb, 0 bytes, Stack size 0 bytes, startup_stm32f10x_hd.o(.text))
<BR>[Address Reference Count : 1]<UL><LI> startup_stm32f10x_hd.o(RESET)
</UL>
<P><STRONG><a name="[1f]"></a>CAN1_RX1_IRQHandler</STRONG> (Thumb, 0 bytes, Stack size 0 bytes, startup_stm32f10x_hd.o(.text))
<BR>[Address Reference Count : 1]<UL><LI> startup_stm32f10x_hd.o(RESET)
</UL>
<P><STRONG><a name="[20]"></a>CAN1_SCE_IRQHandler</STRONG> (Thumb, 0 bytes, Stack size 0 bytes, startup_stm32f10x_hd.o(.text))
<BR>[Address Reference Count : 1]<UL><LI> startup_stm32f10x_hd.o(RESET)
</UL>
<P><STRONG><a name="[15]"></a>DMA1_Channel1_IRQHandler</STRONG> (Thumb, 0 bytes, Stack size 0 bytes, startup_stm32f10x_hd.o(.text))
<BR>[Address Reference Count : 1]<UL><LI> startup_stm32f10x_hd.o(RESET)
</UL>
<P><STRONG><a name="[16]"></a>DMA1_Channel2_IRQHandler</STRONG> (Thumb, 0 bytes, Stack size 0 bytes, startup_stm32f10x_hd.o(.text))
<BR>[Address Reference Count : 1]<UL><LI> startup_stm32f10x_hd.o(RESET)
</UL>
<P><STRONG><a name="[17]"></a>DMA1_Channel3_IRQHandler</STRONG> (Thumb, 0 bytes, Stack size 0 bytes, startup_stm32f10x_hd.o(.text))
<BR>[Address Reference Count : 1]<UL><LI> startup_stm32f10x_hd.o(RESET)
</UL>
<P><STRONG><a name="[18]"></a>DMA1_Channel4_IRQHandler</STRONG> (Thumb, 0 bytes, Stack size 0 bytes, startup_stm32f10x_hd.o(.text))
<BR>[Address Reference Count : 1]<UL><LI> startup_stm32f10x_hd.o(RESET)
</UL>
<P><STRONG><a name="[19]"></a>DMA1_Channel5_IRQHandler</STRONG> (Thumb, 0 bytes, Stack size 0 bytes, startup_stm32f10x_hd.o(.text))
<BR>[Address Reference Count : 1]<UL><LI> startup_stm32f10x_hd.o(RESET)
</UL>
<P><STRONG><a name="[1a]"></a>DMA1_Channel6_IRQHandler</STRONG> (Thumb, 0 bytes, Stack size 0 bytes, startup_stm32f10x_hd.o(.text))
<BR>[Address Reference Count : 1]<UL><LI> startup_stm32f10x_hd.o(RESET)
</UL>
<P><STRONG><a name="[1b]"></a>DMA1_Channel7_IRQHandler</STRONG> (Thumb, 0 bytes, Stack size 0 bytes, startup_stm32f10x_hd.o(.text))
<BR>[Address Reference Count : 1]<UL><LI> startup_stm32f10x_hd.o(RESET)
</UL>
<P><STRONG><a name="[42]"></a>DMA2_Channel1_IRQHandler</STRONG> (Thumb, 0 bytes, Stack size 0 bytes, startup_stm32f10x_hd.o(.text))
<BR>[Address Reference Count : 1]<UL><LI> startup_stm32f10x_hd.o(RESET)
</UL>
<P><STRONG><a name="[43]"></a>DMA2_Channel2_IRQHandler</STRONG> (Thumb, 0 bytes, Stack size 0 bytes, startup_stm32f10x_hd.o(.text))
<BR>[Address Reference Count : 1]<UL><LI> startup_stm32f10x_hd.o(RESET)
</UL>
<P><STRONG><a name="[44]"></a>DMA2_Channel3_IRQHandler</STRONG> (Thumb, 0 bytes, Stack size 0 bytes, startup_stm32f10x_hd.o(.text))
<BR>[Address Reference Count : 1]<UL><LI> startup_stm32f10x_hd.o(RESET)
</UL>
<P><STRONG><a name="[45]"></a>DMA2_Channel4_5_IRQHandler</STRONG> (Thumb, 0 bytes, Stack size 0 bytes, startup_stm32f10x_hd.o(.text))
<BR>[Address Reference Count : 1]<UL><LI> startup_stm32f10x_hd.o(RESET)
</UL>
<P><STRONG><a name="[10]"></a>EXTI0_IRQHandler</STRONG> (Thumb, 0 bytes, Stack size 0 bytes, startup_stm32f10x_hd.o(.text))
<BR>[Address Reference Count : 1]<UL><LI> startup_stm32f10x_hd.o(RESET)
</UL>
<P><STRONG><a name="[32]"></a>EXTI15_10_IRQHandler</STRONG> (Thumb, 0 bytes, Stack size 0 bytes, startup_stm32f10x_hd.o(.text))
<BR>[Address Reference Count : 1]<UL><LI> startup_stm32f10x_hd.o(RESET)
</UL>
<P><STRONG><a name="[11]"></a>EXTI1_IRQHandler</STRONG> (Thumb, 0 bytes, Stack size 0 bytes, startup_stm32f10x_hd.o(.text))
<BR>[Address Reference Count : 1]<UL><LI> startup_stm32f10x_hd.o(RESET)
</UL>
<P><STRONG><a name="[12]"></a>EXTI2_IRQHandler</STRONG> (Thumb, 0 bytes, Stack size 0 bytes, startup_stm32f10x_hd.o(.text))
<BR>[Address Reference Count : 1]<UL><LI> startup_stm32f10x_hd.o(RESET)
</UL>
<P><STRONG><a name="[13]"></a>EXTI3_IRQHandler</STRONG> (Thumb, 0 bytes, Stack size 0 bytes, startup_stm32f10x_hd.o(.text))
<BR>[Address Reference Count : 1]<UL><LI> startup_stm32f10x_hd.o(RESET)
</UL>
<P><STRONG><a name="[14]"></a>EXTI4_IRQHandler</STRONG> (Thumb, 0 bytes, Stack size 0 bytes, startup_stm32f10x_hd.o(.text))
<BR>[Address Reference Count : 1]<UL><LI> startup_stm32f10x_hd.o(RESET)
</UL>
<P><STRONG><a name="[21]"></a>EXTI9_5_IRQHandler</STRONG> (Thumb, 0 bytes, Stack size 0 bytes, startup_stm32f10x_hd.o(.text))
<BR>[Address Reference Count : 1]<UL><LI> startup_stm32f10x_hd.o(RESET)
</UL>
<P><STRONG><a name="[e]"></a>FLASH_IRQHandler</STRONG> (Thumb, 0 bytes, Stack size 0 bytes, startup_stm32f10x_hd.o(.text))
<BR>[Address Reference Count : 1]<UL><LI> startup_stm32f10x_hd.o(RESET)
</UL>
<P><STRONG><a name="[3a]"></a>FSMC_IRQHandler</STRONG> (Thumb, 0 bytes, Stack size 0 bytes, startup_stm32f10x_hd.o(.text))
<BR>[Address Reference Count : 1]<UL><LI> startup_stm32f10x_hd.o(RESET)
</UL>
<P><STRONG><a name="[2a]"></a>I2C1_ER_IRQHandler</STRONG> (Thumb, 0 bytes, Stack size 0 bytes, startup_stm32f10x_hd.o(.text))
<BR>[Address Reference Count : 1]<UL><LI> startup_stm32f10x_hd.o(RESET)
</UL>
<P><STRONG><a name="[29]"></a>I2C1_EV_IRQHandler</STRONG> (Thumb, 0 bytes, Stack size 0 bytes, startup_stm32f10x_hd.o(.text))
<BR>[Address Reference Count : 1]<UL><LI> startup_stm32f10x_hd.o(RESET)
</UL>
<P><STRONG><a name="[2c]"></a>I2C2_ER_IRQHandler</STRONG> (Thumb, 0 bytes, Stack size 0 bytes, startup_stm32f10x_hd.o(.text))
<BR>[Address Reference Count : 1]<UL><LI> startup_stm32f10x_hd.o(RESET)
</UL>
<P><STRONG><a name="[2b]"></a>I2C2_EV_IRQHandler</STRONG> (Thumb, 0 bytes, Stack size 0 bytes, startup_stm32f10x_hd.o(.text))
<BR>[Address Reference Count : 1]<UL><LI> startup_stm32f10x_hd.o(RESET)
</UL>
<P><STRONG><a name="[b]"></a>PVD_IRQHandler</STRONG> (Thumb, 0 bytes, Stack size 0 bytes, startup_stm32f10x_hd.o(.text))
<BR>[Address Reference Count : 1]<UL><LI> startup_stm32f10x_hd.o(RESET)
</UL>
<P><STRONG><a name="[f]"></a>RCC_IRQHandler</STRONG> (Thumb, 0 bytes, Stack size 0 bytes, startup_stm32f10x_hd.o(.text))
<BR>[Address Reference Count : 1]<UL><LI> startup_stm32f10x_hd.o(RESET)
</UL>
<P><STRONG><a name="[33]"></a>RTCAlarm_IRQHandler</STRONG> (Thumb, 0 bytes, Stack size 0 bytes, startup_stm32f10x_hd.o(.text))
<BR>[Address Reference Count : 1]<UL><LI> startup_stm32f10x_hd.o(RESET)
</UL>
<P><STRONG><a name="[d]"></a>RTC_IRQHandler</STRONG> (Thumb, 0 bytes, Stack size 0 bytes, startup_stm32f10x_hd.o(.text))
<BR>[Address Reference Count : 1]<UL><LI> startup_stm32f10x_hd.o(RESET)
</UL>
<P><STRONG><a name="[3b]"></a>SDIO_IRQHandler</STRONG> (Thumb, 0 bytes, Stack size 0 bytes, startup_stm32f10x_hd.o(.text))
<BR>[Address Reference Count : 1]<UL><LI> startup_stm32f10x_hd.o(RESET)
</UL>
<P><STRONG><a name="[2d]"></a>SPI1_IRQHandler</STRONG> (Thumb, 0 bytes, Stack size 0 bytes, startup_stm32f10x_hd.o(.text))
<BR>[Address Reference Count : 1]<UL><LI> startup_stm32f10x_hd.o(RESET)
</UL>
<P><STRONG><a name="[2e]"></a>SPI2_IRQHandler</STRONG> (Thumb, 0 bytes, Stack size 0 bytes, startup_stm32f10x_hd.o(.text))
<BR>[Address Reference Count : 1]<UL><LI> startup_stm32f10x_hd.o(RESET)
</UL>
<P><STRONG><a name="[3d]"></a>SPI3_IRQHandler</STRONG> (Thumb, 0 bytes, Stack size 0 bytes, startup_stm32f10x_hd.o(.text))
<BR>[Address Reference Count : 1]<UL><LI> startup_stm32f10x_hd.o(RESET)
</UL>
<P><STRONG><a name="[c]"></a>TAMPER_IRQHandler</STRONG> (Thumb, 0 bytes, Stack size 0 bytes, startup_stm32f10x_hd.o(.text))
<BR>[Address Reference Count : 1]<UL><LI> startup_stm32f10x_hd.o(RESET)
</UL>
<P><STRONG><a name="[22]"></a>TIM1_BRK_IRQHandler</STRONG> (Thumb, 0 bytes, Stack size 0 bytes, startup_stm32f10x_hd.o(.text))
<BR>[Address Reference Count : 1]<UL><LI> startup_stm32f10x_hd.o(RESET)
</UL>
<P><STRONG><a name="[25]"></a>TIM1_CC_IRQHandler</STRONG> (Thumb, 0 bytes, Stack size 0 bytes, startup_stm32f10x_hd.o(.text))
<BR>[Address Reference Count : 1]<UL><LI> startup_stm32f10x_hd.o(RESET)
</UL>
<P><STRONG><a name="[24]"></a>TIM1_TRG_COM_IRQHandler</STRONG> (Thumb, 0 bytes, Stack size 0 bytes, startup_stm32f10x_hd.o(.text))
<BR>[Address Reference Count : 1]<UL><LI> startup_stm32f10x_hd.o(RESET)
</UL>
<P><STRONG><a name="[23]"></a>TIM1_UP_IRQHandler</STRONG> (Thumb, 0 bytes, Stack size 0 bytes, startup_stm32f10x_hd.o(.text))
<BR>[Address Reference Count : 1]<UL><LI> startup_stm32f10x_hd.o(RESET)
</UL>
<P><STRONG><a name="[27]"></a>TIM3_IRQHandler</STRONG> (Thumb, 0 bytes, Stack size 0 bytes, startup_stm32f10x_hd.o(.text))
<BR>[Address Reference Count : 1]<UL><LI> startup_stm32f10x_hd.o(RESET)
</UL>
<P><STRONG><a name="[28]"></a>TIM4_IRQHandler</STRONG> (Thumb, 0 bytes, Stack size 0 bytes, startup_stm32f10x_hd.o(.text))
<BR>[Address Reference Count : 1]<UL><LI> startup_stm32f10x_hd.o(RESET)
</UL>
<P><STRONG><a name="[3c]"></a>TIM5_IRQHandler</STRONG> (Thumb, 0 bytes, Stack size 0 bytes, startup_stm32f10x_hd.o(.text))
<BR>[Address Reference Count : 1]<UL><LI> startup_stm32f10x_hd.o(RESET)
</UL>
<P><STRONG><a name="[40]"></a>TIM6_IRQHandler</STRONG> (Thumb, 0 bytes, Stack size 0 bytes, startup_stm32f10x_hd.o(.text))
<BR>[Address Reference Count : 1]<UL><LI> startup_stm32f10x_hd.o(RESET)
</UL>
<P><STRONG><a name="[41]"></a>TIM7_IRQHandler</STRONG> (Thumb, 0 bytes, Stack size 0 bytes, startup_stm32f10x_hd.o(.text))
<BR>[Address Reference Count : 1]<UL><LI> startup_stm32f10x_hd.o(RESET)
</UL>
<P><STRONG><a name="[35]"></a>TIM8_BRK_IRQHandler</STRONG> (Thumb, 0 bytes, Stack size 0 bytes, startup_stm32f10x_hd.o(.text))
<BR>[Address Reference Count : 1]<UL><LI> startup_stm32f10x_hd.o(RESET)
</UL>
<P><STRONG><a name="[38]"></a>TIM8_CC_IRQHandler</STRONG> (Thumb, 0 bytes, Stack size 0 bytes, startup_stm32f10x_hd.o(.text))
<BR>[Address Reference Count : 1]<UL><LI> startup_stm32f10x_hd.o(RESET)
</UL>
<P><STRONG><a name="[37]"></a>TIM8_TRG_COM_IRQHandler</STRONG> (Thumb, 0 bytes, Stack size 0 bytes, startup_stm32f10x_hd.o(.text))
<BR>[Address Reference Count : 1]<UL><LI> startup_stm32f10x_hd.o(RESET)
</UL>
<P><STRONG><a name="[36]"></a>TIM8_UP_IRQHandler</STRONG> (Thumb, 0 bytes, Stack size 0 bytes, startup_stm32f10x_hd.o(.text))
<BR>[Address Reference Count : 1]<UL><LI> startup_stm32f10x_hd.o(RESET)
</UL>
<P><STRONG><a name="[3e]"></a>UART4_IRQHandler</STRONG> (Thumb, 0 bytes, Stack size 0 bytes, startup_stm32f10x_hd.o(.text))
<BR>[Address Reference Count : 1]<UL><LI> startup_stm32f10x_hd.o(RESET)
</UL>
<P><STRONG><a name="[3f]"></a>UART5_IRQHandler</STRONG> (Thumb, 0 bytes, Stack size 0 bytes, startup_stm32f10x_hd.o(.text))
<BR>[Address Reference Count : 1]<UL><LI> startup_stm32f10x_hd.o(RESET)
</UL>
<P><STRONG><a name="[30]"></a>USART2_IRQHandler</STRONG> (Thumb, 0 bytes, Stack size 0 bytes, startup_stm32f10x_hd.o(.text))
<BR>[Address Reference Count : 1]<UL><LI> startup_stm32f10x_hd.o(RESET)
</UL>
<P><STRONG><a name="[34]"></a>USBWakeUp_IRQHandler</STRONG> (Thumb, 0 bytes, Stack size 0 bytes, startup_stm32f10x_hd.o(.text))
<BR>[Address Reference Count : 1]<UL><LI> startup_stm32f10x_hd.o(RESET)
</UL>
<P><STRONG><a name="[1d]"></a>USB_HP_CAN1_TX_IRQHandler</STRONG> (Thumb, 0 bytes, Stack size 0 bytes, startup_stm32f10x_hd.o(.text))
<BR>[Address Reference Count : 1]<UL><LI> startup_stm32f10x_hd.o(RESET)
</UL>
<P><STRONG><a name="[1e]"></a>USB_LP_CAN1_RX0_IRQHandler</STRONG> (Thumb, 0 bytes, Stack size 0 bytes, startup_stm32f10x_hd.o(.text))
<BR>[Address Reference Count : 1]<UL><LI> startup_stm32f10x_hd.o(RESET)
</UL>
<P><STRONG><a name="[a]"></a>WWDG_IRQHandler</STRONG> (Thumb, 0 bytes, Stack size 0 bytes, startup_stm32f10x_hd.o(.text))
<BR>[Address Reference Count : 1]<UL><LI> startup_stm32f10x_hd.o(RESET)
</UL>
<P><STRONG><a name="[88]"></a>strstr</STRONG> (Thumb, 36 bytes, Stack size 12 bytes, strstr.o(.text))
<BR><BR>[Stack]<UL><LI>Max Depth = 12<LI>Call Chain = strstr
</UL>
<BR>[Called By]<UL><LI><a href="#[87]">&gt;&gt;</a>&nbsp;&nbsp;&nbsp;JudgeStr
</UL>

<P><STRONG><a name="[4d]"></a>__aeabi_dadd</STRONG> (Thumb, 322 bytes, Stack size 48 bytes, dadd.o(.text))
<BR><BR>[Stack]<UL><LI>Max Depth = 88<LI>Call Chain = __aeabi_dadd &rArr; _double_epilogue &rArr; _double_round
</UL>
<BR>[Calls]<UL><LI><a href="#[4f]">&gt;&gt;</a>&nbsp;&nbsp;&nbsp;__aeabi_lasr
<LI><a href="#[4e]">&gt;&gt;</a>&nbsp;&nbsp;&nbsp;__aeabi_llsl
<LI><a href="#[51]">&gt;&gt;</a>&nbsp;&nbsp;&nbsp;_double_round
<LI><a href="#[50]">&gt;&gt;</a>&nbsp;&nbsp;&nbsp;_double_epilogue
</UL>
<BR>[Called By]<UL><LI><a href="#[52]">&gt;&gt;</a>&nbsp;&nbsp;&nbsp;__aeabi_dsub
<LI><a href="#[53]">&gt;&gt;</a>&nbsp;&nbsp;&nbsp;__aeabi_drsub
<LI><a href="#[7e]">&gt;&gt;</a>&nbsp;&nbsp;&nbsp;pow
<LI><a href="#[66]">&gt;&gt;</a>&nbsp;&nbsp;&nbsp;GetKeyValue
<LI><a href="#[af]">&gt;&gt;</a>&nbsp;&nbsp;&nbsp;__kernel_poly
<LI><a href="#[b1]">&gt;&gt;</a>&nbsp;&nbsp;&nbsp;__mathlib_dbl_infnan2
<LI><a href="#[b6]">&gt;&gt;</a>&nbsp;&nbsp;&nbsp;_fp_digits
</UL>

<P><STRONG><a name="[52]"></a>__aeabi_dsub</STRONG> (Thumb, 6 bytes, Stack size 0 bytes, dadd.o(.text))
<BR><BR>[Stack]<UL><LI>Max Depth = 88<LI>Call Chain = __aeabi_dsub &rArr; __aeabi_dadd &rArr; _double_epilogue &rArr; _double_round
</UL>
<BR>[Calls]<UL><LI><a href="#[4d]">&gt;&gt;</a>&nbsp;&nbsp;&nbsp;__aeabi_dadd
</UL>
<BR>[Called By]<UL><LI><a href="#[7e]">&gt;&gt;</a>&nbsp;&nbsp;&nbsp;pow
</UL>

<P><STRONG><a name="[53]"></a>__aeabi_drsub</STRONG> (Thumb, 6 bytes, Stack size 0 bytes, dadd.o(.text))
<BR><BR>[Stack]<UL><LI>Max Depth = 88<LI>Call Chain = __aeabi_drsub &rArr; __aeabi_dadd &rArr; _double_epilogue &rArr; _double_round
</UL>
<BR>[Calls]<UL><LI><a href="#[4d]">&gt;&gt;</a>&nbsp;&nbsp;&nbsp;__aeabi_dadd
</UL>
<BR>[Called By]<UL><LI><a href="#[7e]">&gt;&gt;</a>&nbsp;&nbsp;&nbsp;pow
</UL>

<P><STRONG><a name="[54]"></a>__aeabi_dmul</STRONG> (Thumb, 228 bytes, Stack size 48 bytes, dmul.o(.text))
<BR><BR>[Stack]<UL><LI>Max Depth = 88<LI>Call Chain = __aeabi_dmul &rArr; _double_epilogue &rArr; _double_round
</UL>
<BR>[Calls]<UL><LI><a href="#[50]">&gt;&gt;</a>&nbsp;&nbsp;&nbsp;_double_epilogue
</UL>
<BR>[Called By]<UL><LI><a href="#[7e]">&gt;&gt;</a>&nbsp;&nbsp;&nbsp;pow
<LI><a href="#[66]">&gt;&gt;</a>&nbsp;&nbsp;&nbsp;GetKeyValue
<LI><a href="#[af]">&gt;&gt;</a>&nbsp;&nbsp;&nbsp;__kernel_poly
<LI><a href="#[b6]">&gt;&gt;</a>&nbsp;&nbsp;&nbsp;_fp_digits
</UL>

<P><STRONG><a name="[55]"></a>__aeabi_i2d</STRONG> (Thumb, 34 bytes, Stack size 16 bytes, dflti.o(.text))
<BR><BR>[Stack]<UL><LI>Max Depth = 56<LI>Call Chain = __aeabi_i2d &rArr; _double_epilogue &rArr; _double_round
</UL>
<BR>[Calls]<UL><LI><a href="#[50]">&gt;&gt;</a>&nbsp;&nbsp;&nbsp;_double_epilogue
</UL>
<BR>[Called By]<UL><LI><a href="#[7e]">&gt;&gt;</a>&nbsp;&nbsp;&nbsp;pow
<LI><a href="#[66]">&gt;&gt;</a>&nbsp;&nbsp;&nbsp;GetKeyValue
</UL>

<P><STRONG><a name="[56]"></a>__aeabi_ui2d</STRONG> (Thumb, 26 bytes, Stack size 16 bytes, dfltui.o(.text))
<BR><BR>[Stack]<UL><LI>Max Depth = 56<LI>Call Chain = __aeabi_ui2d &rArr; _double_epilogue &rArr; _double_round
</UL>
<BR>[Calls]<UL><LI><a href="#[50]">&gt;&gt;</a>&nbsp;&nbsp;&nbsp;_double_epilogue
</UL>
<BR>[Called By]<UL><LI><a href="#[66]">&gt;&gt;</a>&nbsp;&nbsp;&nbsp;GetKeyValue
</UL>

<P><STRONG><a name="[57]"></a>__aeabi_d2uiz</STRONG> (Thumb, 50 bytes, Stack size 8 bytes, dfixui.o(.text))
<BR><BR>[Stack]<UL><LI>Max Depth = 8<LI>Call Chain = __aeabi_d2uiz
</UL>
<BR>[Calls]<UL><LI><a href="#[58]">&gt;&gt;</a>&nbsp;&nbsp;&nbsp;__aeabi_llsr
</UL>
<BR>[Called By]<UL><LI><a href="#[66]">&gt;&gt;</a>&nbsp;&nbsp;&nbsp;GetKeyValue
</UL>

<P><STRONG><a name="[c6]"></a>__aeabi_uidiv</STRONG> (Thumb, 0 bytes, Stack size 12 bytes, uidiv.o(.text), UNUSED)

<P><STRONG><a name="[ba]"></a>__aeabi_uidivmod</STRONG> (Thumb, 44 bytes, Stack size 12 bytes, uidiv.o(.text), UNUSED)
<BR><BR>[Called By]<UL><LI><a href="#[ad]">&gt;&gt;</a>&nbsp;&nbsp;&nbsp;_printf_core
</UL>

<P><STRONG><a name="[59]"></a>__aeabi_uldivmod</STRONG> (Thumb, 98 bytes, Stack size 40 bytes, uldiv.o(.text), UNUSED)
<BR><BR>[Calls]<UL><LI><a href="#[58]">&gt;&gt;</a>&nbsp;&nbsp;&nbsp;__aeabi_llsr
<LI><a href="#[4e]">&gt;&gt;</a>&nbsp;&nbsp;&nbsp;__aeabi_llsl
</UL>
<BR>[Called By]<UL><LI><a href="#[ad]">&gt;&gt;</a>&nbsp;&nbsp;&nbsp;_printf_core
<LI><a href="#[b6]">&gt;&gt;</a>&nbsp;&nbsp;&nbsp;_fp_digits
</UL>

<P><STRONG><a name="[4e]"></a>__aeabi_llsl</STRONG> (Thumb, 30 bytes, Stack size 0 bytes, llshl.o(.text))
<BR><BR>[Called By]<UL><LI><a href="#[4d]">&gt;&gt;</a>&nbsp;&nbsp;&nbsp;__aeabi_dadd
<LI><a href="#[59]">&gt;&gt;</a>&nbsp;&nbsp;&nbsp;__aeabi_uldivmod
<LI><a href="#[50]">&gt;&gt;</a>&nbsp;&nbsp;&nbsp;_double_epilogue
<LI><a href="#[5b]">&gt;&gt;</a>&nbsp;&nbsp;&nbsp;__aeabi_d2ulz
</UL>

<P><STRONG><a name="[c7]"></a>_ll_shift_l</STRONG> (Thumb, 0 bytes, Stack size 0 bytes, llshl.o(.text), UNUSED)

<P><STRONG><a name="[58]"></a>__aeabi_llsr</STRONG> (Thumb, 32 bytes, Stack size 0 bytes, llushr.o(.text))
<BR><BR>[Called By]<UL><LI><a href="#[57]">&gt;&gt;</a>&nbsp;&nbsp;&nbsp;__aeabi_d2uiz
<LI><a href="#[59]">&gt;&gt;</a>&nbsp;&nbsp;&nbsp;__aeabi_uldivmod
<LI><a href="#[5d]">&gt;&gt;</a>&nbsp;&nbsp;&nbsp;_dsqrt
<LI><a href="#[50]">&gt;&gt;</a>&nbsp;&nbsp;&nbsp;_double_epilogue
<LI><a href="#[5b]">&gt;&gt;</a>&nbsp;&nbsp;&nbsp;__aeabi_d2ulz
</UL>

<P><STRONG><a name="[c8]"></a>_ll_ushift_r</STRONG> (Thumb, 0 bytes, Stack size 0 bytes, llushr.o(.text), UNUSED)

<P><STRONG><a name="[4f]"></a>__aeabi_lasr</STRONG> (Thumb, 36 bytes, Stack size 0 bytes, llsshr.o(.text))
<BR><BR>[Called By]<UL><LI><a href="#[4d]">&gt;&gt;</a>&nbsp;&nbsp;&nbsp;__aeabi_dadd
</UL>

<P><STRONG><a name="[c9]"></a>_ll_sshift_r</STRONG> (Thumb, 0 bytes, Stack size 0 bytes, llsshr.o(.text), UNUSED)

<P><STRONG><a name="[ca]"></a>__I$use$fp</STRONG> (Thumb, 0 bytes, Stack size 8 bytes, iusefp.o(.text), UNUSED)

<P><STRONG><a name="[51]"></a>_double_round</STRONG> (Thumb, 30 bytes, Stack size 8 bytes, depilogue.o(.text))
<BR><BR>[Stack]<UL><LI>Max Depth = 8<LI>Call Chain = _double_round
</UL>
<BR>[Called By]<UL><LI><a href="#[5a]">&gt;&gt;</a>&nbsp;&nbsp;&nbsp;__aeabi_ddiv
<LI><a href="#[4d]">&gt;&gt;</a>&nbsp;&nbsp;&nbsp;__aeabi_dadd
<LI><a href="#[5d]">&gt;&gt;</a>&nbsp;&nbsp;&nbsp;_dsqrt
<LI><a href="#[50]">&gt;&gt;</a>&nbsp;&nbsp;&nbsp;_double_epilogue
</UL>

<P><STRONG><a name="[50]"></a>_double_epilogue</STRONG> (Thumb, 156 bytes, Stack size 32 bytes, depilogue.o(.text))
<BR><BR>[Stack]<UL><LI>Max Depth = 40<LI>Call Chain = _double_epilogue &rArr; _double_round
</UL>
<BR>[Calls]<UL><LI><a href="#[58]">&gt;&gt;</a>&nbsp;&nbsp;&nbsp;__aeabi_llsr
<LI><a href="#[4e]">&gt;&gt;</a>&nbsp;&nbsp;&nbsp;__aeabi_llsl
<LI><a href="#[51]">&gt;&gt;</a>&nbsp;&nbsp;&nbsp;_double_round
</UL>
<BR>[Called By]<UL><LI><a href="#[56]">&gt;&gt;</a>&nbsp;&nbsp;&nbsp;__aeabi_ui2d
<LI><a href="#[55]">&gt;&gt;</a>&nbsp;&nbsp;&nbsp;__aeabi_i2d
<LI><a href="#[54]">&gt;&gt;</a>&nbsp;&nbsp;&nbsp;__aeabi_dmul
<LI><a href="#[4d]">&gt;&gt;</a>&nbsp;&nbsp;&nbsp;__aeabi_dadd
</UL>

<P><STRONG><a name="[5a]"></a>__aeabi_ddiv</STRONG> (Thumb, 222 bytes, Stack size 32 bytes, ddiv.o(.text))
<BR><BR>[Stack]<UL><LI>Max Depth = 40<LI>Call Chain = __aeabi_ddiv &rArr; _double_round
</UL>
<BR>[Calls]<UL><LI><a href="#[51]">&gt;&gt;</a>&nbsp;&nbsp;&nbsp;_double_round
</UL>
<BR>[Called By]<UL><LI><a href="#[7e]">&gt;&gt;</a>&nbsp;&nbsp;&nbsp;pow
<LI><a href="#[b2]">&gt;&gt;</a>&nbsp;&nbsp;&nbsp;__mathlib_dbl_invalid
<LI><a href="#[b0]">&gt;&gt;</a>&nbsp;&nbsp;&nbsp;__mathlib_dbl_divzero
<LI><a href="#[b6]">&gt;&gt;</a>&nbsp;&nbsp;&nbsp;_fp_digits
</UL>

<P><STRONG><a name="[b4]"></a>__ARM_scalbn</STRONG> (Thumb, 46 bytes, Stack size 16 bytes, dscalb.o(.text))
<BR><BR>[Stack]<UL><LI>Max Depth = 16<LI>Call Chain = __ARM_scalbn
</UL>
<BR>[Called By]<UL><LI><a href="#[7e]">&gt;&gt;</a>&nbsp;&nbsp;&nbsp;pow
<LI><a href="#[b5]">&gt;&gt;</a>&nbsp;&nbsp;&nbsp;__mathlib_dbl_underflow
<LI><a href="#[b3]">&gt;&gt;</a>&nbsp;&nbsp;&nbsp;__mathlib_dbl_overflow
</UL>

<P><STRONG><a name="[cb]"></a>scalbn</STRONG> (Thumb, 0 bytes, Stack size 16 bytes, dscalb.o(.text), UNUSED)

<P><STRONG><a name="[5b]"></a>__aeabi_d2ulz</STRONG> (Thumb, 48 bytes, Stack size 0 bytes, dfixul.o(.text), UNUSED)
<BR><BR>[Calls]<UL><LI><a href="#[58]">&gt;&gt;</a>&nbsp;&nbsp;&nbsp;__aeabi_llsr
<LI><a href="#[4e]">&gt;&gt;</a>&nbsp;&nbsp;&nbsp;__aeabi_llsl
</UL>
<BR>[Called By]<UL><LI><a href="#[b6]">&gt;&gt;</a>&nbsp;&nbsp;&nbsp;_fp_digits
</UL>

<P><STRONG><a name="[b7]"></a>__aeabi_cdrcmple</STRONG> (Thumb, 48 bytes, Stack size 0 bytes, cdrcmple.o(.text))
<BR><BR>[Called By]<UL><LI><a href="#[7e]">&gt;&gt;</a>&nbsp;&nbsp;&nbsp;pow
<LI><a href="#[b6]">&gt;&gt;</a>&nbsp;&nbsp;&nbsp;_fp_digits
</UL>

<P><STRONG><a name="[4c]"></a>__scatterload</STRONG> (Thumb, 28 bytes, Stack size 0 bytes, init.o(.text))
<BR><BR>[Calls]<UL><LI><a href="#[5c]">&gt;&gt;</a>&nbsp;&nbsp;&nbsp;__main_after_scatterload
</UL>
<BR>[Called By]<UL><LI><a href="#[4b]">&gt;&gt;</a>&nbsp;&nbsp;&nbsp;_main_scatterload
</UL>

<P><STRONG><a name="[cc]"></a>__scatterload_rt2</STRONG> (Thumb, 0 bytes, Stack size 0 bytes, init.o(.text), UNUSED)

<P><STRONG><a name="[5d]"></a>_dsqrt</STRONG> (Thumb, 162 bytes, Stack size 32 bytes, dsqrt.o(.text))
<BR><BR>[Stack]<UL><LI>Max Depth = 40<LI>Call Chain = _dsqrt &rArr; _double_round
</UL>
<BR>[Calls]<UL><LI><a href="#[58]">&gt;&gt;</a>&nbsp;&nbsp;&nbsp;__aeabi_llsr
<LI><a href="#[51]">&gt;&gt;</a>&nbsp;&nbsp;&nbsp;_double_round
</UL>
<BR>[Called By]<UL><LI><a href="#[bd]">&gt;&gt;</a>&nbsp;&nbsp;&nbsp;sqrt
</UL>

<P><STRONG><a name="[5e]"></a>Add_FR</STRONG> (Thumb, 332 bytes, Stack size 24 bytes, fingerprint.o(i.Add_FR))
<BR><BR>[Stack]<UL><LI>Max Depth = 328<LI>Call Chain = Add_FR &rArr; GetKeyValue &rArr; pow &rArr; __kernel_poly &rArr; __aeabi_dmul &rArr; _double_epilogue &rArr; _double_round
</UL>
<BR>[Calls]<UL><LI><a href="#[62]">&gt;&gt;</a>&nbsp;&nbsp;&nbsp;ShowErrMessage
<LI><a href="#[66]">&gt;&gt;</a>&nbsp;&nbsp;&nbsp;GetKeyValue
<LI><a href="#[68]">&gt;&gt;</a>&nbsp;&nbsp;&nbsp;PS_ValidTempleteNum
<LI><a href="#[67]">&gt;&gt;</a>&nbsp;&nbsp;&nbsp;PS_StoreChar
<LI><a href="#[65]">&gt;&gt;</a>&nbsp;&nbsp;&nbsp;PS_RegModel
<LI><a href="#[63]">&gt;&gt;</a>&nbsp;&nbsp;&nbsp;PS_Match
<LI><a href="#[60]">&gt;&gt;</a>&nbsp;&nbsp;&nbsp;PS_GetImage
<LI><a href="#[61]">&gt;&gt;</a>&nbsp;&nbsp;&nbsp;PS_GenChar
<LI><a href="#[64]">&gt;&gt;</a>&nbsp;&nbsp;&nbsp;Delay_usms
<LI><a href="#[5f]">&gt;&gt;</a>&nbsp;&nbsp;&nbsp;__2printf
</UL>
<BR>[Called By]<UL><LI><a href="#[77]">&gt;&gt;</a>&nbsp;&nbsp;&nbsp;FingerProcess
</UL>

<P><STRONG><a name="[4]"></a>BusFault_Handler</STRONG> (Thumb, 4 bytes, Stack size 0 bytes, stm32f10x_it.o(i.BusFault_Handler))
<BR>[Address Reference Count : 1]<UL><LI> startup_stm32f10x_hd.o(RESET)
</UL>
<P><STRONG><a name="[6c]"></a>DMA_Cmd</STRONG> (Thumb, 24 bytes, Stack size 0 bytes, stm32f10x_dma.o(i.DMA_Cmd))
<BR><BR>[Called By]<UL><LI><a href="#[6e]">&gt;&gt;</a>&nbsp;&nbsp;&nbsp;DMA_USART3_IRQHandler_SubFunction
<LI><a href="#[69]">&gt;&gt;</a>&nbsp;&nbsp;&nbsp;DMA_UART_Config
</UL>

<P><STRONG><a name="[6b]"></a>DMA_Init</STRONG> (Thumb, 60 bytes, Stack size 8 bytes, stm32f10x_dma.o(i.DMA_Init))
<BR><BR>[Stack]<UL><LI>Max Depth = 8<LI>Call Chain = DMA_Init
</UL>
<BR>[Called By]<UL><LI><a href="#[69]">&gt;&gt;</a>&nbsp;&nbsp;&nbsp;DMA_UART_Config
</UL>

<P><STRONG><a name="[70]"></a>DMA_SetCurrDataCounter</STRONG> (Thumb, 4 bytes, Stack size 0 bytes, stm32f10x_dma.o(i.DMA_SetCurrDataCounter))
<BR><BR>[Called By]<UL><LI><a href="#[6e]">&gt;&gt;</a>&nbsp;&nbsp;&nbsp;DMA_USART3_IRQHandler_SubFunction
</UL>

<P><STRONG><a name="[69]"></a>DMA_UART_Config</STRONG> (Thumb, 130 bytes, Stack size 48 bytes, dma.o(i.DMA_UART_Config))
<BR><BR>[Stack]<UL><LI>Max Depth = 56<LI>Call Chain = DMA_UART_Config &rArr; DMA_Init
</UL>
<BR>[Calls]<UL><LI><a href="#[6b]">&gt;&gt;</a>&nbsp;&nbsp;&nbsp;DMA_Init
<LI><a href="#[6c]">&gt;&gt;</a>&nbsp;&nbsp;&nbsp;DMA_Cmd
<LI><a href="#[6a]">&gt;&gt;</a>&nbsp;&nbsp;&nbsp;RCC_AHBPeriphClockCmd
<LI><a href="#[6d]">&gt;&gt;</a>&nbsp;&nbsp;&nbsp;USART_DMACmd
</UL>
<BR>[Called By]<UL><LI><a href="#[7f]">&gt;&gt;</a>&nbsp;&nbsp;&nbsp;Init
</UL>

<P><STRONG><a name="[6e]"></a>DMA_USART3_IRQHandler_SubFunction</STRONG> (Thumb, 76 bytes, Stack size 8 bytes, dma.o(i.DMA_USART3_IRQHandler_SubFunction))
<BR><BR>[Stack]<UL><LI>Max Depth = 24<LI>Call Chain = DMA_USART3_IRQHandler_SubFunction &rArr; USART_GetITStatus
</UL>
<BR>[Calls]<UL><LI><a href="#[70]">&gt;&gt;</a>&nbsp;&nbsp;&nbsp;DMA_SetCurrDataCounter
<LI><a href="#[6c]">&gt;&gt;</a>&nbsp;&nbsp;&nbsp;DMA_Cmd
<LI><a href="#[6f]">&gt;&gt;</a>&nbsp;&nbsp;&nbsp;USART_GetITStatus
<LI><a href="#[71]">&gt;&gt;</a>&nbsp;&nbsp;&nbsp;USART_ClearFlag
</UL>
<BR>[Called By]<UL><LI><a href="#[31]">&gt;&gt;</a>&nbsp;&nbsp;&nbsp;USART3_IRQHandler
</UL>

<P><STRONG><a name="[7]"></a>DebugMon_Handler</STRONG> (Thumb, 2 bytes, Stack size 0 bytes, stm32f10x_it.o(i.DebugMon_Handler))
<BR>[Address Reference Count : 1]<UL><LI> startup_stm32f10x_hd.o(RESET)
</UL>
<P><STRONG><a name="[72]"></a>Del_FR</STRONG> (Thumb, 80 bytes, Stack size 8 bytes, fingerprint.o(i.Del_FR))
<BR><BR>[Stack]<UL><LI>Max Depth = 68<LI>Call Chain = Del_FR &rArr; PS_ValidTempleteNum &rArr; JudgeStr &rArr; strstr
</UL>
<BR>[Calls]<UL><LI><a href="#[62]">&gt;&gt;</a>&nbsp;&nbsp;&nbsp;ShowErrMessage
<LI><a href="#[68]">&gt;&gt;</a>&nbsp;&nbsp;&nbsp;PS_ValidTempleteNum
<LI><a href="#[73]">&gt;&gt;</a>&nbsp;&nbsp;&nbsp;PS_Empty
<LI><a href="#[64]">&gt;&gt;</a>&nbsp;&nbsp;&nbsp;Delay_usms
<LI><a href="#[5f]">&gt;&gt;</a>&nbsp;&nbsp;&nbsp;__2printf
</UL>
<BR>[Called By]<UL><LI><a href="#[77]">&gt;&gt;</a>&nbsp;&nbsp;&nbsp;FingerProcess
</UL>

<P><STRONG><a name="[83]"></a>Delay_Init</STRONG> (Thumb, 84 bytes, Stack size 12 bytes, delay.o(i.Delay_Init))
<BR><BR>[Stack]<UL><LI>Max Depth = 12<LI>Call Chain = Delay_Init
</UL>
<BR>[Called By]<UL><LI><a href="#[7f]">&gt;&gt;</a>&nbsp;&nbsp;&nbsp;Init
</UL>

<P><STRONG><a name="[64]"></a>Delay_usms</STRONG> (Thumb, 68 bytes, Stack size 0 bytes, delay.o(i.Delay_usms))
<BR><BR>[Called By]<UL><LI><a href="#[66]">&gt;&gt;</a>&nbsp;&nbsp;&nbsp;GetKeyValue
<LI><a href="#[72]">&gt;&gt;</a>&nbsp;&nbsp;&nbsp;Del_FR
<LI><a href="#[5e]">&gt;&gt;</a>&nbsp;&nbsp;&nbsp;Add_FR
<LI><a href="#[75]">&gt;&gt;</a>&nbsp;&nbsp;&nbsp;PS_HandShake
<LI><a href="#[87]">&gt;&gt;</a>&nbsp;&nbsp;&nbsp;JudgeStr
<LI><a href="#[89]">&gt;&gt;</a>&nbsp;&nbsp;&nbsp;KEY16_GPIODETECTION
<LI><a href="#[77]">&gt;&gt;</a>&nbsp;&nbsp;&nbsp;FingerProcess
<LI><a href="#[8d]">&gt;&gt;</a>&nbsp;&nbsp;&nbsp;LedFlash
</UL>

<P><STRONG><a name="[99]"></a>EnsureMessage</STRONG> (Thumb, 140 bytes, Stack size 0 bytes, as608.o(i.EnsureMessage))
<BR><BR>[Called By]<UL><LI><a href="#[62]">&gt;&gt;</a>&nbsp;&nbsp;&nbsp;ShowErrMessage
<LI><a href="#[68]">&gt;&gt;</a>&nbsp;&nbsp;&nbsp;PS_ValidTempleteNum
<LI><a href="#[76]">&gt;&gt;</a>&nbsp;&nbsp;&nbsp;PS_ReadSysPara
</UL>

<P><STRONG><a name="[74]"></a>FingerPrintConnect</STRONG> (Thumb, 82 bytes, Stack size 8 bytes, fingerprint.o(i.FingerPrintConnect))
<BR><BR>[Stack]<UL><LI>Max Depth = 68<LI>Call Chain = FingerPrintConnect &rArr; PS_ValidTempleteNum &rArr; JudgeStr &rArr; strstr
</UL>
<BR>[Calls]<UL><LI><a href="#[62]">&gt;&gt;</a>&nbsp;&nbsp;&nbsp;ShowErrMessage
<LI><a href="#[68]">&gt;&gt;</a>&nbsp;&nbsp;&nbsp;PS_ValidTempleteNum
<LI><a href="#[76]">&gt;&gt;</a>&nbsp;&nbsp;&nbsp;PS_ReadSysPara
<LI><a href="#[75]">&gt;&gt;</a>&nbsp;&nbsp;&nbsp;PS_HandShake
<LI><a href="#[5f]">&gt;&gt;</a>&nbsp;&nbsp;&nbsp;__2printf
</UL>
<BR>[Called By]<UL><LI><a href="#[bb]">&gt;&gt;</a>&nbsp;&nbsp;&nbsp;loop
</UL>

<P><STRONG><a name="[77]"></a>FingerProcess</STRONG> (Thumb, 154 bytes, Stack size 8 bytes, fingerprint.o(i.FingerProcess))
<BR><BR>[Stack]<UL><LI>Max Depth = 336<LI>Call Chain = FingerProcess &rArr; Add_FR &rArr; GetKeyValue &rArr; pow &rArr; __kernel_poly &rArr; __aeabi_dmul &rArr; _double_epilogue &rArr; _double_round
</UL>
<BR>[Calls]<UL><LI><a href="#[78]">&gt;&gt;</a>&nbsp;&nbsp;&nbsp;press_FR
<LI><a href="#[66]">&gt;&gt;</a>&nbsp;&nbsp;&nbsp;GetKeyValue
<LI><a href="#[72]">&gt;&gt;</a>&nbsp;&nbsp;&nbsp;Del_FR
<LI><a href="#[5e]">&gt;&gt;</a>&nbsp;&nbsp;&nbsp;Add_FR
<LI><a href="#[79]">&gt;&gt;</a>&nbsp;&nbsp;&nbsp;getKey
<LI><a href="#[64]">&gt;&gt;</a>&nbsp;&nbsp;&nbsp;Delay_usms
<LI><a href="#[5f]">&gt;&gt;</a>&nbsp;&nbsp;&nbsp;__2printf
</UL>
<BR>[Called By]<UL><LI><a href="#[bb]">&gt;&gt;</a>&nbsp;&nbsp;&nbsp;loop
</UL>

<P><STRONG><a name="[7a]"></a>GPIO_Config</STRONG> (Thumb, 56 bytes, Stack size 32 bytes, gpio.o(i.GPIO_Config))
<BR><BR>[Stack]<UL><LI>Max Depth = 56<LI>Call Chain = GPIO_Config &rArr; GPIO_Init
</UL>
<BR>[Calls]<UL><LI><a href="#[7d]">&gt;&gt;</a>&nbsp;&nbsp;&nbsp;GPIO_SetBits
<LI><a href="#[7c]">&gt;&gt;</a>&nbsp;&nbsp;&nbsp;GPIO_Init
<LI><a href="#[7b]">&gt;&gt;</a>&nbsp;&nbsp;&nbsp;RCC_APB2PeriphClockCmd
</UL>
<BR>[Called By]<UL><LI><a href="#[89]">&gt;&gt;</a>&nbsp;&nbsp;&nbsp;KEY16_GPIODETECTION
<LI><a href="#[82]">&gt;&gt;</a>&nbsp;&nbsp;&nbsp;Key_GPIO_Config
<LI><a href="#[7f]">&gt;&gt;</a>&nbsp;&nbsp;&nbsp;Init
</UL>

<P><STRONG><a name="[7c]"></a>GPIO_Init</STRONG> (Thumb, 278 bytes, Stack size 24 bytes, stm32f10x_gpio.o(i.GPIO_Init))
<BR><BR>[Stack]<UL><LI>Max Depth = 24<LI>Call Chain = GPIO_Init
</UL>
<BR>[Called By]<UL><LI><a href="#[81]">&gt;&gt;</a>&nbsp;&nbsp;&nbsp;USART_Config
<LI><a href="#[9a]">&gt;&gt;</a>&nbsp;&nbsp;&nbsp;PS_StaGPIO_Init
<LI><a href="#[7a]">&gt;&gt;</a>&nbsp;&nbsp;&nbsp;GPIO_Config
</UL>

<P><STRONG><a name="[8a]"></a>GPIO_ResetBits</STRONG> (Thumb, 4 bytes, Stack size 0 bytes, stm32f10x_gpio.o(i.GPIO_ResetBits))
<BR><BR>[Called By]<UL><LI><a href="#[89]">&gt;&gt;</a>&nbsp;&nbsp;&nbsp;KEY16_GPIODETECTION
<LI><a href="#[82]">&gt;&gt;</a>&nbsp;&nbsp;&nbsp;Key_GPIO_Config
</UL>

<P><STRONG><a name="[7d]"></a>GPIO_SetBits</STRONG> (Thumb, 4 bytes, Stack size 0 bytes, stm32f10x_gpio.o(i.GPIO_SetBits))
<BR><BR>[Called By]<UL><LI><a href="#[89]">&gt;&gt;</a>&nbsp;&nbsp;&nbsp;KEY16_GPIODETECTION
<LI><a href="#[82]">&gt;&gt;</a>&nbsp;&nbsp;&nbsp;Key_GPIO_Config
<LI><a href="#[7a]">&gt;&gt;</a>&nbsp;&nbsp;&nbsp;GPIO_Config
</UL>

<P><STRONG><a name="[66]"></a>GetKeyValue</STRONG> (Thumb, 468 bytes, Stack size 64 bytes, fingerprint.o(i.GetKeyValue))
<BR><BR>[Stack]<UL><LI>Max Depth = 304<LI>Call Chain = GetKeyValue &rArr; pow &rArr; __kernel_poly &rArr; __aeabi_dmul &rArr; _double_epilogue &rArr; _double_round
</UL>
<BR>[Calls]<UL><LI><a href="#[7e]">&gt;&gt;</a>&nbsp;&nbsp;&nbsp;pow
<LI><a href="#[56]">&gt;&gt;</a>&nbsp;&nbsp;&nbsp;__aeabi_ui2d
<LI><a href="#[55]">&gt;&gt;</a>&nbsp;&nbsp;&nbsp;__aeabi_i2d
<LI><a href="#[54]">&gt;&gt;</a>&nbsp;&nbsp;&nbsp;__aeabi_dmul
<LI><a href="#[4d]">&gt;&gt;</a>&nbsp;&nbsp;&nbsp;__aeabi_dadd
<LI><a href="#[57]">&gt;&gt;</a>&nbsp;&nbsp;&nbsp;__aeabi_d2uiz
<LI><a href="#[79]">&gt;&gt;</a>&nbsp;&nbsp;&nbsp;getKey
<LI><a href="#[64]">&gt;&gt;</a>&nbsp;&nbsp;&nbsp;Delay_usms
<LI><a href="#[5f]">&gt;&gt;</a>&nbsp;&nbsp;&nbsp;__2printf
</UL>
<BR>[Called By]<UL><LI><a href="#[5e]">&gt;&gt;</a>&nbsp;&nbsp;&nbsp;Add_FR
<LI><a href="#[77]">&gt;&gt;</a>&nbsp;&nbsp;&nbsp;FingerProcess
</UL>

<P><STRONG><a name="[2]"></a>HardFault_Handler</STRONG> (Thumb, 4 bytes, Stack size 0 bytes, stm32f10x_it.o(i.HardFault_Handler))
<BR>[Address Reference Count : 1]<UL><LI> startup_stm32f10x_hd.o(RESET)
</UL>
<P><STRONG><a name="[7f]"></a>Init</STRONG> (Thumb, 64 bytes, Stack size 8 bytes, loop.o(i.Init))
<BR><BR>[Stack]<UL><LI>Max Depth = 100<LI>Call Chain = Init &rArr; USART_Config &rArr; USART_Init &rArr; RCC_GetClocksFreq
</UL>
<BR>[Calls]<UL><LI><a href="#[80]">&gt;&gt;</a>&nbsp;&nbsp;&nbsp;NVIC_PriorityGroupConfig
<LI><a href="#[81]">&gt;&gt;</a>&nbsp;&nbsp;&nbsp;USART_Config
<LI><a href="#[85]">&gt;&gt;</a>&nbsp;&nbsp;&nbsp;TIM2_Init
<LI><a href="#[84]">&gt;&gt;</a>&nbsp;&nbsp;&nbsp;NVIC_Config
<LI><a href="#[82]">&gt;&gt;</a>&nbsp;&nbsp;&nbsp;Key_GPIO_Config
<LI><a href="#[7a]">&gt;&gt;</a>&nbsp;&nbsp;&nbsp;GPIO_Config
<LI><a href="#[83]">&gt;&gt;</a>&nbsp;&nbsp;&nbsp;Delay_Init
<LI><a href="#[69]">&gt;&gt;</a>&nbsp;&nbsp;&nbsp;DMA_UART_Config
</UL>
<BR>[Called By]<UL><LI><a href="#[46]">&gt;&gt;</a>&nbsp;&nbsp;&nbsp;main
</UL>

<P><STRONG><a name="[86]"></a>Initial_Run</STRONG> (Thumb, 10 bytes, Stack size 8 bytes, loop.o(i.Initial_Run))
<BR><BR>[Stack]<UL><LI>Max Depth = 32<LI>Call Chain = Initial_Run &rArr; __2printf
</UL>
<BR>[Calls]<UL><LI><a href="#[5f]">&gt;&gt;</a>&nbsp;&nbsp;&nbsp;__2printf
</UL>
<BR>[Called By]<UL><LI><a href="#[46]">&gt;&gt;</a>&nbsp;&nbsp;&nbsp;main
</UL>

<P><STRONG><a name="[89]"></a>KEY16_GPIODETECTION</STRONG> (Thumb, 228 bytes, Stack size 16 bytes, bsp_key.o(i.KEY16_GPIODETECTION))
<BR><BR>[Stack]<UL><LI>Max Depth = 72<LI>Call Chain = KEY16_GPIODETECTION &rArr; GPIO_Config &rArr; GPIO_Init
</UL>
<BR>[Calls]<UL><LI><a href="#[7d]">&gt;&gt;</a>&nbsp;&nbsp;&nbsp;GPIO_SetBits
<LI><a href="#[8a]">&gt;&gt;</a>&nbsp;&nbsp;&nbsp;GPIO_ResetBits
<LI><a href="#[7a]">&gt;&gt;</a>&nbsp;&nbsp;&nbsp;GPIO_Config
<LI><a href="#[64]">&gt;&gt;</a>&nbsp;&nbsp;&nbsp;Delay_usms
</UL>
<BR>[Called By]<UL><LI><a href="#[8c]">&gt;&gt;</a>&nbsp;&nbsp;&nbsp;getKeyIO
</UL>

<P><STRONG><a name="[82]"></a>Key_GPIO_Config</STRONG> (Thumb, 52 bytes, Stack size 8 bytes, bsp_key.o(i.Key_GPIO_Config))
<BR><BR>[Stack]<UL><LI>Max Depth = 64<LI>Call Chain = Key_GPIO_Config &rArr; GPIO_Config &rArr; GPIO_Init
</UL>
<BR>[Calls]<UL><LI><a href="#[7d]">&gt;&gt;</a>&nbsp;&nbsp;&nbsp;GPIO_SetBits
<LI><a href="#[8a]">&gt;&gt;</a>&nbsp;&nbsp;&nbsp;GPIO_ResetBits
<LI><a href="#[7a]">&gt;&gt;</a>&nbsp;&nbsp;&nbsp;GPIO_Config
</UL>
<BR>[Called By]<UL><LI><a href="#[7f]">&gt;&gt;</a>&nbsp;&nbsp;&nbsp;Init
</UL>

<P><STRONG><a name="[8b]"></a>Key_Scan</STRONG> (Thumb, 276 bytes, Stack size 24 bytes, bsp_key.o(i.Key_Scan))
<BR><BR>[Stack]<UL><LI>Max Depth = 104<LI>Call Chain = Key_Scan &rArr; getKeyIO &rArr; KEY16_GPIODETECTION &rArr; GPIO_Config &rArr; GPIO_Init
</UL>
<BR>[Calls]<UL><LI><a href="#[8c]">&gt;&gt;</a>&nbsp;&nbsp;&nbsp;getKeyIO
</UL>
<BR>[Called By]<UL><LI><a href="#[79]">&gt;&gt;</a>&nbsp;&nbsp;&nbsp;getKey
<LI><a href="#[26]">&gt;&gt;</a>&nbsp;&nbsp;&nbsp;TIM2_IRQHandler
</UL>

<P><STRONG><a name="[8d]"></a>LedFlash</STRONG> (Thumb, 30 bytes, Stack size 8 bytes, loop.o(i.LedFlash))
<BR><BR>[Stack]<UL><LI>Max Depth = 8<LI>Call Chain = LedFlash
</UL>
<BR>[Calls]<UL><LI><a href="#[64]">&gt;&gt;</a>&nbsp;&nbsp;&nbsp;Delay_usms
</UL>
<BR>[Called By]<UL><LI><a href="#[bb]">&gt;&gt;</a>&nbsp;&nbsp;&nbsp;loop
</UL>

<P><STRONG><a name="[3]"></a>MemManage_Handler</STRONG> (Thumb, 4 bytes, Stack size 0 bytes, stm32f10x_it.o(i.MemManage_Handler))
<BR>[Address Reference Count : 1]<UL><LI> startup_stm32f10x_hd.o(RESET)
</UL>
<P><STRONG><a name="[1]"></a>NMI_Handler</STRONG> (Thumb, 2 bytes, Stack size 0 bytes, stm32f10x_it.o(i.NMI_Handler))
<BR>[Address Reference Count : 1]<UL><LI> startup_stm32f10x_hd.o(RESET)
</UL>
<P><STRONG><a name="[84]"></a>NVIC_Config</STRONG> (Thumb, 34 bytes, Stack size 24 bytes, nvic.o(i.NVIC_Config))
<BR><BR>[Stack]<UL><LI>Max Depth = 40<LI>Call Chain = NVIC_Config &rArr; NVIC_Init
</UL>
<BR>[Calls]<UL><LI><a href="#[8e]">&gt;&gt;</a>&nbsp;&nbsp;&nbsp;NVIC_Init
</UL>
<BR>[Called By]<UL><LI><a href="#[7f]">&gt;&gt;</a>&nbsp;&nbsp;&nbsp;Init
</UL>

<P><STRONG><a name="[8e]"></a>NVIC_Init</STRONG> (Thumb, 100 bytes, Stack size 16 bytes, misc.o(i.NVIC_Init))
<BR><BR>[Stack]<UL><LI>Max Depth = 16<LI>Call Chain = NVIC_Init
</UL>
<BR>[Called By]<UL><LI><a href="#[8f]">&gt;&gt;</a>&nbsp;&nbsp;&nbsp;NVIC_Configuration
<LI><a href="#[84]">&gt;&gt;</a>&nbsp;&nbsp;&nbsp;NVIC_Config
</UL>

<P><STRONG><a name="[80]"></a>NVIC_PriorityGroupConfig</STRONG> (Thumb, 10 bytes, Stack size 0 bytes, misc.o(i.NVIC_PriorityGroupConfig))
<BR><BR>[Called By]<UL><LI><a href="#[8f]">&gt;&gt;</a>&nbsp;&nbsp;&nbsp;NVIC_Configuration
<LI><a href="#[7f]">&gt;&gt;</a>&nbsp;&nbsp;&nbsp;Init
</UL>

<P><STRONG><a name="[73]"></a>PS_Empty</STRONG> (Thumb, 58 bytes, Stack size 16 bytes, as608.o(i.PS_Empty))
<BR><BR>[Stack]<UL><LI>Max Depth = 52<LI>Call Chain = PS_Empty &rArr; JudgeStr &rArr; strstr
</UL>
<BR>[Calls]<UL><LI><a href="#[95]">&gt;&gt;</a>&nbsp;&nbsp;&nbsp;Sendcmd
<LI><a href="#[94]">&gt;&gt;</a>&nbsp;&nbsp;&nbsp;SendLength
<LI><a href="#[91]">&gt;&gt;</a>&nbsp;&nbsp;&nbsp;SendHead
<LI><a href="#[93]">&gt;&gt;</a>&nbsp;&nbsp;&nbsp;SendFlag
<LI><a href="#[96]">&gt;&gt;</a>&nbsp;&nbsp;&nbsp;SendCheck
<LI><a href="#[92]">&gt;&gt;</a>&nbsp;&nbsp;&nbsp;SendAddr
<LI><a href="#[87]">&gt;&gt;</a>&nbsp;&nbsp;&nbsp;JudgeStr
</UL>
<BR>[Called By]<UL><LI><a href="#[72]">&gt;&gt;</a>&nbsp;&nbsp;&nbsp;Del_FR
</UL>

<P><STRONG><a name="[61]"></a>PS_GenChar</STRONG> (Thumb, 70 bytes, Stack size 24 bytes, as608.o(i.PS_GenChar))
<BR><BR>[Stack]<UL><LI>Max Depth = 60<LI>Call Chain = PS_GenChar &rArr; JudgeStr &rArr; strstr
</UL>
<BR>[Calls]<UL><LI><a href="#[95]">&gt;&gt;</a>&nbsp;&nbsp;&nbsp;Sendcmd
<LI><a href="#[94]">&gt;&gt;</a>&nbsp;&nbsp;&nbsp;SendLength
<LI><a href="#[91]">&gt;&gt;</a>&nbsp;&nbsp;&nbsp;SendHead
<LI><a href="#[93]">&gt;&gt;</a>&nbsp;&nbsp;&nbsp;SendFlag
<LI><a href="#[96]">&gt;&gt;</a>&nbsp;&nbsp;&nbsp;SendCheck
<LI><a href="#[92]">&gt;&gt;</a>&nbsp;&nbsp;&nbsp;SendAddr
<LI><a href="#[97]">&gt;&gt;</a>&nbsp;&nbsp;&nbsp;MYUSART_SendData
<LI><a href="#[87]">&gt;&gt;</a>&nbsp;&nbsp;&nbsp;JudgeStr
</UL>
<BR>[Called By]<UL><LI><a href="#[78]">&gt;&gt;</a>&nbsp;&nbsp;&nbsp;press_FR
<LI><a href="#[5e]">&gt;&gt;</a>&nbsp;&nbsp;&nbsp;Add_FR
</UL>

<P><STRONG><a name="[60]"></a>PS_GetImage</STRONG> (Thumb, 58 bytes, Stack size 16 bytes, as608.o(i.PS_GetImage))
<BR><BR>[Stack]<UL><LI>Max Depth = 52<LI>Call Chain = PS_GetImage &rArr; JudgeStr &rArr; strstr
</UL>
<BR>[Calls]<UL><LI><a href="#[95]">&gt;&gt;</a>&nbsp;&nbsp;&nbsp;Sendcmd
<LI><a href="#[94]">&gt;&gt;</a>&nbsp;&nbsp;&nbsp;SendLength
<LI><a href="#[91]">&gt;&gt;</a>&nbsp;&nbsp;&nbsp;SendHead
<LI><a href="#[93]">&gt;&gt;</a>&nbsp;&nbsp;&nbsp;SendFlag
<LI><a href="#[96]">&gt;&gt;</a>&nbsp;&nbsp;&nbsp;SendCheck
<LI><a href="#[92]">&gt;&gt;</a>&nbsp;&nbsp;&nbsp;SendAddr
<LI><a href="#[87]">&gt;&gt;</a>&nbsp;&nbsp;&nbsp;JudgeStr
</UL>
<BR>[Called By]<UL><LI><a href="#[78]">&gt;&gt;</a>&nbsp;&nbsp;&nbsp;press_FR
<LI><a href="#[5e]">&gt;&gt;</a>&nbsp;&nbsp;&nbsp;Add_FR
</UL>

<P><STRONG><a name="[75]"></a>PS_HandShake</STRONG> (Thumb, 138 bytes, Stack size 8 bytes, as608.o(i.PS_HandShake))
<BR><BR>[Stack]<UL><LI>Max Depth = 16<LI>Call Chain = PS_HandShake &rArr; SendHead
</UL>
<BR>[Calls]<UL><LI><a href="#[91]">&gt;&gt;</a>&nbsp;&nbsp;&nbsp;SendHead
<LI><a href="#[92]">&gt;&gt;</a>&nbsp;&nbsp;&nbsp;SendAddr
<LI><a href="#[97]">&gt;&gt;</a>&nbsp;&nbsp;&nbsp;MYUSART_SendData
<LI><a href="#[64]">&gt;&gt;</a>&nbsp;&nbsp;&nbsp;Delay_usms
</UL>
<BR>[Called By]<UL><LI><a href="#[74]">&gt;&gt;</a>&nbsp;&nbsp;&nbsp;FingerPrintConnect
</UL>

<P><STRONG><a name="[98]"></a>PS_HighSpeedSearch</STRONG> (Thumb, 144 bytes, Stack size 32 bytes, as608.o(i.PS_HighSpeedSearch))
<BR><BR>[Stack]<UL><LI>Max Depth = 68<LI>Call Chain = PS_HighSpeedSearch &rArr; JudgeStr &rArr; strstr
</UL>
<BR>[Calls]<UL><LI><a href="#[95]">&gt;&gt;</a>&nbsp;&nbsp;&nbsp;Sendcmd
<LI><a href="#[94]">&gt;&gt;</a>&nbsp;&nbsp;&nbsp;SendLength
<LI><a href="#[91]">&gt;&gt;</a>&nbsp;&nbsp;&nbsp;SendHead
<LI><a href="#[93]">&gt;&gt;</a>&nbsp;&nbsp;&nbsp;SendFlag
<LI><a href="#[96]">&gt;&gt;</a>&nbsp;&nbsp;&nbsp;SendCheck
<LI><a href="#[92]">&gt;&gt;</a>&nbsp;&nbsp;&nbsp;SendAddr
<LI><a href="#[97]">&gt;&gt;</a>&nbsp;&nbsp;&nbsp;MYUSART_SendData
<LI><a href="#[87]">&gt;&gt;</a>&nbsp;&nbsp;&nbsp;JudgeStr
</UL>
<BR>[Called By]<UL><LI><a href="#[78]">&gt;&gt;</a>&nbsp;&nbsp;&nbsp;press_FR
</UL>

<P><STRONG><a name="[63]"></a>PS_Match</STRONG> (Thumb, 58 bytes, Stack size 16 bytes, as608.o(i.PS_Match))
<BR><BR>[Stack]<UL><LI>Max Depth = 52<LI>Call Chain = PS_Match &rArr; JudgeStr &rArr; strstr
</UL>
<BR>[Calls]<UL><LI><a href="#[95]">&gt;&gt;</a>&nbsp;&nbsp;&nbsp;Sendcmd
<LI><a href="#[94]">&gt;&gt;</a>&nbsp;&nbsp;&nbsp;SendLength
<LI><a href="#[91]">&gt;&gt;</a>&nbsp;&nbsp;&nbsp;SendHead
<LI><a href="#[93]">&gt;&gt;</a>&nbsp;&nbsp;&nbsp;SendFlag
<LI><a href="#[96]">&gt;&gt;</a>&nbsp;&nbsp;&nbsp;SendCheck
<LI><a href="#[92]">&gt;&gt;</a>&nbsp;&nbsp;&nbsp;SendAddr
<LI><a href="#[87]">&gt;&gt;</a>&nbsp;&nbsp;&nbsp;JudgeStr
</UL>
<BR>[Called By]<UL><LI><a href="#[5e]">&gt;&gt;</a>&nbsp;&nbsp;&nbsp;Add_FR
</UL>

<P><STRONG><a name="[76]"></a>PS_ReadSysPara</STRONG> (Thumb, 168 bytes, Stack size 24 bytes, as608.o(i.PS_ReadSysPara))
<BR><BR>[Stack]<UL><LI>Max Depth = 60<LI>Call Chain = PS_ReadSysPara &rArr; JudgeStr &rArr; strstr
</UL>
<BR>[Calls]<UL><LI><a href="#[99]">&gt;&gt;</a>&nbsp;&nbsp;&nbsp;EnsureMessage
<LI><a href="#[95]">&gt;&gt;</a>&nbsp;&nbsp;&nbsp;Sendcmd
<LI><a href="#[94]">&gt;&gt;</a>&nbsp;&nbsp;&nbsp;SendLength
<LI><a href="#[91]">&gt;&gt;</a>&nbsp;&nbsp;&nbsp;SendHead
<LI><a href="#[93]">&gt;&gt;</a>&nbsp;&nbsp;&nbsp;SendFlag
<LI><a href="#[96]">&gt;&gt;</a>&nbsp;&nbsp;&nbsp;SendCheck
<LI><a href="#[92]">&gt;&gt;</a>&nbsp;&nbsp;&nbsp;SendAddr
<LI><a href="#[87]">&gt;&gt;</a>&nbsp;&nbsp;&nbsp;JudgeStr
<LI><a href="#[5f]">&gt;&gt;</a>&nbsp;&nbsp;&nbsp;__2printf
</UL>
<BR>[Called By]<UL><LI><a href="#[74]">&gt;&gt;</a>&nbsp;&nbsp;&nbsp;FingerPrintConnect
</UL>

<P><STRONG><a name="[65]"></a>PS_RegModel</STRONG> (Thumb, 58 bytes, Stack size 16 bytes, as608.o(i.PS_RegModel))
<BR><BR>[Stack]<UL><LI>Max Depth = 52<LI>Call Chain = PS_RegModel &rArr; JudgeStr &rArr; strstr
</UL>
<BR>[Calls]<UL><LI><a href="#[95]">&gt;&gt;</a>&nbsp;&nbsp;&nbsp;Sendcmd
<LI><a href="#[94]">&gt;&gt;</a>&nbsp;&nbsp;&nbsp;SendLength
<LI><a href="#[91]">&gt;&gt;</a>&nbsp;&nbsp;&nbsp;SendHead
<LI><a href="#[93]">&gt;&gt;</a>&nbsp;&nbsp;&nbsp;SendFlag
<LI><a href="#[96]">&gt;&gt;</a>&nbsp;&nbsp;&nbsp;SendCheck
<LI><a href="#[92]">&gt;&gt;</a>&nbsp;&nbsp;&nbsp;SendAddr
<LI><a href="#[87]">&gt;&gt;</a>&nbsp;&nbsp;&nbsp;JudgeStr
</UL>
<BR>[Called By]<UL><LI><a href="#[5e]">&gt;&gt;</a>&nbsp;&nbsp;&nbsp;Add_FR
</UL>

<P><STRONG><a name="[9a]"></a>PS_StaGPIO_Init</STRONG> (Thumb, 40 bytes, Stack size 8 bytes, as608.o(i.PS_StaGPIO_Init))
<BR><BR>[Stack]<UL><LI>Max Depth = 32<LI>Call Chain = PS_StaGPIO_Init &rArr; GPIO_Init
</UL>
<BR>[Calls]<UL><LI><a href="#[7c]">&gt;&gt;</a>&nbsp;&nbsp;&nbsp;GPIO_Init
<LI><a href="#[7b]">&gt;&gt;</a>&nbsp;&nbsp;&nbsp;RCC_APB2PeriphClockCmd
</UL>
<BR>[Called By]<UL><LI><a href="#[bb]">&gt;&gt;</a>&nbsp;&nbsp;&nbsp;loop
</UL>

<P><STRONG><a name="[67]"></a>PS_StoreChar</STRONG> (Thumb, 96 bytes, Stack size 24 bytes, as608.o(i.PS_StoreChar))
<BR><BR>[Stack]<UL><LI>Max Depth = 60<LI>Call Chain = PS_StoreChar &rArr; JudgeStr &rArr; strstr
</UL>
<BR>[Calls]<UL><LI><a href="#[95]">&gt;&gt;</a>&nbsp;&nbsp;&nbsp;Sendcmd
<LI><a href="#[94]">&gt;&gt;</a>&nbsp;&nbsp;&nbsp;SendLength
<LI><a href="#[91]">&gt;&gt;</a>&nbsp;&nbsp;&nbsp;SendHead
<LI><a href="#[93]">&gt;&gt;</a>&nbsp;&nbsp;&nbsp;SendFlag
<LI><a href="#[96]">&gt;&gt;</a>&nbsp;&nbsp;&nbsp;SendCheck
<LI><a href="#[92]">&gt;&gt;</a>&nbsp;&nbsp;&nbsp;SendAddr
<LI><a href="#[97]">&gt;&gt;</a>&nbsp;&nbsp;&nbsp;MYUSART_SendData
<LI><a href="#[87]">&gt;&gt;</a>&nbsp;&nbsp;&nbsp;JudgeStr
</UL>
<BR>[Called By]<UL><LI><a href="#[5e]">&gt;&gt;</a>&nbsp;&nbsp;&nbsp;Add_FR
</UL>

<P><STRONG><a name="[68]"></a>PS_ValidTempleteNum</STRONG> (Thumb, 108 bytes, Stack size 24 bytes, as608.o(i.PS_ValidTempleteNum))
<BR><BR>[Stack]<UL><LI>Max Depth = 60<LI>Call Chain = PS_ValidTempleteNum &rArr; JudgeStr &rArr; strstr
</UL>
<BR>[Calls]<UL><LI><a href="#[99]">&gt;&gt;</a>&nbsp;&nbsp;&nbsp;EnsureMessage
<LI><a href="#[95]">&gt;&gt;</a>&nbsp;&nbsp;&nbsp;Sendcmd
<LI><a href="#[94]">&gt;&gt;</a>&nbsp;&nbsp;&nbsp;SendLength
<LI><a href="#[91]">&gt;&gt;</a>&nbsp;&nbsp;&nbsp;SendHead
<LI><a href="#[93]">&gt;&gt;</a>&nbsp;&nbsp;&nbsp;SendFlag
<LI><a href="#[96]">&gt;&gt;</a>&nbsp;&nbsp;&nbsp;SendCheck
<LI><a href="#[92]">&gt;&gt;</a>&nbsp;&nbsp;&nbsp;SendAddr
<LI><a href="#[87]">&gt;&gt;</a>&nbsp;&nbsp;&nbsp;JudgeStr
<LI><a href="#[5f]">&gt;&gt;</a>&nbsp;&nbsp;&nbsp;__2printf
</UL>
<BR>[Called By]<UL><LI><a href="#[72]">&gt;&gt;</a>&nbsp;&nbsp;&nbsp;Del_FR
<LI><a href="#[5e]">&gt;&gt;</a>&nbsp;&nbsp;&nbsp;Add_FR
<LI><a href="#[74]">&gt;&gt;</a>&nbsp;&nbsp;&nbsp;FingerPrintConnect
</UL>

<P><STRONG><a name="[8]"></a>PendSV_Handler</STRONG> (Thumb, 2 bytes, Stack size 0 bytes, stm32f10x_it.o(i.PendSV_Handler))
<BR>[Address Reference Count : 1]<UL><LI> startup_stm32f10x_hd.o(RESET)
</UL>
<P><STRONG><a name="[6a]"></a>RCC_AHBPeriphClockCmd</STRONG> (Thumb, 26 bytes, Stack size 0 bytes, stm32f10x_rcc.o(i.RCC_AHBPeriphClockCmd))
<BR><BR>[Called By]<UL><LI><a href="#[69]">&gt;&gt;</a>&nbsp;&nbsp;&nbsp;DMA_UART_Config
</UL>

<P><STRONG><a name="[9f]"></a>RCC_APB1PeriphClockCmd</STRONG> (Thumb, 26 bytes, Stack size 0 bytes, stm32f10x_rcc.o(i.RCC_APB1PeriphClockCmd))
<BR><BR>[Called By]<UL><LI><a href="#[81]">&gt;&gt;</a>&nbsp;&nbsp;&nbsp;USART_Config
<LI><a href="#[85]">&gt;&gt;</a>&nbsp;&nbsp;&nbsp;TIM2_Init
</UL>

<P><STRONG><a name="[7b]"></a>RCC_APB2PeriphClockCmd</STRONG> (Thumb, 26 bytes, Stack size 0 bytes, stm32f10x_rcc.o(i.RCC_APB2PeriphClockCmd))
<BR><BR>[Called By]<UL><LI><a href="#[81]">&gt;&gt;</a>&nbsp;&nbsp;&nbsp;USART_Config
<LI><a href="#[9a]">&gt;&gt;</a>&nbsp;&nbsp;&nbsp;PS_StaGPIO_Init
<LI><a href="#[7a]">&gt;&gt;</a>&nbsp;&nbsp;&nbsp;GPIO_Config
</UL>

<P><STRONG><a name="[a7]"></a>RCC_GetClocksFreq</STRONG> (Thumb, 192 bytes, Stack size 12 bytes, stm32f10x_rcc.o(i.RCC_GetClocksFreq))
<BR><BR>[Stack]<UL><LI>Max Depth = 12<LI>Call Chain = RCC_GetClocksFreq
</UL>
<BR>[Called By]<UL><LI><a href="#[a5]">&gt;&gt;</a>&nbsp;&nbsp;&nbsp;USART_Init
</UL>

<P><STRONG><a name="[6]"></a>SVC_Handler</STRONG> (Thumb, 2 bytes, Stack size 0 bytes, stm32f10x_it.o(i.SVC_Handler))
<BR>[Address Reference Count : 1]<UL><LI> startup_stm32f10x_hd.o(RESET)
</UL>
<P><STRONG><a name="[62]"></a>ShowErrMessage</STRONG> (Thumb, 18 bytes, Stack size 16 bytes, fingerprint.o(i.ShowErrMessage))
<BR><BR>[Stack]<UL><LI>Max Depth = 40<LI>Call Chain = ShowErrMessage &rArr; __2printf
</UL>
<BR>[Calls]<UL><LI><a href="#[99]">&gt;&gt;</a>&nbsp;&nbsp;&nbsp;EnsureMessage
<LI><a href="#[5f]">&gt;&gt;</a>&nbsp;&nbsp;&nbsp;__2printf
</UL>
<BR>[Called By]<UL><LI><a href="#[78]">&gt;&gt;</a>&nbsp;&nbsp;&nbsp;press_FR
<LI><a href="#[72]">&gt;&gt;</a>&nbsp;&nbsp;&nbsp;Del_FR
<LI><a href="#[5e]">&gt;&gt;</a>&nbsp;&nbsp;&nbsp;Add_FR
<LI><a href="#[74]">&gt;&gt;</a>&nbsp;&nbsp;&nbsp;FingerPrintConnect
</UL>

<P><STRONG><a name="[9]"></a>SysTick_Handler</STRONG> (Thumb, 2 bytes, Stack size 0 bytes, stm32f10x_it.o(i.SysTick_Handler))
<BR>[Address Reference Count : 1]<UL><LI> startup_stm32f10x_hd.o(RESET)
</UL>
<P><STRONG><a name="[47]"></a>SystemInit</STRONG> (Thumb, 78 bytes, Stack size 8 bytes, system_stm32f10x.o(i.SystemInit))
<BR><BR>[Stack]<UL><LI>Max Depth = 28<LI>Call Chain = SystemInit &rArr; SetSysClock &rArr; SetSysClockTo72
</UL>
<BR>[Calls]<UL><LI><a href="#[9b]">&gt;&gt;</a>&nbsp;&nbsp;&nbsp;SetSysClock
</UL>
<BR>[Address Reference Count : 1]<UL><LI> startup_stm32f10x_hd.o(.text)
</UL>
<P><STRONG><a name="[26]"></a>TIM2_IRQHandler</STRONG> (Thumb, 30 bytes, Stack size 8 bytes, loop.o(i.TIM2_IRQHandler))
<BR><BR>[Stack]<UL><LI>Max Depth = 112<LI>Call Chain = TIM2_IRQHandler &rArr; Key_Scan &rArr; getKeyIO &rArr; KEY16_GPIODETECTION &rArr; GPIO_Config &rArr; GPIO_Init
</UL>
<BR>[Calls]<UL><LI><a href="#[8b]">&gt;&gt;</a>&nbsp;&nbsp;&nbsp;Key_Scan
<LI><a href="#[9d]">&gt;&gt;</a>&nbsp;&nbsp;&nbsp;TIM_GetITStatus
<LI><a href="#[9e]">&gt;&gt;</a>&nbsp;&nbsp;&nbsp;TIM_ClearITPendingBit
</UL>
<BR>[Address Reference Count : 1]<UL><LI> startup_stm32f10x_hd.o(RESET)
</UL>
<P><STRONG><a name="[85]"></a>TIM2_Init</STRONG> (Thumb, 62 bytes, Stack size 24 bytes, tim.o(i.TIM2_Init))
<BR><BR>[Stack]<UL><LI>Max Depth = 24<LI>Call Chain = TIM2_Init
</UL>
<BR>[Calls]<UL><LI><a href="#[9f]">&gt;&gt;</a>&nbsp;&nbsp;&nbsp;RCC_APB1PeriphClockCmd
<LI><a href="#[a0]">&gt;&gt;</a>&nbsp;&nbsp;&nbsp;TIM_TimeBaseInit
<LI><a href="#[a1]">&gt;&gt;</a>&nbsp;&nbsp;&nbsp;TIM_ITConfig
<LI><a href="#[a2]">&gt;&gt;</a>&nbsp;&nbsp;&nbsp;TIM_Cmd
</UL>
<BR>[Called By]<UL><LI><a href="#[7f]">&gt;&gt;</a>&nbsp;&nbsp;&nbsp;Init
</UL>

<P><STRONG><a name="[9e]"></a>TIM_ClearITPendingBit</STRONG> (Thumb, 6 bytes, Stack size 0 bytes, stm32f10x_tim.o(i.TIM_ClearITPendingBit))
<BR><BR>[Called By]<UL><LI><a href="#[26]">&gt;&gt;</a>&nbsp;&nbsp;&nbsp;TIM2_IRQHandler
</UL>

<P><STRONG><a name="[a2]"></a>TIM_Cmd</STRONG> (Thumb, 24 bytes, Stack size 0 bytes, stm32f10x_tim.o(i.TIM_Cmd))
<BR><BR>[Called By]<UL><LI><a href="#[85]">&gt;&gt;</a>&nbsp;&nbsp;&nbsp;TIM2_Init
</UL>

<P><STRONG><a name="[9d]"></a>TIM_GetITStatus</STRONG> (Thumb, 34 bytes, Stack size 12 bytes, stm32f10x_tim.o(i.TIM_GetITStatus))
<BR><BR>[Stack]<UL><LI>Max Depth = 12<LI>Call Chain = TIM_GetITStatus
</UL>
<BR>[Called By]<UL><LI><a href="#[26]">&gt;&gt;</a>&nbsp;&nbsp;&nbsp;TIM2_IRQHandler
</UL>

<P><STRONG><a name="[a1]"></a>TIM_ITConfig</STRONG> (Thumb, 18 bytes, Stack size 0 bytes, stm32f10x_tim.o(i.TIM_ITConfig))
<BR><BR>[Called By]<UL><LI><a href="#[85]">&gt;&gt;</a>&nbsp;&nbsp;&nbsp;TIM2_Init
</UL>

<P><STRONG><a name="[a0]"></a>TIM_TimeBaseInit</STRONG> (Thumb, 122 bytes, Stack size 0 bytes, stm32f10x_tim.o(i.TIM_TimeBaseInit))
<BR><BR>[Called By]<UL><LI><a href="#[85]">&gt;&gt;</a>&nbsp;&nbsp;&nbsp;TIM2_Init
</UL>

<P><STRONG><a name="[2f]"></a>USART1_IRQHandler</STRONG> (Thumb, 10 bytes, Stack size 8 bytes, usart.o(i.USART1_IRQHandler))
<BR><BR>[Stack]<UL><LI>Max Depth = 192<LI>Call Chain = USART1_IRQHandler &rArr; printf_usart1 &rArr; USART_Send_String &rArr; USART_Send_Byte
</UL>
<BR>[Calls]<UL><LI><a href="#[a3]">&gt;&gt;</a>&nbsp;&nbsp;&nbsp;printf_usart1
</UL>
<BR>[Address Reference Count : 1]<UL><LI> startup_stm32f10x_hd.o(RESET)
</UL>
<P><STRONG><a name="[31]"></a>USART3_IRQHandler</STRONG> (Thumb, 14 bytes, Stack size 8 bytes, usart.o(i.USART3_IRQHandler))
<BR><BR>[Stack]<UL><LI>Max Depth = 192<LI>Call Chain = USART3_IRQHandler &rArr; printf_usart3 &rArr; USART_Send_String &rArr; USART_Send_Byte
</UL>
<BR>[Calls]<UL><LI><a href="#[6e]">&gt;&gt;</a>&nbsp;&nbsp;&nbsp;DMA_USART3_IRQHandler_SubFunction
<LI><a href="#[a4]">&gt;&gt;</a>&nbsp;&nbsp;&nbsp;printf_usart3
</UL>
<BR>[Address Reference Count : 1]<UL><LI> startup_stm32f10x_hd.o(RESET)
</UL>
<P><STRONG><a name="[71]"></a>USART_ClearFlag</STRONG> (Thumb, 18 bytes, Stack size 0 bytes, stm32f10x_usart.o(i.USART_ClearFlag))
<BR><BR>[Called By]<UL><LI><a href="#[6e]">&gt;&gt;</a>&nbsp;&nbsp;&nbsp;DMA_USART3_IRQHandler_SubFunction
</UL>

<P><STRONG><a name="[a6]"></a>USART_Cmd</STRONG> (Thumb, 24 bytes, Stack size 0 bytes, stm32f10x_usart.o(i.USART_Cmd))
<BR><BR>[Called By]<UL><LI><a href="#[81]">&gt;&gt;</a>&nbsp;&nbsp;&nbsp;USART_Config
</UL>

<P><STRONG><a name="[81]"></a>USART_Config</STRONG> (Thumb, 288 bytes, Stack size 24 bytes, usart.o(i.USART_Config))
<BR><BR>[Stack]<UL><LI>Max Depth = 92<LI>Call Chain = USART_Config &rArr; USART_Init &rArr; RCC_GetClocksFreq
</UL>
<BR>[Calls]<UL><LI><a href="#[7c]">&gt;&gt;</a>&nbsp;&nbsp;&nbsp;GPIO_Init
<LI><a href="#[7b]">&gt;&gt;</a>&nbsp;&nbsp;&nbsp;RCC_APB2PeriphClockCmd
<LI><a href="#[9f]">&gt;&gt;</a>&nbsp;&nbsp;&nbsp;RCC_APB1PeriphClockCmd
<LI><a href="#[8f]">&gt;&gt;</a>&nbsp;&nbsp;&nbsp;NVIC_Configuration
<LI><a href="#[a5]">&gt;&gt;</a>&nbsp;&nbsp;&nbsp;USART_Init
<LI><a href="#[a6]">&gt;&gt;</a>&nbsp;&nbsp;&nbsp;USART_Cmd
</UL>
<BR>[Called By]<UL><LI><a href="#[7f]">&gt;&gt;</a>&nbsp;&nbsp;&nbsp;Init
</UL>

<P><STRONG><a name="[6d]"></a>USART_DMACmd</STRONG> (Thumb, 18 bytes, Stack size 0 bytes, stm32f10x_usart.o(i.USART_DMACmd))
<BR><BR>[Called By]<UL><LI><a href="#[69]">&gt;&gt;</a>&nbsp;&nbsp;&nbsp;DMA_UART_Config
</UL>

<P><STRONG><a name="[aa]"></a>USART_GetFlagStatus</STRONG> (Thumb, 26 bytes, Stack size 0 bytes, stm32f10x_usart.o(i.USART_GetFlagStatus))
<BR><BR>[Called By]<UL><LI><a href="#[49]">&gt;&gt;</a>&nbsp;&nbsp;&nbsp;fputc
<LI><a href="#[ab]">&gt;&gt;</a>&nbsp;&nbsp;&nbsp;USART_Send_String
<LI><a href="#[a8]">&gt;&gt;</a>&nbsp;&nbsp;&nbsp;USART_Send_Byte
</UL>

<P><STRONG><a name="[6f]"></a>USART_GetITStatus</STRONG> (Thumb, 84 bytes, Stack size 16 bytes, stm32f10x_usart.o(i.USART_GetITStatus))
<BR><BR>[Stack]<UL><LI>Max Depth = 16<LI>Call Chain = USART_GetITStatus
</UL>
<BR>[Called By]<UL><LI><a href="#[6e]">&gt;&gt;</a>&nbsp;&nbsp;&nbsp;DMA_USART3_IRQHandler_SubFunction
</UL>

<P><STRONG><a name="[90]"></a>USART_ITConfig</STRONG> (Thumb, 74 bytes, Stack size 20 bytes, stm32f10x_usart.o(i.USART_ITConfig))
<BR><BR>[Stack]<UL><LI>Max Depth = 20<LI>Call Chain = USART_ITConfig
</UL>
<BR>[Called By]<UL><LI><a href="#[8f]">&gt;&gt;</a>&nbsp;&nbsp;&nbsp;NVIC_Configuration
</UL>

<P><STRONG><a name="[a5]"></a>USART_Init</STRONG> (Thumb, 210 bytes, Stack size 56 bytes, stm32f10x_usart.o(i.USART_Init))
<BR><BR>[Stack]<UL><LI>Max Depth = 68<LI>Call Chain = USART_Init &rArr; RCC_GetClocksFreq
</UL>
<BR>[Calls]<UL><LI><a href="#[a7]">&gt;&gt;</a>&nbsp;&nbsp;&nbsp;RCC_GetClocksFreq
</UL>
<BR>[Called By]<UL><LI><a href="#[81]">&gt;&gt;</a>&nbsp;&nbsp;&nbsp;USART_Config
</UL>

<P><STRONG><a name="[a9]"></a>USART_SendData</STRONG> (Thumb, 8 bytes, Stack size 0 bytes, stm32f10x_usart.o(i.USART_SendData))
<BR><BR>[Called By]<UL><LI><a href="#[49]">&gt;&gt;</a>&nbsp;&nbsp;&nbsp;fputc
<LI><a href="#[a8]">&gt;&gt;</a>&nbsp;&nbsp;&nbsp;USART_Send_Byte
</UL>

<P><STRONG><a name="[a8]"></a>USART_Send_Byte</STRONG> (Thumb, 30 bytes, Stack size 16 bytes, usart.o(i.USART_Send_Byte))
<BR><BR>[Stack]<UL><LI>Max Depth = 16<LI>Call Chain = USART_Send_Byte
</UL>
<BR>[Calls]<UL><LI><a href="#[a9]">&gt;&gt;</a>&nbsp;&nbsp;&nbsp;USART_SendData
<LI><a href="#[aa]">&gt;&gt;</a>&nbsp;&nbsp;&nbsp;USART_GetFlagStatus
</UL>
<BR>[Called By]<UL><LI><a href="#[ab]">&gt;&gt;</a>&nbsp;&nbsp;&nbsp;USART_Send_String
</UL>

<P><STRONG><a name="[ab]"></a>USART_Send_String</STRONG> (Thumb, 40 bytes, Stack size 16 bytes, usart.o(i.USART_Send_String))
<BR><BR>[Stack]<UL><LI>Max Depth = 32<LI>Call Chain = USART_Send_String &rArr; USART_Send_Byte
</UL>
<BR>[Calls]<UL><LI><a href="#[a8]">&gt;&gt;</a>&nbsp;&nbsp;&nbsp;USART_Send_Byte
<LI><a href="#[aa]">&gt;&gt;</a>&nbsp;&nbsp;&nbsp;USART_GetFlagStatus
</UL>
<BR>[Called By]<UL><LI><a href="#[a4]">&gt;&gt;</a>&nbsp;&nbsp;&nbsp;printf_usart3
<LI><a href="#[a3]">&gt;&gt;</a>&nbsp;&nbsp;&nbsp;printf_usart1
</UL>

<P><STRONG><a name="[5]"></a>UsageFault_Handler</STRONG> (Thumb, 4 bytes, Stack size 0 bytes, stm32f10x_it.o(i.UsageFault_Handler))
<BR>[Address Reference Count : 1]<UL><LI> startup_stm32f10x_hd.o(RESET)
</UL>
<P><STRONG><a name="[ac]"></a>__0printf</STRONG> (Thumb, 22 bytes, Stack size 24 bytes, printfa.o(i.__0printf), UNUSED)
<BR><BR>[Calls]<UL><LI><a href="#[ad]">&gt;&gt;</a>&nbsp;&nbsp;&nbsp;_printf_core
</UL>

<P><STRONG><a name="[cd]"></a>__1printf</STRONG> (Thumb, 0 bytes, Stack size 24 bytes, printfa.o(i.__0printf), UNUSED)

<P><STRONG><a name="[5f]"></a>__2printf</STRONG> (Thumb, 0 bytes, Stack size 24 bytes, printfa.o(i.__0printf))
<BR><BR>[Stack]<UL><LI>Max Depth = 24<LI>Call Chain = __2printf
</UL>
<BR>[Called By]<UL><LI><a href="#[78]">&gt;&gt;</a>&nbsp;&nbsp;&nbsp;press_FR
<LI><a href="#[62]">&gt;&gt;</a>&nbsp;&nbsp;&nbsp;ShowErrMessage
<LI><a href="#[66]">&gt;&gt;</a>&nbsp;&nbsp;&nbsp;GetKeyValue
<LI><a href="#[72]">&gt;&gt;</a>&nbsp;&nbsp;&nbsp;Del_FR
<LI><a href="#[5e]">&gt;&gt;</a>&nbsp;&nbsp;&nbsp;Add_FR
<LI><a href="#[68]">&gt;&gt;</a>&nbsp;&nbsp;&nbsp;PS_ValidTempleteNum
<LI><a href="#[76]">&gt;&gt;</a>&nbsp;&nbsp;&nbsp;PS_ReadSysPara
<LI><a href="#[77]">&gt;&gt;</a>&nbsp;&nbsp;&nbsp;FingerProcess
<LI><a href="#[74]">&gt;&gt;</a>&nbsp;&nbsp;&nbsp;FingerPrintConnect
<LI><a href="#[86]">&gt;&gt;</a>&nbsp;&nbsp;&nbsp;Initial_Run
</UL>

<P><STRONG><a name="[ce]"></a>__c89printf</STRONG> (Thumb, 0 bytes, Stack size 24 bytes, printfa.o(i.__0printf), UNUSED)

<P><STRONG><a name="[cf]"></a>printf</STRONG> (Thumb, 0 bytes, Stack size 24 bytes, printfa.o(i.__0printf), UNUSED)

<P><STRONG><a name="[ae]"></a>__0vsprintf</STRONG> (Thumb, 30 bytes, Stack size 24 bytes, printfa.o(i.__0vsprintf), UNUSED)
<BR><BR>[Calls]<UL><LI><a href="#[4a]">&gt;&gt;</a>&nbsp;&nbsp;&nbsp;_sputc
<LI><a href="#[ad]">&gt;&gt;</a>&nbsp;&nbsp;&nbsp;_printf_core
</UL>

<P><STRONG><a name="[d0]"></a>__1vsprintf</STRONG> (Thumb, 0 bytes, Stack size 24 bytes, printfa.o(i.__0vsprintf), UNUSED)

<P><STRONG><a name="[d1]"></a>__2vsprintf</STRONG> (Thumb, 0 bytes, Stack size 24 bytes, printfa.o(i.__0vsprintf), UNUSED)

<P><STRONG><a name="[d2]"></a>__c89vsprintf</STRONG> (Thumb, 0 bytes, Stack size 24 bytes, printfa.o(i.__0vsprintf), UNUSED)

<P><STRONG><a name="[bf]"></a>vsprintf</STRONG> (Thumb, 0 bytes, Stack size 24 bytes, printfa.o(i.__0vsprintf))
<BR><BR>[Stack]<UL><LI>Max Depth = 24<LI>Call Chain = vsprintf
</UL>
<BR>[Called By]<UL><LI><a href="#[a4]">&gt;&gt;</a>&nbsp;&nbsp;&nbsp;printf_usart3
<LI><a href="#[a3]">&gt;&gt;</a>&nbsp;&nbsp;&nbsp;printf_usart1
</UL>

<P><STRONG><a name="[be]"></a>__ARM_fpclassify</STRONG> (Thumb, 40 bytes, Stack size 0 bytes, fpclassify.o(i.__ARM_fpclassify))
<BR><BR>[Called By]<UL><LI><a href="#[7e]">&gt;&gt;</a>&nbsp;&nbsp;&nbsp;pow
</UL>

<P><STRONG><a name="[af]"></a>__kernel_poly</STRONG> (Thumb, 170 bytes, Stack size 24 bytes, poly.o(i.__kernel_poly))
<BR><BR>[Stack]<UL><LI>Max Depth = 112<LI>Call Chain = __kernel_poly &rArr; __aeabi_dmul &rArr; _double_epilogue &rArr; _double_round
</UL>
<BR>[Calls]<UL><LI><a href="#[54]">&gt;&gt;</a>&nbsp;&nbsp;&nbsp;__aeabi_dmul
<LI><a href="#[4d]">&gt;&gt;</a>&nbsp;&nbsp;&nbsp;__aeabi_dadd
</UL>
<BR>[Called By]<UL><LI><a href="#[7e]">&gt;&gt;</a>&nbsp;&nbsp;&nbsp;pow
</UL>

<P><STRONG><a name="[b0]"></a>__mathlib_dbl_divzero</STRONG> (Thumb, 12 bytes, Stack size 0 bytes, dunder.o(i.__mathlib_dbl_divzero))
<BR><BR>[Stack]<UL><LI>Max Depth = 40<LI>Call Chain = __mathlib_dbl_divzero &rArr; __aeabi_ddiv &rArr; _double_round
</UL>
<BR>[Calls]<UL><LI><a href="#[5a]">&gt;&gt;</a>&nbsp;&nbsp;&nbsp;__aeabi_ddiv
</UL>
<BR>[Called By]<UL><LI><a href="#[7e]">&gt;&gt;</a>&nbsp;&nbsp;&nbsp;pow
</UL>

<P><STRONG><a name="[b1]"></a>__mathlib_dbl_infnan2</STRONG> (Thumb, 4 bytes, Stack size 0 bytes, dunder.o(i.__mathlib_dbl_infnan2))
<BR><BR>[Stack]<UL><LI>Max Depth = 88<LI>Call Chain = __mathlib_dbl_infnan2 &rArr; __aeabi_dadd &rArr; _double_epilogue &rArr; _double_round
</UL>
<BR>[Calls]<UL><LI><a href="#[4d]">&gt;&gt;</a>&nbsp;&nbsp;&nbsp;__aeabi_dadd
</UL>
<BR>[Called By]<UL><LI><a href="#[7e]">&gt;&gt;</a>&nbsp;&nbsp;&nbsp;pow
</UL>

<P><STRONG><a name="[b2]"></a>__mathlib_dbl_invalid</STRONG> (Thumb, 12 bytes, Stack size 0 bytes, dunder.o(i.__mathlib_dbl_invalid))
<BR><BR>[Stack]<UL><LI>Max Depth = 40<LI>Call Chain = __mathlib_dbl_invalid &rArr; __aeabi_ddiv &rArr; _double_round
</UL>
<BR>[Calls]<UL><LI><a href="#[5a]">&gt;&gt;</a>&nbsp;&nbsp;&nbsp;__aeabi_ddiv
</UL>
<BR>[Called By]<UL><LI><a href="#[7e]">&gt;&gt;</a>&nbsp;&nbsp;&nbsp;pow
</UL>

<P><STRONG><a name="[b3]"></a>__mathlib_dbl_overflow</STRONG> (Thumb, 14 bytes, Stack size 0 bytes, dunder.o(i.__mathlib_dbl_overflow))
<BR><BR>[Stack]<UL><LI>Max Depth = 16<LI>Call Chain = __mathlib_dbl_overflow &rArr; __ARM_scalbn
</UL>
<BR>[Calls]<UL><LI><a href="#[b4]">&gt;&gt;</a>&nbsp;&nbsp;&nbsp;__ARM_scalbn
</UL>
<BR>[Called By]<UL><LI><a href="#[7e]">&gt;&gt;</a>&nbsp;&nbsp;&nbsp;pow
</UL>

<P><STRONG><a name="[b5]"></a>__mathlib_dbl_underflow</STRONG> (Thumb, 10 bytes, Stack size 0 bytes, dunder.o(i.__mathlib_dbl_underflow))
<BR><BR>[Stack]<UL><LI>Max Depth = 16<LI>Call Chain = __mathlib_dbl_underflow &rArr; __ARM_scalbn
</UL>
<BR>[Calls]<UL><LI><a href="#[b4]">&gt;&gt;</a>&nbsp;&nbsp;&nbsp;__ARM_scalbn
</UL>
<BR>[Called By]<UL><LI><a href="#[7e]">&gt;&gt;</a>&nbsp;&nbsp;&nbsp;pow
</UL>

<P><STRONG><a name="[d3]"></a>__scatterload_copy</STRONG> (Thumb, 14 bytes, Stack size unknown bytes, handlers.o(i.__scatterload_copy), UNUSED)

<P><STRONG><a name="[d4]"></a>__scatterload_null</STRONG> (Thumb, 2 bytes, Stack size unknown bytes, handlers.o(i.__scatterload_null), UNUSED)

<P><STRONG><a name="[d5]"></a>__scatterload_zeroinit</STRONG> (Thumb, 14 bytes, Stack size unknown bytes, handlers.o(i.__scatterload_zeroinit), UNUSED)

<P><STRONG><a name="[bc]"></a>__set_errno</STRONG> (Thumb, 6 bytes, Stack size 0 bytes, errno.o(i.__set_errno))
<BR><BR>[Called By]<UL><LI><a href="#[7e]">&gt;&gt;</a>&nbsp;&nbsp;&nbsp;pow
<LI><a href="#[bd]">&gt;&gt;</a>&nbsp;&nbsp;&nbsp;sqrt
</UL>

<P><STRONG><a name="[49]"></a>fputc</STRONG> (Thumb, 44 bytes, Stack size 16 bytes, usart.o(i.fputc))
<BR><BR>[Stack]<UL><LI>Max Depth = 16<LI>Call Chain = fputc
</UL>
<BR>[Calls]<UL><LI><a href="#[a9]">&gt;&gt;</a>&nbsp;&nbsp;&nbsp;USART_SendData
<LI><a href="#[aa]">&gt;&gt;</a>&nbsp;&nbsp;&nbsp;USART_GetFlagStatus
</UL>
<BR>[Address Reference Count : 1]<UL><LI> printfa.o(i.__0printf)
</UL>
<P><STRONG><a name="[79]"></a>getKey</STRONG> (Thumb, 36 bytes, Stack size 8 bytes, bsp_key.o(i.getKey))
<BR><BR>[Stack]<UL><LI>Max Depth = 112<LI>Call Chain = getKey &rArr; Key_Scan &rArr; getKeyIO &rArr; KEY16_GPIODETECTION &rArr; GPIO_Config &rArr; GPIO_Init
</UL>
<BR>[Calls]<UL><LI><a href="#[8b]">&gt;&gt;</a>&nbsp;&nbsp;&nbsp;Key_Scan
</UL>
<BR>[Called By]<UL><LI><a href="#[66]">&gt;&gt;</a>&nbsp;&nbsp;&nbsp;GetKeyValue
<LI><a href="#[77]">&gt;&gt;</a>&nbsp;&nbsp;&nbsp;FingerProcess
</UL>

<P><STRONG><a name="[8c]"></a>getKeyIO</STRONG> (Thumb, 14 bytes, Stack size 8 bytes, bsp_key.o(i.getKeyIO))
<BR><BR>[Stack]<UL><LI>Max Depth = 80<LI>Call Chain = getKeyIO &rArr; KEY16_GPIODETECTION &rArr; GPIO_Config &rArr; GPIO_Init
</UL>
<BR>[Calls]<UL><LI><a href="#[89]">&gt;&gt;</a>&nbsp;&nbsp;&nbsp;KEY16_GPIODETECTION
</UL>
<BR>[Called By]<UL><LI><a href="#[8b]">&gt;&gt;</a>&nbsp;&nbsp;&nbsp;Key_Scan
</UL>

<P><STRONG><a name="[bb]"></a>loop</STRONG> (Thumb, 20 bytes, Stack size 0 bytes, loop.o(i.loop))
<BR><BR>[Stack]<UL><LI>Max Depth = 336<LI>Call Chain = loop &rArr; FingerProcess &rArr; Add_FR &rArr; GetKeyValue &rArr; pow &rArr; __kernel_poly &rArr; __aeabi_dmul &rArr; _double_epilogue &rArr; _double_round
</UL>
<BR>[Calls]<UL><LI><a href="#[9a]">&gt;&gt;</a>&nbsp;&nbsp;&nbsp;PS_StaGPIO_Init
<LI><a href="#[77]">&gt;&gt;</a>&nbsp;&nbsp;&nbsp;FingerProcess
<LI><a href="#[74]">&gt;&gt;</a>&nbsp;&nbsp;&nbsp;FingerPrintConnect
<LI><a href="#[8d]">&gt;&gt;</a>&nbsp;&nbsp;&nbsp;LedFlash
</UL>
<BR>[Called By]<UL><LI><a href="#[46]">&gt;&gt;</a>&nbsp;&nbsp;&nbsp;main
</UL>

<P><STRONG><a name="[46]"></a>main</STRONG> (Thumb, 12 bytes, Stack size 0 bytes, loop.o(i.main))
<BR><BR>[Stack]<UL><LI>Max Depth = 336<LI>Call Chain = main &rArr; loop &rArr; FingerProcess &rArr; Add_FR &rArr; GetKeyValue &rArr; pow &rArr; __kernel_poly &rArr; __aeabi_dmul &rArr; _double_epilogue &rArr; _double_round
</UL>
<BR>[Calls]<UL><LI><a href="#[bb]">&gt;&gt;</a>&nbsp;&nbsp;&nbsp;loop
<LI><a href="#[86]">&gt;&gt;</a>&nbsp;&nbsp;&nbsp;Initial_Run
<LI><a href="#[7f]">&gt;&gt;</a>&nbsp;&nbsp;&nbsp;Init
</UL>
<BR>[Address Reference Count : 1]<UL><LI> entry9a.o(.ARM.Collect$$$$0000000B)
</UL>
<P><STRONG><a name="[7e]"></a>pow</STRONG> (Thumb, 2512 bytes, Stack size 128 bytes, pow.o(i.pow))
<BR><BR>[Stack]<UL><LI>Max Depth = 240<LI>Call Chain = pow &rArr; __kernel_poly &rArr; __aeabi_dmul &rArr; _double_epilogue &rArr; _double_round
</UL>
<BR>[Calls]<UL><LI><a href="#[52]">&gt;&gt;</a>&nbsp;&nbsp;&nbsp;__aeabi_dsub
<LI><a href="#[53]">&gt;&gt;</a>&nbsp;&nbsp;&nbsp;__aeabi_drsub
<LI><a href="#[5a]">&gt;&gt;</a>&nbsp;&nbsp;&nbsp;__aeabi_ddiv
<LI><a href="#[b7]">&gt;&gt;</a>&nbsp;&nbsp;&nbsp;__aeabi_cdrcmple
<LI><a href="#[b4]">&gt;&gt;</a>&nbsp;&nbsp;&nbsp;__ARM_scalbn
<LI><a href="#[55]">&gt;&gt;</a>&nbsp;&nbsp;&nbsp;__aeabi_i2d
<LI><a href="#[54]">&gt;&gt;</a>&nbsp;&nbsp;&nbsp;__aeabi_dmul
<LI><a href="#[4d]">&gt;&gt;</a>&nbsp;&nbsp;&nbsp;__aeabi_dadd
<LI><a href="#[bc]">&gt;&gt;</a>&nbsp;&nbsp;&nbsp;__set_errno
<LI><a href="#[bd]">&gt;&gt;</a>&nbsp;&nbsp;&nbsp;sqrt
<LI><a href="#[af]">&gt;&gt;</a>&nbsp;&nbsp;&nbsp;__kernel_poly
<LI><a href="#[be]">&gt;&gt;</a>&nbsp;&nbsp;&nbsp;__ARM_fpclassify
<LI><a href="#[b5]">&gt;&gt;</a>&nbsp;&nbsp;&nbsp;__mathlib_dbl_underflow
<LI><a href="#[b3]">&gt;&gt;</a>&nbsp;&nbsp;&nbsp;__mathlib_dbl_overflow
<LI><a href="#[b2]">&gt;&gt;</a>&nbsp;&nbsp;&nbsp;__mathlib_dbl_invalid
<LI><a href="#[b1]">&gt;&gt;</a>&nbsp;&nbsp;&nbsp;__mathlib_dbl_infnan2
<LI><a href="#[b0]">&gt;&gt;</a>&nbsp;&nbsp;&nbsp;__mathlib_dbl_divzero
</UL>
<BR>[Called By]<UL><LI><a href="#[66]">&gt;&gt;</a>&nbsp;&nbsp;&nbsp;GetKeyValue
</UL>

<P><STRONG><a name="[78]"></a>press_FR</STRONG> (Thumb, 78 bytes, Stack size 16 bytes, fingerprint.o(i.press_FR))
<BR><BR>[Stack]<UL><LI>Max Depth = 84<LI>Call Chain = press_FR &rArr; PS_HighSpeedSearch &rArr; JudgeStr &rArr; strstr
</UL>
<BR>[Calls]<UL><LI><a href="#[62]">&gt;&gt;</a>&nbsp;&nbsp;&nbsp;ShowErrMessage
<LI><a href="#[98]">&gt;&gt;</a>&nbsp;&nbsp;&nbsp;PS_HighSpeedSearch
<LI><a href="#[60]">&gt;&gt;</a>&nbsp;&nbsp;&nbsp;PS_GetImage
<LI><a href="#[61]">&gt;&gt;</a>&nbsp;&nbsp;&nbsp;PS_GenChar
<LI><a href="#[5f]">&gt;&gt;</a>&nbsp;&nbsp;&nbsp;__2printf
</UL>
<BR>[Called By]<UL><LI><a href="#[77]">&gt;&gt;</a>&nbsp;&nbsp;&nbsp;FingerProcess
</UL>

<P><STRONG><a name="[a3]"></a>printf_usart1</STRONG> (Thumb, 38 bytes, Stack size 152 bytes, usart.o(i.printf_usart1))
<BR><BR>[Stack]<UL><LI>Max Depth = 184<LI>Call Chain = printf_usart1 &rArr; USART_Send_String &rArr; USART_Send_Byte
</UL>
<BR>[Calls]<UL><LI><a href="#[ab]">&gt;&gt;</a>&nbsp;&nbsp;&nbsp;USART_Send_String
<LI><a href="#[bf]">&gt;&gt;</a>&nbsp;&nbsp;&nbsp;vsprintf
</UL>
<BR>[Called By]<UL><LI><a href="#[2f]">&gt;&gt;</a>&nbsp;&nbsp;&nbsp;USART1_IRQHandler
</UL>

<P><STRONG><a name="[a4]"></a>printf_usart3</STRONG> (Thumb, 38 bytes, Stack size 152 bytes, usart.o(i.printf_usart3))
<BR><BR>[Stack]<UL><LI>Max Depth = 184<LI>Call Chain = printf_usart3 &rArr; USART_Send_String &rArr; USART_Send_Byte
</UL>
<BR>[Calls]<UL><LI><a href="#[ab]">&gt;&gt;</a>&nbsp;&nbsp;&nbsp;USART_Send_String
<LI><a href="#[bf]">&gt;&gt;</a>&nbsp;&nbsp;&nbsp;vsprintf
</UL>
<BR>[Called By]<UL><LI><a href="#[31]">&gt;&gt;</a>&nbsp;&nbsp;&nbsp;USART3_IRQHandler
</UL>

<P><STRONG><a name="[bd]"></a>sqrt</STRONG> (Thumb, 76 bytes, Stack size 24 bytes, sqrt.o(i.sqrt))
<BR><BR>[Stack]<UL><LI>Max Depth = 64<LI>Call Chain = sqrt &rArr; _dsqrt &rArr; _double_round
</UL>
<BR>[Calls]<UL><LI><a href="#[bc]">&gt;&gt;</a>&nbsp;&nbsp;&nbsp;__set_errno
<LI><a href="#[5d]">&gt;&gt;</a>&nbsp;&nbsp;&nbsp;_dsqrt
</UL>
<BR>[Called By]<UL><LI><a href="#[7e]">&gt;&gt;</a>&nbsp;&nbsp;&nbsp;pow
</UL>
<P>
<H3>
Local Symbols
</H3>
<P><STRONG><a name="[9b]"></a>SetSysClock</STRONG> (Thumb, 8 bytes, Stack size 8 bytes, system_stm32f10x.o(i.SetSysClock))
<BR><BR>[Stack]<UL><LI>Max Depth = 20<LI>Call Chain = SetSysClock &rArr; SetSysClockTo72
</UL>
<BR>[Calls]<UL><LI><a href="#[9c]">&gt;&gt;</a>&nbsp;&nbsp;&nbsp;SetSysClockTo72
</UL>
<BR>[Called By]<UL><LI><a href="#[47]">&gt;&gt;</a>&nbsp;&nbsp;&nbsp;SystemInit
</UL>

<P><STRONG><a name="[9c]"></a>SetSysClockTo72</STRONG> (Thumb, 214 bytes, Stack size 12 bytes, system_stm32f10x.o(i.SetSysClockTo72))
<BR><BR>[Stack]<UL><LI>Max Depth = 12<LI>Call Chain = SetSysClockTo72
</UL>
<BR>[Called By]<UL><LI><a href="#[9b]">&gt;&gt;</a>&nbsp;&nbsp;&nbsp;SetSysClock
</UL>

<P><STRONG><a name="[87]"></a>JudgeStr</STRONG> (Thumb, 132 bytes, Stack size 24 bytes, as608.o(i.JudgeStr))
<BR><BR>[Stack]<UL><LI>Max Depth = 36<LI>Call Chain = JudgeStr &rArr; strstr
</UL>
<BR>[Calls]<UL><LI><a href="#[88]">&gt;&gt;</a>&nbsp;&nbsp;&nbsp;strstr
<LI><a href="#[64]">&gt;&gt;</a>&nbsp;&nbsp;&nbsp;Delay_usms
</UL>
<BR>[Called By]<UL><LI><a href="#[68]">&gt;&gt;</a>&nbsp;&nbsp;&nbsp;PS_ValidTempleteNum
<LI><a href="#[67]">&gt;&gt;</a>&nbsp;&nbsp;&nbsp;PS_StoreChar
<LI><a href="#[65]">&gt;&gt;</a>&nbsp;&nbsp;&nbsp;PS_RegModel
<LI><a href="#[76]">&gt;&gt;</a>&nbsp;&nbsp;&nbsp;PS_ReadSysPara
<LI><a href="#[63]">&gt;&gt;</a>&nbsp;&nbsp;&nbsp;PS_Match
<LI><a href="#[98]">&gt;&gt;</a>&nbsp;&nbsp;&nbsp;PS_HighSpeedSearch
<LI><a href="#[60]">&gt;&gt;</a>&nbsp;&nbsp;&nbsp;PS_GetImage
<LI><a href="#[61]">&gt;&gt;</a>&nbsp;&nbsp;&nbsp;PS_GenChar
<LI><a href="#[73]">&gt;&gt;</a>&nbsp;&nbsp;&nbsp;PS_Empty
</UL>

<P><STRONG><a name="[97]"></a>MYUSART_SendData</STRONG> (Thumb, 22 bytes, Stack size 0 bytes, as608.o(i.MYUSART_SendData))
<BR><BR>[Called By]<UL><LI><a href="#[67]">&gt;&gt;</a>&nbsp;&nbsp;&nbsp;PS_StoreChar
<LI><a href="#[98]">&gt;&gt;</a>&nbsp;&nbsp;&nbsp;PS_HighSpeedSearch
<LI><a href="#[75]">&gt;&gt;</a>&nbsp;&nbsp;&nbsp;PS_HandShake
<LI><a href="#[61]">&gt;&gt;</a>&nbsp;&nbsp;&nbsp;PS_GenChar
<LI><a href="#[95]">&gt;&gt;</a>&nbsp;&nbsp;&nbsp;Sendcmd
<LI><a href="#[94]">&gt;&gt;</a>&nbsp;&nbsp;&nbsp;SendLength
<LI><a href="#[91]">&gt;&gt;</a>&nbsp;&nbsp;&nbsp;SendHead
<LI><a href="#[93]">&gt;&gt;</a>&nbsp;&nbsp;&nbsp;SendFlag
<LI><a href="#[96]">&gt;&gt;</a>&nbsp;&nbsp;&nbsp;SendCheck
<LI><a href="#[92]">&gt;&gt;</a>&nbsp;&nbsp;&nbsp;SendAddr
</UL>

<P><STRONG><a name="[92]"></a>SendAddr</STRONG> (Thumb, 46 bytes, Stack size 8 bytes, as608.o(i.SendAddr))
<BR><BR>[Stack]<UL><LI>Max Depth = 8<LI>Call Chain = SendAddr
</UL>
<BR>[Calls]<UL><LI><a href="#[97]">&gt;&gt;</a>&nbsp;&nbsp;&nbsp;MYUSART_SendData
</UL>
<BR>[Called By]<UL><LI><a href="#[68]">&gt;&gt;</a>&nbsp;&nbsp;&nbsp;PS_ValidTempleteNum
<LI><a href="#[67]">&gt;&gt;</a>&nbsp;&nbsp;&nbsp;PS_StoreChar
<LI><a href="#[65]">&gt;&gt;</a>&nbsp;&nbsp;&nbsp;PS_RegModel
<LI><a href="#[76]">&gt;&gt;</a>&nbsp;&nbsp;&nbsp;PS_ReadSysPara
<LI><a href="#[63]">&gt;&gt;</a>&nbsp;&nbsp;&nbsp;PS_Match
<LI><a href="#[98]">&gt;&gt;</a>&nbsp;&nbsp;&nbsp;PS_HighSpeedSearch
<LI><a href="#[75]">&gt;&gt;</a>&nbsp;&nbsp;&nbsp;PS_HandShake
<LI><a href="#[60]">&gt;&gt;</a>&nbsp;&nbsp;&nbsp;PS_GetImage
<LI><a href="#[61]">&gt;&gt;</a>&nbsp;&nbsp;&nbsp;PS_GenChar
<LI><a href="#[73]">&gt;&gt;</a>&nbsp;&nbsp;&nbsp;PS_Empty
</UL>

<P><STRONG><a name="[96]"></a>SendCheck</STRONG> (Thumb, 18 bytes, Stack size 8 bytes, as608.o(i.SendCheck))
<BR><BR>[Stack]<UL><LI>Max Depth = 8<LI>Call Chain = SendCheck
</UL>
<BR>[Calls]<UL><LI><a href="#[97]">&gt;&gt;</a>&nbsp;&nbsp;&nbsp;MYUSART_SendData
</UL>
<BR>[Called By]<UL><LI><a href="#[68]">&gt;&gt;</a>&nbsp;&nbsp;&nbsp;PS_ValidTempleteNum
<LI><a href="#[67]">&gt;&gt;</a>&nbsp;&nbsp;&nbsp;PS_StoreChar
<LI><a href="#[65]">&gt;&gt;</a>&nbsp;&nbsp;&nbsp;PS_RegModel
<LI><a href="#[76]">&gt;&gt;</a>&nbsp;&nbsp;&nbsp;PS_ReadSysPara
<LI><a href="#[63]">&gt;&gt;</a>&nbsp;&nbsp;&nbsp;PS_Match
<LI><a href="#[98]">&gt;&gt;</a>&nbsp;&nbsp;&nbsp;PS_HighSpeedSearch
<LI><a href="#[60]">&gt;&gt;</a>&nbsp;&nbsp;&nbsp;PS_GetImage
<LI><a href="#[61]">&gt;&gt;</a>&nbsp;&nbsp;&nbsp;PS_GenChar
<LI><a href="#[73]">&gt;&gt;</a>&nbsp;&nbsp;&nbsp;PS_Empty
</UL>

<P><STRONG><a name="[93]"></a>SendFlag</STRONG> (Thumb, 12 bytes, Stack size 8 bytes, as608.o(i.SendFlag))
<BR><BR>[Stack]<UL><LI>Max Depth = 8<LI>Call Chain = SendFlag
</UL>
<BR>[Calls]<UL><LI><a href="#[97]">&gt;&gt;</a>&nbsp;&nbsp;&nbsp;MYUSART_SendData
</UL>
<BR>[Called By]<UL><LI><a href="#[68]">&gt;&gt;</a>&nbsp;&nbsp;&nbsp;PS_ValidTempleteNum
<LI><a href="#[67]">&gt;&gt;</a>&nbsp;&nbsp;&nbsp;PS_StoreChar
<LI><a href="#[65]">&gt;&gt;</a>&nbsp;&nbsp;&nbsp;PS_RegModel
<LI><a href="#[76]">&gt;&gt;</a>&nbsp;&nbsp;&nbsp;PS_ReadSysPara
<LI><a href="#[63]">&gt;&gt;</a>&nbsp;&nbsp;&nbsp;PS_Match
<LI><a href="#[98]">&gt;&gt;</a>&nbsp;&nbsp;&nbsp;PS_HighSpeedSearch
<LI><a href="#[60]">&gt;&gt;</a>&nbsp;&nbsp;&nbsp;PS_GetImage
<LI><a href="#[61]">&gt;&gt;</a>&nbsp;&nbsp;&nbsp;PS_GenChar
<LI><a href="#[73]">&gt;&gt;</a>&nbsp;&nbsp;&nbsp;PS_Empty
</UL>

<P><STRONG><a name="[91]"></a>SendHead</STRONG> (Thumb, 16 bytes, Stack size 8 bytes, as608.o(i.SendHead))
<BR><BR>[Stack]<UL><LI>Max Depth = 8<LI>Call Chain = SendHead
</UL>
<BR>[Calls]<UL><LI><a href="#[97]">&gt;&gt;</a>&nbsp;&nbsp;&nbsp;MYUSART_SendData
</UL>
<BR>[Called By]<UL><LI><a href="#[68]">&gt;&gt;</a>&nbsp;&nbsp;&nbsp;PS_ValidTempleteNum
<LI><a href="#[67]">&gt;&gt;</a>&nbsp;&nbsp;&nbsp;PS_StoreChar
<LI><a href="#[65]">&gt;&gt;</a>&nbsp;&nbsp;&nbsp;PS_RegModel
<LI><a href="#[76]">&gt;&gt;</a>&nbsp;&nbsp;&nbsp;PS_ReadSysPara
<LI><a href="#[63]">&gt;&gt;</a>&nbsp;&nbsp;&nbsp;PS_Match
<LI><a href="#[98]">&gt;&gt;</a>&nbsp;&nbsp;&nbsp;PS_HighSpeedSearch
<LI><a href="#[75]">&gt;&gt;</a>&nbsp;&nbsp;&nbsp;PS_HandShake
<LI><a href="#[60]">&gt;&gt;</a>&nbsp;&nbsp;&nbsp;PS_GetImage
<LI><a href="#[61]">&gt;&gt;</a>&nbsp;&nbsp;&nbsp;PS_GenChar
<LI><a href="#[73]">&gt;&gt;</a>&nbsp;&nbsp;&nbsp;PS_Empty
</UL>

<P><STRONG><a name="[94]"></a>SendLength</STRONG> (Thumb, 20 bytes, Stack size 8 bytes, as608.o(i.SendLength))
<BR><BR>[Stack]<UL><LI>Max Depth = 8<LI>Call Chain = SendLength
</UL>
<BR>[Calls]<UL><LI><a href="#[97]">&gt;&gt;</a>&nbsp;&nbsp;&nbsp;MYUSART_SendData
</UL>
<BR>[Called By]<UL><LI><a href="#[68]">&gt;&gt;</a>&nbsp;&nbsp;&nbsp;PS_ValidTempleteNum
<LI><a href="#[67]">&gt;&gt;</a>&nbsp;&nbsp;&nbsp;PS_StoreChar
<LI><a href="#[65]">&gt;&gt;</a>&nbsp;&nbsp;&nbsp;PS_RegModel
<LI><a href="#[76]">&gt;&gt;</a>&nbsp;&nbsp;&nbsp;PS_ReadSysPara
<LI><a href="#[63]">&gt;&gt;</a>&nbsp;&nbsp;&nbsp;PS_Match
<LI><a href="#[98]">&gt;&gt;</a>&nbsp;&nbsp;&nbsp;PS_HighSpeedSearch
<LI><a href="#[60]">&gt;&gt;</a>&nbsp;&nbsp;&nbsp;PS_GetImage
<LI><a href="#[61]">&gt;&gt;</a>&nbsp;&nbsp;&nbsp;PS_GenChar
<LI><a href="#[73]">&gt;&gt;</a>&nbsp;&nbsp;&nbsp;PS_Empty
</UL>

<P><STRONG><a name="[95]"></a>Sendcmd</STRONG> (Thumb, 12 bytes, Stack size 8 bytes, as608.o(i.Sendcmd))
<BR><BR>[Stack]<UL><LI>Max Depth = 8<LI>Call Chain = Sendcmd
</UL>
<BR>[Calls]<UL><LI><a href="#[97]">&gt;&gt;</a>&nbsp;&nbsp;&nbsp;MYUSART_SendData
</UL>
<BR>[Called By]<UL><LI><a href="#[68]">&gt;&gt;</a>&nbsp;&nbsp;&nbsp;PS_ValidTempleteNum
<LI><a href="#[67]">&gt;&gt;</a>&nbsp;&nbsp;&nbsp;PS_StoreChar
<LI><a href="#[65]">&gt;&gt;</a>&nbsp;&nbsp;&nbsp;PS_RegModel
<LI><a href="#[76]">&gt;&gt;</a>&nbsp;&nbsp;&nbsp;PS_ReadSysPara
<LI><a href="#[63]">&gt;&gt;</a>&nbsp;&nbsp;&nbsp;PS_Match
<LI><a href="#[98]">&gt;&gt;</a>&nbsp;&nbsp;&nbsp;PS_HighSpeedSearch
<LI><a href="#[60]">&gt;&gt;</a>&nbsp;&nbsp;&nbsp;PS_GetImage
<LI><a href="#[61]">&gt;&gt;</a>&nbsp;&nbsp;&nbsp;PS_GenChar
<LI><a href="#[73]">&gt;&gt;</a>&nbsp;&nbsp;&nbsp;PS_Empty
</UL>

<P><STRONG><a name="[8f]"></a>NVIC_Configuration</STRONG> (Thumb, 100 bytes, Stack size 8 bytes, usart.o(i.NVIC_Configuration))
<BR><BR>[Stack]<UL><LI>Max Depth = 28<LI>Call Chain = NVIC_Configuration &rArr; USART_ITConfig
</UL>
<BR>[Calls]<UL><LI><a href="#[80]">&gt;&gt;</a>&nbsp;&nbsp;&nbsp;NVIC_PriorityGroupConfig
<LI><a href="#[8e]">&gt;&gt;</a>&nbsp;&nbsp;&nbsp;NVIC_Init
<LI><a href="#[90]">&gt;&gt;</a>&nbsp;&nbsp;&nbsp;USART_ITConfig
</UL>
<BR>[Called By]<UL><LI><a href="#[81]">&gt;&gt;</a>&nbsp;&nbsp;&nbsp;USART_Config
</UL>

<P><STRONG><a name="[b6]"></a>_fp_digits</STRONG> (Thumb, 366 bytes, Stack size 64 bytes, printfa.o(i._fp_digits), UNUSED)
<BR><BR>[Calls]<UL><LI><a href="#[5a]">&gt;&gt;</a>&nbsp;&nbsp;&nbsp;__aeabi_ddiv
<LI><a href="#[b7]">&gt;&gt;</a>&nbsp;&nbsp;&nbsp;__aeabi_cdrcmple
<LI><a href="#[54]">&gt;&gt;</a>&nbsp;&nbsp;&nbsp;__aeabi_dmul
<LI><a href="#[4d]">&gt;&gt;</a>&nbsp;&nbsp;&nbsp;__aeabi_dadd
<LI><a href="#[59]">&gt;&gt;</a>&nbsp;&nbsp;&nbsp;__aeabi_uldivmod
<LI><a href="#[5b]">&gt;&gt;</a>&nbsp;&nbsp;&nbsp;__aeabi_d2ulz
</UL>
<BR>[Called By]<UL><LI><a href="#[ad]">&gt;&gt;</a>&nbsp;&nbsp;&nbsp;_printf_core
</UL>

<P><STRONG><a name="[ad]"></a>_printf_core</STRONG> (Thumb, 1744 bytes, Stack size 136 bytes, printfa.o(i._printf_core), UNUSED)
<BR><BR>[Calls]<UL><LI><a href="#[59]">&gt;&gt;</a>&nbsp;&nbsp;&nbsp;__aeabi_uldivmod
<LI><a href="#[ba]">&gt;&gt;</a>&nbsp;&nbsp;&nbsp;__aeabi_uidivmod
<LI><a href="#[b8]">&gt;&gt;</a>&nbsp;&nbsp;&nbsp;_printf_pre_padding
<LI><a href="#[b9]">&gt;&gt;</a>&nbsp;&nbsp;&nbsp;_printf_post_padding
<LI><a href="#[b6]">&gt;&gt;</a>&nbsp;&nbsp;&nbsp;_fp_digits
</UL>
<BR>[Called By]<UL><LI><a href="#[ae]">&gt;&gt;</a>&nbsp;&nbsp;&nbsp;__0vsprintf
<LI><a href="#[ac]">&gt;&gt;</a>&nbsp;&nbsp;&nbsp;__0printf
</UL>

<P><STRONG><a name="[b9]"></a>_printf_post_padding</STRONG> (Thumb, 36 bytes, Stack size 24 bytes, printfa.o(i._printf_post_padding), UNUSED)
<BR><BR>[Called By]<UL><LI><a href="#[ad]">&gt;&gt;</a>&nbsp;&nbsp;&nbsp;_printf_core
</UL>

<P><STRONG><a name="[b8]"></a>_printf_pre_padding</STRONG> (Thumb, 46 bytes, Stack size 24 bytes, printfa.o(i._printf_pre_padding), UNUSED)
<BR><BR>[Called By]<UL><LI><a href="#[ad]">&gt;&gt;</a>&nbsp;&nbsp;&nbsp;_printf_core
</UL>

<P><STRONG><a name="[4a]"></a>_sputc</STRONG> (Thumb, 10 bytes, Stack size 0 bytes, printfa.o(i._sputc))
<BR><BR>[Called By]<UL><LI><a href="#[ae]">&gt;&gt;</a>&nbsp;&nbsp;&nbsp;__0vsprintf
</UL>
<BR>[Address Reference Count : 1]<UL><LI> printfa.o(i.__0vsprintf)
</UL><P>
<H3>
Undefined Global Symbols
</H3><HR></body></html>
